data file: /Users/daniel/github/skeletal-polytopes/research/petcox-facet-extensions/audits/fable-ultra-equivalence/build/producer/research/petcox-facet-extensions/logs/alpha-survivors.g
records: 24

########## row {4,3,3} ##########
all records share S1,S2: true; |G| = 48; -I in G: true
dim anti-space = 1, dim commutant = 1
M0 = [ [ 0, -1, 1, 1 ], [ -1, 1, 0, 1 ], [ 1, 0, -1, 1 ], [ 1, 1, 1, 0 ] ]
M0 M0^T = mu I: true; mu = 3; det M0 = 9 (= +mu^2: true, = -mu^2: false); M0^2 = mu I: true, M0^2 = -mu I: false
v0 = [ 1, 1, 1, 1 ], v3 = [ 0, 0, 0, 1 ]; consistency w = t v0 + v3 for all records: true
rho = |v0|/|v3| = 2; rho^2 = |v0|^2/|v3|^2: true; alpha = 1/(1+t rho) for all records: true
M0 on Pi in basis (v0,v3): [ [ 1, 2 ], [ 1, -1 ] ]; det on Pi = -3; trace = 0
fixed-point quadratic: 2 t^2 + (-2) t - (1) = 0; discriminant = 12
fixed t (exact, in CF(120)): [ -1/2*E(12)^4+1/2*E(12)^7-1/2*E(12)^8-1/2*E(12)^11, -1/2*E(12)^4-1/2*E(12)^7-1/2*E(12)^8+1/2*E(12)^11 ]  -> fixed alpha: [ -2*E(12)^4-E(12)^7-2*E(12)^8+E(12)^11, -2*E(12)^4+E(12)^7-2*E(12)^8-E(12)^11 ] ~ [ 3.732050807568877, 0.2679491924311237 ]
  L3-{4,3,3}-1: t = 1/2 (alpha ~ 0.5) -> t' = infinity (alpha' ~ 0.) partner: [ "L3-{4,3,3}-6" ]
  L3-{4,3,3}-2: t = -1/4 (alpha ~ 2.) -> t' = -1/2 (alpha' ~ oo) partner: [ "L3-{4,3,3}-3" ]
  L3-{4,3,3}-3: t = -1/2 (alpha ~ oo) -> t' = -1/4 (alpha' ~ 2.) partner: [ "L3-{4,3,3}-2" ]
  L3-{4,3,3}-6: t = infinity (alpha ~ 0.) -> t' = 1/2 (alpha' ~ 0.5) partner: [ "L3-{4,3,3}-1" ]
  PAIR L3-{4,3,3}-1 -> L3-{4,3,3}-6: w_a M0 = c w_b with c = 3/2 exactly: true
     f-vectors [ 16, 32, 12, 4 ] [ 16, 32, 12, 4 ]; M = M0/c: M M^T = lambda I with lambda = 4/3 (= |w_b|^2/|w_a|^2: true), det M = 16/9 (>0: true)
     structure: V true E true F true C true; lambda = 1 (isometry as stored): false; lambda ~ 1.333333333333333
  PAIR L3-{4,3,3}-2 -> L3-{4,3,3}-3: w_a M0 = c w_b with c = -3/2 exactly: true
     f-vectors [ 16, 32, 12, 4 ] [ 16, 32, 12, 4 ]; M = M0/c: M M^T = lambda I with lambda = 4/3 (= |w_b|^2/|w_a|^2: true), det M = 16/9 (>0: true)
     structure: V true E true F true C true; lambda = 1 (isometry as stored): false; lambda ~ 1.333333333333333

########## row {5,3,3} ##########
all records share S1,S2: true; |G| = 1440; -I in G: true
dim anti-space = 1, dim commutant = 1
M0 = [ [ 2*E(5)+3*E(5)^2+3*E(5)^3+2*E(5)^4, 0, -E(5)-2*E(5)^2-2*E(5)^3-E(5)^4, 1 ], [ 0, -E(5)-E(5)^4, -E(5)^2-E(5)^3, E(5)+3*E(5)^2+3*E(5)^3+E(5)^4 ], [ -E(5)-2*E(5)^2-2*E(5)^3-E(5)^4, -E(5)^2-E(5)^3, -2*E(5)^2-2*E(5)^3, 1 ], [ 1, E(5)+3*E(5)^2+3*E(5)^3+E(5)^4, 1, 1 ] ]
M0 M0^T = mu I: true; mu = -8*E(5)-16*E(5)^2-16*E(5)^3-8*E(5)^4; det M0 = -128*E(5)-320*E(5)^2-320*E(5)^3-128*E(5)^4 (= +mu^2: true, = -mu^2: false); M0^2 = mu I: true, M0^2 = -mu I: false
v0 = [ 2*E(5)+5*E(5)^2+5*E(5)^3+2*E(5)^4, 0, -E(5)-2*E(5)^2-2*E(5)^3-E(5)^4, 1 ], v3 = [ 2*E(5)+5*E(5)^2+5*E(5)^3+2*E(5)^4, 0, 0, 0 ]; consistency w = t v0 + v3 for all records: true
rho = |v0|/|v3| = 4*E(40)^7-4*E(40)^13-2*E(40)^21+4*E(40)^23-2*E(40)^29+2*E(40)^31-4*E(40)^37+2*E(40)^39; rho^2 = |v0|^2/|v3|^2: true; alpha = 1/(1+t rho) for all records: true
M0 on Pi in basis (v0,v3): [ [ 2*E(5)^2+2*E(5)^3, 8*E(5)+4*E(5)^2+4*E(5)^3+8*E(5)^4 ], [ 2*E(5)+5*E(5)^2+5*E(5)^3+2*E(5)^4, -2*E(5)^2-2*E(5)^3 ] ]; det on Pi = 8*E(5)+16*E(5)^2+16*E(5)^3+8*E(5)^4; trace = 0
fixed-point quadratic: 8*E(5)+4*E(5)^2+4*E(5)^3+8*E(5)^4 t^2 + (-4*E(5)^2-4*E(5)^3) t - (2*E(5)+5*E(5)^2+5*E(5)^3+2*E(5)^4) = 0; discriminant = -32*E(5)-64*E(5)^2-64*E(5)^3-32*E(5)^4
fixed t (exact, in CF(120)): [ 1/2*E(40)^7-1/2*E(40)^8-1/2*E(40)^13-3/2*E(40)^16-3/2*E(40)^21+1/2*E(40)^23-3/2*E(40)^24-3/2*E(40)^29+3/2*E(40)^31-1/2*E(40)^32-1/2*E(40)^37+3/2*E(40)^39, -1/2*E(40)^7-1/2*E(40)^8+1/2*E(40)^13-3/2*E(40)^16+3/2*E(40)^21-1/2*E(40)^23-3/2*E(40)^24+3/2*E(40)^29-3/2*E(40)^31-1/2*E(40)^32+1/2*E(40)^37-3/2*E(40)^39 ]  -> fixed alpha: [ -2/3*E(40)^7-1/3*E(40)^8+2/3*E(40)^13-1/3*E(40)^16+1/3*E(40)^21-2/3*E(40)^23-1/3*E(40)^24+1/3*E(40)^29-1/3*E(40)^31-1/3*E(40)^32+2/3*E(40)^37-1/3*E(40)^39, 2*E(40)^7-3*E(40)^8-2*E(40)^13-7*E(40)^16-5*E(40)^21+2*E(40)^23-7*E(40)^24-5*E(40)^29+5*E(40)^31-3*E(40)^32-2*E(40)^37+5*E(40)^39 ] ~ [ 0.1532728288415159, 19.16529991355798 ]
  L3-{5,3,3}-3: t = -1/2*E(5)-3/2*E(5)^2-3/2*E(5)^3-1/2*E(5)^4 (alpha ~ 0.3041135359756636) -> t' = infinity (alpha' ~ 0.) partner: [ "L3-{5,3,3}-8" ]
  L3-{5,3,3}-8: t = infinity (alpha ~ 0.) -> t' = -1/2*E(5)-3/2*E(5)^2-3/2*E(5)^3-1/2*E(5)^4 (alpha' ~ 0.3041135359756636) partner: [ "L3-{5,3,3}-3" ]
  PAIR L3-{5,3,3}-3 -> L3-{5,3,3}-8: w_a M0 = c w_b with c = 4*E(5)+10*E(5)^2+10*E(5)^3+4*E(5)^4 exactly: true
     f-vectors [ 600, 1200, 120, 5 ] [ 600, 1200, 120, 5 ]; M = M0/c: M M^T = lambda I with lambda = -26*E(5)-10*E(5)^2-10*E(5)^3-26*E(5)^4 (= |w_b|^2/|w_a|^2: true), det M = -932*E(5)-356*E(5)^2-356*E(5)^3-932*E(5)^4 (>0: true)
     structure: V true E true F true C true; lambda = 1 (isometry as stored): false; lambda ~ 0.1114561800016851

########## row {5,3,5/2} ##########
all records share S1,S2: true; |G| = 144; -I in G: true
dim anti-space = 1, dim commutant = 1
M0 = [ [ 3/5*E(5)-3/5*E(5)^2-3/5*E(5)^3+3/5*E(5)^4, 0, -4/5*E(5)-11/5*E(5)^2-11/5*E(5)^3-4/5*E(5)^4, -1/5*E(5)-4/5*E(5)^2-4/5*E(5)^3-1/5*E(5)^4 ], [ 0, -3/5*E(5)+3/5*E(5)^2+3/5*E(5)^3-3/5*E(5)^4, -1/5*E(5)-4/5*E(5)^2-4/5*E(5)^3-1/5*E(5)^4, 4/5*E(5)+11/5*E(5)^2+11/5*E(5)^3+4/5*E(5)^4 ], [ -4/5*E(5)-11/5*E(5)^2-11/5*E(5)^3-4/5*E(5)^4, -1/5*E(5)-4/5*E(5)^2-4/5*E(5)^3-1/5*E(5)^4, -1, -2/5*E(5)+2/5*E(5)^2+2/5*E(5)^3-2/5*E(5)^4 ], [ -1/5*E(5)-4/5*E(5)^2-4/5*E(5)^3-1/5*E(5)^4, 4/5*E(5)+11/5*E(5)^2+11/5*E(5)^3+4/5*E(5)^4, -2/5*E(5)+2/5*E(5)^2+2/5*E(5)^3-2/5*E(5)^4, 1 ] ]
M0 M0^T = mu I: true; mu = -24/5*E(5)-48/5*E(5)^2-48/5*E(5)^3-24/5*E(5)^4; det M0 = -1152/25*E(5)-576/5*E(5)^2-576/5*E(5)^3-1152/25*E(5)^4 (= +mu^2: true, = -mu^2: false); M0^2 = mu I: true, M0^2 = -mu I: false
v0 = [ E(5)^2+E(5)^3, 0, -E(5)-2*E(5)^2-2*E(5)^3-E(5)^4, 1 ], v3 = [ E(5)^2+E(5)^3, 0, 0, 0 ]; consistency w = t v0 + v3 for all records: true
rho = |v0|/|v3| = 2; rho^2 = |v0|^2/|v3|^2: true; alpha = 1/(1+t rho) for all records: true
M0 on Pi in basis (v0,v3): [ [ 2*E(5)^2+2*E(5)^3, 12/5*E(5)+8/5*E(5)^2+8/5*E(5)^3+12/5*E(5)^4 ], [ 3/5*E(5)+7/5*E(5)^2+7/5*E(5)^3+3/5*E(5)^4, -2*E(5)^2-2*E(5)^3 ] ]; det on Pi = 24/5*E(5)+48/5*E(5)^2+48/5*E(5)^3+24/5*E(5)^4; trace = 0
fixed-point quadratic: 12/5*E(5)+8/5*E(5)^2+8/5*E(5)^3+12/5*E(5)^4 t^2 + (-4*E(5)^2-4*E(5)^3) t - (3/5*E(5)+7/5*E(5)^2+7/5*E(5)^3+3/5*E(5)^4) = 0; discriminant = -96/5*E(5)-192/5*E(5)^2-192/5*E(5)^3-96/5*E(5)^4
fixed t (exact, in CF(120)): [ E(120)^7+2*E(120)^8+E(120)^13+1/2*E(120)^16-E(120)^23-1/2*E(120)^29+1/2*E(120)^31+2*E(120)^32+E(120)^37-E(120)^47-E(120)^53+1/2*E(120)^56+1/2*E(120)^61+1/2*E(120)^64-1/2*E(120)^71-E(120)^77+1/2*E(120)^79+2*E(120)^88-1/2*E(120)^101+E(120)^103+1/2*E(120)^104+1/2*E(120)^109+2*E(120)^112-1/2*E(120)^119, -E(120)^7+2*E(120)^8-E(120)^13+1/2*E(120)^16+E(120)^23+1/2*E(120)^29-1/2*E(120)^31+2*E(120)^32-E(120)^37+E(120)^47+E(120)^53+1/2*E(120)^56-1/2*E(120)^61+1/2*E(120)^64+1/2*E(120)^71+E(120)^77-1/2*E(120)^79+2*E(120)^88+1/2*E(120)^101-E(120)^103+1/2*E(120)^104-1/2*E(120)^109+2*E(120)^112+1/2*E(120)^119 ]  -> fixed alpha: [ -1/5*E(120)^7+4/5*E(120)^8-1/5*E(120)^13+1/5*E(120)^16+1/5*E(120)^23-1/5*E(120)^29+1/5*E(120)^31+4/5*E(120)^32-1/5*E(120)^37+1/5*E(120)^47+1/5*E(120)^53+1/5*E(120)^56+1/5*E(120)^61+1/5*E(120)^64-1/5*E(120)^71+1/5*E(120)^77+1/5*E(120)^79+4/5*E(120)^88-1/5*E(120)^101-1/5*E(120)^103+1/5*E(120)^104+1/5*E(120)^109+4/5*E(120)^112-1/5*E(120)^119, 1/5*E(120)^7+4/5*E(120)^8+1/5*E(120)^13+1/5*E(120)^16-1/5*E(120)^23+1/5*E(120)^29-1/5*E(120)^31+4/5*E(120)^32+1/5*E(120)^37-1/5*E(120)^47-1/5*E(120)^53+1/5*E(120)^56-1/5*E(120)^61+1/5*E(120)^64+1/5*E(120)^71-1/5*E(120)^77-1/5*E(120)^79+4/5*E(120)^88+1/5*E(120)^101+1/5*E(120)^103+1/5*E(120)^104-1/5*E(120)^109+4/5*E(120)^112+1/5*E(120)^119 ] ~ [ 0.07537527823960463, 2.266265508260268 ]
  L3-{5,3,5/2}-1: t = E(40)^7+3/2*E(40)^8-E(40)^13+3*E(40)^16-2*E(40)^21+E(40)^23+3*E(40)^24-2*E(40)^29+2*E(40)^31+3/2*E(40)^32-E(40)^37+2*E(40)^39 (alpha ~ 1.815487037832028) -> t' = -1/2*E(40)^16+1/2*E(40)^21-1/2*E(40)^24+1/2*E(40)^29-1/2*E(40)^31-1/2*E(40)^39 (alpha' ~ 3.03224755112299) partner: [ "L3-{5,3,5/2}-4" ]
  L3-{5,3,5/2}-2: t = -E(40)^7+3/2*E(40)^8+E(40)^13+3*E(40)^16+2*E(40)^21-E(40)^23+3*E(40)^24+2*E(40)^29-2*E(40)^31+3/2*E(40)^32+E(40)^37-2*E(40)^39 (alpha ~ -0.07013104533209813) -> t' = -1/2*E(40)^16-1/2*E(40)^21-1/2*E(40)^24-1/2*E(40)^29+1/2*E(40)^31+1/2*E(40)^39 (alpha' ~ 0.2038204263767999) partner: [ "L3-{5,3,5/2}-3" ]
  L3-{5,3,5/2}-3: t = -1/2*E(40)^16-1/2*E(40)^21-1/2*E(40)^24-1/2*E(40)^29+1/2*E(40)^31+1/2*E(40)^39 (alpha ~ 0.2038204263767999) -> t' = -E(40)^7+3/2*E(40)^8+E(40)^13+3*E(40)^16+2*E(40)^21-E(40)^23+3*E(40)^24+2*E(40)^29-2*E(40)^31+3/2*E(40)^32+E(40)^37-2*E(40)^39 (alpha' ~ -0.07013104533209813) partner: [ "L3-{5,3,5/2}-2" ]
  L3-{5,3,5/2}-4: t = -1/2*E(40)^16+1/2*E(40)^21-1/2*E(40)^24+1/2*E(40)^29-1/2*E(40)^31-1/2*E(40)^39 (alpha ~ 3.03224755112299) -> t' = E(40)^7+3/2*E(40)^8-E(40)^13+3*E(40)^16-2*E(40)^21+E(40)^23+3*E(40)^24-2*E(40)^29+2*E(40)^31+3/2*E(40)^32-E(40)^37+2*E(40)^39 (alpha' ~ 1.815487037832028) partner: [ "L3-{5,3,5/2}-1" ]
  L3-{5,3,5/2}-5: t = 1/2*E(40)^8+E(40)^16-1/2*E(40)^21+E(40)^24-1/2*E(40)^29+1/2*E(40)^31+1/2*E(40)^32+1/2*E(40)^39 (alpha ~ 1.492066037647537) -> t' = -1/2*E(40)^7+1/2*E(40)^8+1/2*E(40)^13+1/2*E(40)^21-1/2*E(40)^23+1/2*E(40)^29-1/2*E(40)^31+1/2*E(40)^32+1/2*E(40)^37-1/2*E(40)^39 (alpha' ~ 4.906279600020631) partner: [ "L3-{5,3,5/2}-8" ]
  L3-{5,3,5/2}-6: t = 1/2*E(40)^8+E(40)^16+1/2*E(40)^21+E(40)^24+1/2*E(40)^29-1/2*E(40)^31+1/2*E(40)^32-1/2*E(40)^39 (alpha ~ -0.2559980601477475) -> t' = 1/2*E(40)^7+1/2*E(40)^8-1/2*E(40)^13-1/2*E(40)^21+1/2*E(40)^23-1/2*E(40)^29+1/2*E(40)^31+1/2*E(40)^32-1/2*E(40)^37+1/2*E(40)^39 (alpha' ~ 0.3297883774791578) partner: [ "L3-{5,3,5/2}-7" ]
  L3-{5,3,5/2}-7: t = 1/2*E(40)^7+1/2*E(40)^8-1/2*E(40)^13-1/2*E(40)^21+1/2*E(40)^23-1/2*E(40)^29+1/2*E(40)^31+1/2*E(40)^32-1/2*E(40)^37+1/2*E(40)^39 (alpha ~ 0.3297883774791578) -> t' = 1/2*E(40)^8+E(40)^16+1/2*E(40)^21+E(40)^24+1/2*E(40)^29-1/2*E(40)^31+1/2*E(40)^32-1/2*E(40)^39 (alpha' ~ -0.2559980601477475) partner: [ "L3-{5,3,5/2}-6" ]
  L3-{5,3,5/2}-8: t = -1/2*E(40)^7+1/2*E(40)^8+1/2*E(40)^13+1/2*E(40)^21-1/2*E(40)^23+1/2*E(40)^29-1/2*E(40)^31+1/2*E(40)^32+1/2*E(40)^37-1/2*E(40)^39 (alpha ~ 4.906279600020631) -> t' = 1/2*E(40)^8+E(40)^16-1/2*E(40)^21+E(40)^24-1/2*E(40)^29+1/2*E(40)^31+1/2*E(40)^32+1/2*E(40)^39 (alpha' ~ 1.492066037647537) partner: [ "L3-{5,3,5/2}-5" ]
  L3-{5,3,5/2}-9: t = 0 (alpha ~ 1.) -> t' = 1/10*E(5)+2/5*E(5)^2+2/5*E(5)^3+1/10*E(5)^4 (alpha' ~ -5.854101966249684) partner: [ "L3-{5,3,5/2}-12" ]
  L3-{5,3,5/2}-10: t = -1 (alpha ~ -1.) -> t' = 1/2*E(5)+1/2*E(5)^4 (alpha' ~ 0.6180339887498947) partner: [ "L3-{5,3,5/2}-11" ]
  L3-{5,3,5/2}-11: t = 1/2*E(5)+1/2*E(5)^4 (alpha ~ 0.6180339887498947) -> t' = -1 (alpha' ~ -1.) partner: [ "L3-{5,3,5/2}-10" ]
  L3-{5,3,5/2}-12: t = 1/10*E(5)+2/5*E(5)^2+2/5*E(5)^3+1/10*E(5)^4 (alpha ~ -5.854101966249684) -> t' = 0 (alpha' ~ 1.) partner: [ "L3-{5,3,5/2}-9" ]
  L3-{5,3,5/2}-13: t = -1/4 (alpha ~ 2.) -> t' = -1/2*E(5)-1/2*E(5)^4 (alpha' ~ 2.618033988749895) partner: [ "L3-{5,3,5/2}-14" ]
  L3-{5,3,5/2}-14: t = -1/2*E(5)-1/2*E(5)^4 (alpha ~ 2.618033988749895) -> t' = -1/4 (alpha' ~ 2.) partner: [ "L3-{5,3,5/2}-13" ]
  L3-{5,3,5/2}-15: t = -1/2*E(5)-2*E(5)^2-2*E(5)^3-1/2*E(5)^4 (alpha ~ 0.1458980337503162) -> t' = infinity (alpha' ~ 0.) partner: [ "L3-{5,3,5/2}-16" ]
  L3-{5,3,5/2}-16: t = infinity (alpha ~ 0.) -> t' = -1/2*E(5)-2*E(5)^2-2*E(5)^3-1/2*E(5)^4 (alpha' ~ 0.1458980337503162) partner: [ "L3-{5,3,5/2}-15" ]
  PAIR L3-{5,3,5/2}-1 -> L3-{5,3,5/2}-4: w_a M0 = c w_b with c = -8/5*E(40)^7-12/5*E(40)^8+8/5*E(40)^13-28/5*E(40)^16+12/5*E(40)^21-8/5*E(40)^23-28/5*E(40)^24+12/5*E(40)^29-12/5*E(40)^31-12/5*E(40)^32+8/5*E(40)^37-12/5*E(40)^39 exactly: true
     f-vectors [ 240, 480, 120, 20 ] [ 240, 480, 120, 20 ]; M = M0/c: M M^T = lambda I with lambda = 1/3*E(40)^7-5/6*E(40)^8-1/3*E(40)^13-2/3*E(40)^16-1/3*E(40)^21+1/3*E(40)^23-2/3*E(40)^24-1/3*E(40)^29+1/3*E(40)^31-5/6*E(40)^32-1/3*E(40)^37+1/3*E(40)^39 (= |w_b|^2/|w_a|^2: true), det M = 5/9*E(40)^7-17/18*E(40)^8-5/9*E(40)^13-25/36*E(40)^16-4/9*E(40)^21+5/9*E(40)^23-25/36*E(40)^24-4/9*E(40)^29+4/9*E(40)^31-17/18*E(40)^32-5/9*E(40)^37+4/9*E(40)^39 (>0: true)
     structure: V true E true F true C true; lambda = 1 (isometry as stored): false; lambda ~ 1.035065522666049
  PAIR L3-{5,3,5/2}-2 -> L3-{5,3,5/2}-3: w_a M0 = c w_b with c = 8/5*E(40)^7-12/5*E(40)^8-8/5*E(40)^13-28/5*E(40)^16-12/5*E(40)^21+8/5*E(40)^23-28/5*E(40)^24-12/5*E(40)^29+12/5*E(40)^31-12/5*E(40)^32-8/5*E(40)^37+12/5*E(40)^39 exactly: true
     f-vectors [ 240, 480, 120, 20 ] [ 240, 480, 120, 20 ]; M = M0/c: M M^T = lambda I with lambda = -1/3*E(40)^7-5/6*E(40)^8+1/3*E(40)^13-2/3*E(40)^16+1/3*E(40)^21-1/3*E(40)^23-2/3*E(40)^24+1/3*E(40)^29-1/3*E(40)^31-5/6*E(40)^32+1/3*E(40)^37-1/3*E(40)^39 (= |w_b|^2/|w_a|^2: true), det M = -5/9*E(40)^7-17/18*E(40)^8+5/9*E(40)^13-25/36*E(40)^16+4/9*E(40)^21-5/9*E(40)^23-25/36*E(40)^24+4/9*E(40)^29-4/9*E(40)^31-17/18*E(40)^32+5/9*E(40)^37-4/9*E(40)^39 (>0: true)
     structure: V true E true F true C true; lambda = 1 (isometry as stored): false; lambda ~ 0.09225648108398599
  PAIR L3-{5,3,5/2}-5 -> L3-{5,3,5/2}-8: w_a M0 = c w_b with c = 2/5*E(40)^7-4/5*E(40)^8-2/5*E(40)^13-16/5*E(40)^16+2/5*E(40)^21+2/5*E(40)^23-16/5*E(40)^24+2/5*E(40)^29-2/5*E(40)^31-4/5*E(40)^32-2/5*E(40)^37-2/5*E(40)^39 exactly: true
     f-vectors [ 48, 144, 48, 8 ] [ 48, 144, 48, 8 ]; M = M0/c: M M^T = lambda I with lambda = 4/3*E(40)^7-7/3*E(40)^8-4/3*E(40)^13-4/3*E(40)^16-2/3*E(40)^21+4/3*E(40)^23-4/3*E(40)^24-2/3*E(40)^29+2/3*E(40)^31-7/3*E(40)^32-4/3*E(40)^37+2/3*E(40)^39 (= |w_b|^2/|w_a|^2: true), det M = 68/9*E(40)^7-98/9*E(40)^8-68/9*E(40)^13-41/9*E(40)^16-28/9*E(40)^21+68/9*E(40)^23-41/9*E(40)^24-28/9*E(40)^29+28/9*E(40)^31-98/9*E(40)^32-68/9*E(40)^37+28/9*E(40)^39 (>0: true)
     structure: V true E true F true C true; lambda = 1 (isometry as stored): false; lambda ~ 1.075420353567074
  PAIR L3-{5,3,5/2}-6 -> L3-{5,3,5/2}-7: w_a M0 = c w_b with c = -2/5*E(40)^7-4/5*E(40)^8+2/5*E(40)^13-16/5*E(40)^16-2/5*E(40)^21-2/5*E(40)^23-16/5*E(40)^24-2/5*E(40)^29+2/5*E(40)^31-4/5*E(40)^32+2/5*E(40)^37+2/5*E(40)^39 exactly: true
     f-vectors [ 48, 144, 48, 8 ] [ 48, 144, 48, 8 ]; M = M0/c: M M^T = lambda I with lambda = -4/3*E(40)^7-7/3*E(40)^8+4/3*E(40)^13-4/3*E(40)^16+2/3*E(40)^21-4/3*E(40)^23-4/3*E(40)^24+2/3*E(40)^29-2/3*E(40)^31-7/3*E(40)^32+4/3*E(40)^37-2/3*E(40)^39 (= |w_b|^2/|w_a|^2: true), det M = -68/9*E(40)^7-98/9*E(40)^8+68/9*E(40)^13-41/9*E(40)^16+28/9*E(40)^21-68/9*E(40)^23-41/9*E(40)^24+28/9*E(40)^29-28/9*E(40)^31-98/9*E(40)^32+68/9*E(40)^37-28/9*E(40)^39 (>0: true)
     structure: V true E true F true C true; lambda = 1 (isometry as stored): false; lambda ~ 0.3551783355998037
  PAIR L3-{5,3,5/2}-9 -> L3-{5,3,5/2}-12: w_a M0 = c w_b with c = -2*E(5)^2-2*E(5)^3 exactly: true
     f-vectors [ 120, 720, 300, 50 ] [ 120, 720, 300, 50 ]; M = M0/c: M M^T = lambda I with lambda = 6/5 (= |w_b|^2/|w_a|^2: true), det M = 36/25 (>0: true)
     structure: V true E true F true C true; lambda = 1 (isometry as stored): false; lambda ~ 1.2
  PAIR L3-{5,3,5/2}-10 -> L3-{5,3,5/2}-11: w_a M0 = c w_b with c = -12/5*E(5)-18/5*E(5)^2-18/5*E(5)^3-12/5*E(5)^4 exactly: true
     f-vectors [ 120, 720, 300, 50 ] [ 120, 720, 300, 50 ]; M = M0/c: M M^T = lambda I with lambda = 2/3 (= |w_b|^2/|w_a|^2: true), det M = 4/9 (>0: true)
     structure: V true E true F true C true; lambda = 1 (isometry as stored): false; lambda ~ 0.6666666666666666
  PAIR L3-{5,3,5/2}-13 -> L3-{5,3,5/2}-14: w_a M0 = c w_b with c = -3/5*E(5)-12/5*E(5)^2-12/5*E(5)^3-3/5*E(5)^4 exactly: true
     f-vectors [ 120, 720, 300, 50 ] [ 120, 720, 300, 50 ]; M = M0/c: M M^T = lambda I with lambda = -16/3*E(5)-8/3*E(5)^2-8/3*E(5)^3-16/3*E(5)^4 (= |w_b|^2/|w_a|^2: true), det M = -320/9*E(5)-128/9*E(5)^2-128/9*E(5)^3-320/9*E(5)^4 (>0: true)
     structure: V true E true F true C true; lambda = 1 (isometry as stored): false; lambda ~ 1.018576030000281
  PAIR L3-{5,3,5/2}-15 -> L3-{5,3,5/2}-16: w_a M0 = c w_b with c = 18/5*E(5)+42/5*E(5)^2+42/5*E(5)^3+18/5*E(5)^4 exactly: true
     f-vectors [ 120, 720, 300, 50 ] [ 120, 720, 300, 50 ]; M = M0/c: M M^T = lambda I with lambda = -10/3*E(5)-4/3*E(5)^2-4/3*E(5)^3-10/3*E(5)^4 (= |w_b|^2/|w_a|^2: true), det M = -136/9*E(5)-52/9*E(5)^2-52/9*E(5)^3-136/9*E(5)^4 (>0: true)
     structure: V true E true F true C true; lambda = 1 (isometry as stored): false; lambda ~ 0.0972653558335439

########## row {3,3,5/2} ##########
all records share S1,S2: true; |G| = 1440; -I in G: true
dim anti-space = 1, dim commutant = 1
M0 = [ [ -2, 1, E(5)+E(5)^4, -E(5)^2-E(5)^3 ], [ 1, E(5)^2+E(5)^3, E(5)+E(5)^4, 2 ], [ E(5)+E(5)^4, E(5)+E(5)^4, -E(5)-2*E(5)^2-2*E(5)^3-E(5)^4, -E(5)-E(5)^4 ], [ -E(5)^2-E(5)^3, 2, -E(5)-E(5)^4, 1 ] ]
M0 M0^T = mu I: true; mu = 8; det M0 = 64 (= +mu^2: true, = -mu^2: false); M0^2 = mu I: true, M0^2 = -mu I: false
v0 = [ -2*E(5)-E(5)^2-E(5)^3-2*E(5)^4, 0, -E(5)-E(5)^4, 1 ], v3 = [ -2*E(5)-3/4*E(5)^2-3/4*E(5)^3-2*E(5)^4, 1/4*E(5)+1/4*E(5)^4, -3/4*E(5)-1/4*E(5)^2-1/4*E(5)^3-3/4*E(5)^4, 0 ]; consistency w = t v0 + v3 for all records: true
rho = |v0|/|v3| = 2*E(40)^7-2*E(40)^13-4*E(40)^21+2*E(40)^23-4*E(40)^29+4*E(40)^31-2*E(40)^37+4*E(40)^39; rho^2 = |v0|^2/|v3|^2: true; alpha = 1/(1+t rho) for all records: true
M0 on Pi in basis (v0,v3): [ [ 2, -8*E(5)^2-8*E(5)^3 ], [ 1/2*E(5)+1/2*E(5)^4, -2 ] ]; det on Pi = -8; trace = 0
fixed-point quadratic: -8*E(5)^2-8*E(5)^3 t^2 + (-4) t - (1/2*E(5)+1/2*E(5)^4) = 0; discriminant = 32
fixed t (exact, in CF(120)): [ 1/4*E(40)^7+1/4*E(40)^8-1/4*E(40)^13+1/4*E(40)^23+1/4*E(40)^32-1/4*E(40)^37, -1/4*E(40)^7+1/4*E(40)^8+1/4*E(40)^13-1/4*E(40)^23+1/4*E(40)^32+1/4*E(40)^37 ]  -> fixed alpha: [ 1/3*E(40)^7-2/3*E(40)^8-1/3*E(40)^13-2/3*E(40)^16-2/3*E(40)^21+1/3*E(40)^23-2/3*E(40)^24-2/3*E(40)^29+2/3*E(40)^31-2/3*E(40)^32-1/3*E(40)^37+2/3*E(40)^39, -5*E(40)^7+6*E(40)^8+5*E(40)^13+2*E(40)^16+2*E(40)^21-5*E(40)^23+2*E(40)^24+2*E(40)^29-2*E(40)^31+6*E(40)^32+5*E(40)^37-2*E(40)^39 ] ~ [ 1.900819724547944, 0.2658049769463149 ]
  L3-{3,3,5/2}-1: t = 0 (alpha ~ 1.) -> t' = -1/4*E(5)-1/4*E(5)^4 (alpha' ~ -6.938527151143623) partner: [ "L3-{3,3,5/2}-4" ]
  L3-{3,3,5/2}-4: t = -1/4*E(5)-1/4*E(5)^4 (alpha ~ -6.938527151143623) -> t' = 0 (alpha' ~ 1.) partner: [ "L3-{3,3,5/2}-1" ]
  PAIR L3-{3,3,5/2}-1 -> L3-{3,3,5/2}-4: w_a M0 = c w_b with c = -2 exactly: true
     f-vectors [ 600, 1200, 120, 5 ] [ 600, 1200, 120, 5 ]; M = M0/c: M M^T = lambda I with lambda = 2 (= |w_b|^2/|w_a|^2: true), det M = 4 (>0: true)
     structure: V true E true F true C true; lambda = 1 (isometry as stored): false; lambda ~ 2.
Done: author-check-antiautomorphism.g
