METHOD 4: pure-Python exact re-verification of Method 1 certificates
python 3.11.4 (v3.11.4:d2340ef257, Jun  6 2023, 19:15:51) [Clang 13.0.0 (clang-1300.0.29.30)]
DATA  = /Users/daniel/github/skeletal-polytopes/research/petcox-facet-extensions/audits/fable-ultra-equivalence/build/producer/research/petcox-facet-extensions/logs/alpha-survivors.g
AUDIT = /Users/daniel/github/skeletal-polytopes/research/petcox-facet-extensions/audits/fable-ultra-equivalence
== Field Q(zeta_40) self-tests ==
field self-tests done (30 checks so far, 0 failures)

== Step 2: independent reconstruction of the 24 realisations from alpha-survivors.g ==
  L3-{4,3,3}-1       T={4,3,3}   p= 8  f-vector=(16, 32, 12, 4)        |Gamma|=  192  |w|^2=3 (3.000000)  flags=384  [0.0s]
  L3-{4,3,3}-2       T={4,3,3}   p= 8  f-vector=(16, 32, 12, 4)        |Gamma|=  192  |w|^2=3/4 (0.750000)  flags=384  [0.0s]
  L3-{4,3,3}-3       T={4,3,3}   p= 8  f-vector=(16, 32, 12, 4)        |Gamma|=  192  |w|^2=1 (1.000000)  flags=384  [0.0s]
  L3-{4,3,3}-6       T={4,3,3}   p= 8  f-vector=(16, 32, 12, 4)        |Gamma|=  192  |w|^2=4 (4.000000)  flags=384  [0.0s]
  L3-{5,3,3}-3       T={5,3,3}   p=30  f-vector=(600, 1200, 120, 5)    |Gamma|= 7200  |w|^2=356+220*E(40)^8-220*E(40)^12 (491.967478)  flags=14400  [1.1s]
  L3-{5,3,3}-8       T={5,3,3}   p=30  f-vector=(600, 1200, 120, 5)    |Gamma|= 7200  |w|^2=40+24*E(40)^8-24*E(40)^12 (54.832816)  flags=14400  [1.0s]
  L3-{5,3,5/2}-1     T={5,3,5/2} p=12  f-vector=(240, 480, 120, 20)    |Gamma|= 2880  |w|^2=208-90*E(40)-90*E(40)^3-56*E(40)^5+90*E(40)^7+128*E(40)^8-90*E(40)^9-128*E(40)^12+146*E(40)^15 (1.970286)  flags=5760  [1.0s]
  L3-{5,3,5/2}-2     T={5,3,5/2} p=12  f-vector=(240, 480, 120, 20)    |Gamma|= 2880  |w|^2=208+90*E(40)+90*E(40)^3+56*E(40)^5-90*E(40)^7+128*E(40)^8+90*E(40)^9-128*E(40)^12-146*E(40)^15 (572.246415)  flags=5760  [1.0s]
  L3-{5,3,5/2}-3     T={5,3,5/2} p=12  f-vector=(240, 480, 120, 20)    |Gamma|= 2880  |w|^2=20+8*E(40)+8*E(40)^3+5*E(40)^5-8*E(40)^7+12*E(40)^8+8*E(40)^9-12*E(40)^12-13*E(40)^15 (52.793441)  flags=5760  [0.4s]
  L3-{5,3,5/2}-4     T={5,3,5/2} p=12  f-vector=(240, 480, 120, 20)    |Gamma|= 2880  |w|^2=20-8*E(40)-8*E(40)^3-5*E(40)^5+8*E(40)^7+12*E(40)^8-8*E(40)^9-12*E(40)^12+13*E(40)^15 (2.039375)  flags=5760  [0.5s]
  L3-{5,3,5/2}-5     T={5,3,5/2} p=12  f-vector=(48, 144, 48, 8)       |Gamma|= 1152  |w|^2=20-8*E(40)-8*E(40)^3-5*E(40)^5+8*E(40)^7+12*E(40)^8-8*E(40)^9-12*E(40)^12+13*E(40)^15 (2.039375)  flags=2304  [0.2s]
  L3-{5,3,5/2}-6     T={5,3,5/2} p=12  f-vector=(48, 144, 48, 8)       |Gamma|= 1152  |w|^2=20+8*E(40)+8*E(40)^3+5*E(40)^5-8*E(40)^7+12*E(40)^8+8*E(40)^9-12*E(40)^12-13*E(40)^15 (52.793441)  flags=2304  [0.2s]
  L3-{5,3,5/2}-7     T={5,3,5/2} p=12  f-vector=(48, 144, 48, 8)       |Gamma|= 1152  |w|^2=8+3*E(40)+3*E(40)^3+E(40)^5-3*E(40)^7+4*E(40)^8+3*E(40)^9-4*E(40)^12-4*E(40)^15 (18.751086)  flags=2304  [0.2s]
  L3-{5,3,5/2}-8     T={5,3,5/2} p=12  f-vector=(48, 144, 48, 8)       |Gamma|= 1152  |w|^2=8-3*E(40)-3*E(40)^3-E(40)^5+3*E(40)^7+4*E(40)^8-3*E(40)^9-4*E(40)^12+4*E(40)^15 (2.193186)  flags=2304  [0.2s]
  L3-{5,3,5/2}-9     T={5,3,5/2} p=12  f-vector=(120, 720, 300, 50)    |Gamma|= 7200  |w|^2=2+E(40)^8-E(40)^12 (2.618034)  flags=14400  [0.2s]
  L3-{5,3,5/2}-10    T={5,3,5/2} p=12  f-vector=(120, 720, 300, 50)    |Gamma|= 7200  |w|^2=6+3*E(40)^8-3*E(40)^12 (7.854102)  flags=14400  [0.3s]
  L3-{5,3,5/2}-11    T={5,3,5/2} p=12  f-vector=(120, 720, 300, 50)    |Gamma|= 7200  |w|^2=4+2*E(40)^8-2*E(40)^12 (5.236068)  flags=14400  [0.3s]
  L3-{5,3,5/2}-12    T={5,3,5/2} p=12  f-vector=(120, 720, 300, 50)    |Gamma|= 7200  |w|^2=12/5+6/5*E(40)^8-6/5*E(40)^12 (3.141641)  flags=14400  [0.5s]
  L3-{5,3,5/2}-13    T={5,3,5/2} p=12  f-vector=(120, 720, 300, 50)    |Gamma|= 7200  |w|^2=3/2+3/4*E(40)^8-3/4*E(40)^12 (1.963525)  flags=14400  [0.3s]
  L3-{5,3,5/2}-14    T={5,3,5/2} p=12  f-vector=(120, 720, 300, 50)    |Gamma|= 7200  |w|^2=2 (2.000000)  flags=14400  [0.3s]
  L3-{5,3,5/2}-15    T={5,3,5/2} p=12  f-vector=(120, 720, 300, 50)    |Gamma|= 7200  |w|^2=78+48*E(40)^8-48*E(40)^12 (107.665631)  flags=14400  [0.4s]
  L3-{5,3,5/2}-16    T={5,3,5/2} p=12  f-vector=(120, 720, 300, 50)    |Gamma|= 7200  |w|^2=8+4*E(40)^8-4*E(40)^12 (10.472136)  flags=14400  [0.2s]
  L3-{3,3,5/2}-1     T={3,3,5/2} p=30  f-vector=(600, 1200, 120, 5)    |Gamma|= 7200  |w|^2=5/2-4*E(40)^8+4*E(40)^12 (0.027864)  flags=14400  [0.9s]
  L3-{3,3,5/2}-4     T={3,3,5/2} p=30  f-vector=(600, 1200, 120, 5)    |Gamma|= 7200  |w|^2=5-8*E(40)^8+8*E(40)^12 (0.055728)  flags=14400  [1.1s]
reconstruction done: 1269 checks so far, 0 failures  [13s]
field elements interned so far: 23960

== Step 3: verification of every certificate in method1-certificates.json ==
  L3-{4,3,3}-1       -> L3-{4,3,3}-1       even lambda=1.000000   det_sign=+1 isometry   V/E/F/C onto=True/True/True/True  w->w=True  flag-orbit=even(base_flag) OK
  L3-{4,3,3}-1       -> L3-{4,3,3}-1       odd  lambda=1.000000   det_sign=+1 isometry   V/E/F/C onto=True/True/True/True  w->w=True  flag-orbit=even(2-adjacent_other_cell) OK
  L3-{4,3,3}-6       -> L3-{4,3,3}-1       even lambda=0.750000   det_sign=+1 similarity  V/E/F/C onto=True/True/True/True  w->w=True  flag-orbit=odd(base_flag_other_cell) OK
  L3-{4,3,3}-6       -> L3-{4,3,3}-1       odd  lambda=0.750000   det_sign=+1 similarity  V/E/F/C onto=True/True/True/True  w->w=True  flag-orbit=odd(2-adjacent(w,e,fS2,c)) OK
  L3-{4,3,3}-2       -> L3-{4,3,3}-2       even lambda=1.000000   det_sign=+1 isometry   V/E/F/C onto=True/True/True/True  w->w=True  flag-orbit=even(base_flag) OK
  L3-{4,3,3}-2       -> L3-{4,3,3}-2       odd  lambda=1.000000   det_sign=+1 isometry   V/E/F/C onto=True/True/True/True  w->w=True  flag-orbit=even(2-adjacent_other_cell) OK
  L3-{4,3,3}-3       -> L3-{4,3,3}-2       even lambda=0.750000   det_sign=+1 similarity  V/E/F/C onto=True/True/True/True  w->w=True  flag-orbit=odd(base_flag_other_cell) OK
  L3-{4,3,3}-3       -> L3-{4,3,3}-2       odd  lambda=0.750000   det_sign=+1 similarity  V/E/F/C onto=True/True/True/True  w->w=True  flag-orbit=odd(2-adjacent(w,e,fS2,c)) OK
  L3-{4,3,3}-2       -> L3-{4,3,3}-3       even lambda=1.333333   det_sign=+1 similarity  V/E/F/C onto=True/True/True/True  w->w=True  flag-orbit=odd(base_flag_other_cell) OK
  L3-{4,3,3}-2       -> L3-{4,3,3}-3       odd  lambda=1.333333   det_sign=+1 similarity  V/E/F/C onto=True/True/True/True  w->w=True  flag-orbit=odd(2-adjacent(w,e,fS2,c)) OK
  L3-{4,3,3}-3       -> L3-{4,3,3}-3       even lambda=1.000000   det_sign=+1 isometry   V/E/F/C onto=True/True/True/True  w->w=True  flag-orbit=even(base_flag) OK
  L3-{4,3,3}-3       -> L3-{4,3,3}-3       odd  lambda=1.000000   det_sign=+1 isometry   V/E/F/C onto=True/True/True/True  w->w=True  flag-orbit=even(2-adjacent_other_cell) OK
  L3-{4,3,3}-1       -> L3-{4,3,3}-6       even lambda=1.333333   det_sign=+1 similarity  V/E/F/C onto=True/True/True/True  w->w=True  flag-orbit=odd(base_flag_other_cell) OK
  L3-{4,3,3}-1       -> L3-{4,3,3}-6       odd  lambda=1.333333   det_sign=+1 similarity  V/E/F/C onto=True/True/True/True  w->w=True  flag-orbit=odd(2-adjacent(w,e,fS2,c)) OK
  L3-{4,3,3}-6       -> L3-{4,3,3}-6       even lambda=1.000000   det_sign=+1 isometry   V/E/F/C onto=True/True/True/True  w->w=True  flag-orbit=even(base_flag) OK
  L3-{4,3,3}-6       -> L3-{4,3,3}-6       odd  lambda=1.000000   det_sign=+1 isometry   V/E/F/C onto=True/True/True/True  w->w=True  flag-orbit=even(2-adjacent_other_cell) OK
  L3-{5,3,3}-3       -> L3-{5,3,3}-3       even lambda=1.000000   det_sign=+1 isometry   V/E/F/C onto=True/True/True/True  w->w=True  flag-orbit=even(base_flag) OK
  L3-{5,3,3}-3       -> L3-{5,3,3}-3       odd  lambda=1.000000   det_sign=+1 isometry   V/E/F/C onto=True/True/True/True  w->w=True  flag-orbit=even(2-adjacent_other_cell) OK
  L3-{5,3,3}-8       -> L3-{5,3,3}-3       even lambda=8.972136   det_sign=+1 similarity  V/E/F/C onto=True/True/True/True  w->w=True  flag-orbit=odd(base_flag_other_cell) OK
  L3-{5,3,3}-8       -> L3-{5,3,3}-3       odd  lambda=8.972136   det_sign=+1 similarity  V/E/F/C onto=True/True/True/True  w->w=True  flag-orbit=odd(2-adjacent(w,e,fS2,c)) OK
  L3-{5,3,3}-3       -> L3-{5,3,3}-8       even lambda=0.111456   det_sign=+1 similarity  V/E/F/C onto=True/True/True/True  w->w=True  flag-orbit=odd(base_flag_other_cell) OK
  L3-{5,3,3}-3       -> L3-{5,3,3}-8       odd  lambda=0.111456   det_sign=+1 similarity  V/E/F/C onto=True/True/True/True  w->w=True  flag-orbit=odd(2-adjacent(w,e,fS2,c)) OK
  L3-{5,3,3}-8       -> L3-{5,3,3}-8       even lambda=1.000000   det_sign=+1 isometry   V/E/F/C onto=True/True/True/True  w->w=True  flag-orbit=even(base_flag) OK
  L3-{5,3,3}-8       -> L3-{5,3,3}-8       odd  lambda=1.000000   det_sign=+1 isometry   V/E/F/C onto=True/True/True/True  w->w=True  flag-orbit=even(2-adjacent_other_cell) OK
  L3-{5,3,5/2}-1     -> L3-{5,3,5/2}-1     even lambda=1.000000   det_sign=+1 isometry   V/E/F/C onto=True/True/True/True  w->w=True  flag-orbit=even(base_flag) OK
  L3-{5,3,5/2}-1     -> L3-{5,3,5/2}-1     odd  lambda=1.000000   det_sign=+1 isometry   V/E/F/C onto=True/True/True/True  w->w=True  flag-orbit=even(2-adjacent_other_cell) OK
  L3-{5,3,5/2}-4     -> L3-{5,3,5/2}-1     even lambda=0.966122   det_sign=+1 similarity  V/E/F/C onto=True/True/True/True  w->w=True  flag-orbit=odd(base_flag_other_cell) OK
  L3-{5,3,5/2}-4     -> L3-{5,3,5/2}-1     odd  lambda=0.966122   det_sign=+1 similarity  V/E/F/C onto=True/True/True/True  w->w=True  flag-orbit=odd(2-adjacent(w,e,fS2,c)) OK
  L3-{5,3,5/2}-2     -> L3-{5,3,5/2}-2     even lambda=1.000000   det_sign=+1 isometry   V/E/F/C onto=True/True/True/True  w->w=True  flag-orbit=even(base_flag) OK
  L3-{5,3,5/2}-2     -> L3-{5,3,5/2}-2     odd  lambda=1.000000   det_sign=+1 isometry   V/E/F/C onto=True/True/True/True  w->w=True  flag-orbit=even(2-adjacent_other_cell) OK
  L3-{5,3,5/2}-3     -> L3-{5,3,5/2}-2     even lambda=10.839347  det_sign=+1 similarity  V/E/F/C onto=True/True/True/True  w->w=True  flag-orbit=odd(base_flag_other_cell) OK
  L3-{5,3,5/2}-3     -> L3-{5,3,5/2}-2     odd  lambda=10.839347  det_sign=+1 similarity  V/E/F/C onto=True/True/True/True  w->w=True  flag-orbit=odd(2-adjacent(w,e,fS2,c)) OK
  L3-{5,3,5/2}-2     -> L3-{5,3,5/2}-3     even lambda=0.092256   det_sign=+1 similarity  V/E/F/C onto=True/True/True/True  w->w=True  flag-orbit=odd(base_flag_other_cell) OK
  L3-{5,3,5/2}-2     -> L3-{5,3,5/2}-3     odd  lambda=0.092256   det_sign=+1 similarity  V/E/F/C onto=True/True/True/True  w->w=True  flag-orbit=odd(2-adjacent(w,e,fS2,c)) OK
  L3-{5,3,5/2}-3     -> L3-{5,3,5/2}-3     even lambda=1.000000   det_sign=+1 isometry   V/E/F/C onto=True/True/True/True  w->w=True  flag-orbit=even(base_flag) OK
  L3-{5,3,5/2}-3     -> L3-{5,3,5/2}-3     odd  lambda=1.000000   det_sign=+1 isometry   V/E/F/C onto=True/True/True/True  w->w=True  flag-orbit=even(2-adjacent_other_cell) OK
  L3-{5,3,5/2}-1     -> L3-{5,3,5/2}-4     even lambda=1.035066   det_sign=+1 similarity  V/E/F/C onto=True/True/True/True  w->w=True  flag-orbit=odd(base_flag_other_cell) OK
  L3-{5,3,5/2}-1     -> L3-{5,3,5/2}-4     odd  lambda=1.035066   det_sign=+1 similarity  V/E/F/C onto=True/True/True/True  w->w=True  flag-orbit=odd(2-adjacent(w,e,fS2,c)) OK
  L3-{5,3,5/2}-4     -> L3-{5,3,5/2}-4     even lambda=1.000000   det_sign=+1 isometry   V/E/F/C onto=True/True/True/True  w->w=True  flag-orbit=even(base_flag) OK
  L3-{5,3,5/2}-4     -> L3-{5,3,5/2}-4     odd  lambda=1.000000   det_sign=+1 isometry   V/E/F/C onto=True/True/True/True  w->w=True  flag-orbit=even(2-adjacent_other_cell) OK
  L3-{5,3,5/2}-5     -> L3-{5,3,5/2}-5     even lambda=1.000000   det_sign=+1 isometry   V/E/F/C onto=True/True/True/True  w->w=True  flag-orbit=even(base_flag) OK
  L3-{5,3,5/2}-5     -> L3-{5,3,5/2}-5     odd  lambda=1.000000   det_sign=+1 isometry   V/E/F/C onto=True/True/True/True  w->w=True  flag-orbit=even(2-adjacent_other_cell) OK
  L3-{5,3,5/2}-8     -> L3-{5,3,5/2}-5     even lambda=0.929869   det_sign=+1 similarity  V/E/F/C onto=True/True/True/True  w->w=True  flag-orbit=odd(base_flag_other_cell) OK
  L3-{5,3,5/2}-8     -> L3-{5,3,5/2}-5     odd  lambda=0.929869   det_sign=+1 similarity  V/E/F/C onto=True/True/True/True  w->w=True  flag-orbit=odd(2-adjacent(w,e,fS2,c)) OK
  L3-{5,3,5/2}-6     -> L3-{5,3,5/2}-6     even lambda=1.000000   det_sign=+1 isometry   V/E/F/C onto=True/True/True/True  w->w=True  flag-orbit=even(base_flag) OK
  L3-{5,3,5/2}-6     -> L3-{5,3,5/2}-6     odd  lambda=1.000000   det_sign=+1 isometry   V/E/F/C onto=True/True/True/True  w->w=True  flag-orbit=even(2-adjacent_other_cell) OK
  L3-{5,3,5/2}-7     -> L3-{5,3,5/2}-6     even lambda=2.815487   det_sign=+1 similarity  V/E/F/C onto=True/True/True/True  w->w=True  flag-orbit=odd(base_flag_other_cell) OK
  L3-{5,3,5/2}-7     -> L3-{5,3,5/2}-6     odd  lambda=2.815487   det_sign=+1 similarity  V/E/F/C onto=True/True/True/True  w->w=True  flag-orbit=odd(2-adjacent(w,e,fS2,c)) OK
  L3-{5,3,5/2}-6     -> L3-{5,3,5/2}-7     even lambda=0.355178   det_sign=+1 similarity  V/E/F/C onto=True/True/True/True  w->w=True  flag-orbit=odd(base_flag_other_cell) OK
  L3-{5,3,5/2}-6     -> L3-{5,3,5/2}-7     odd  lambda=0.355178   det_sign=+1 similarity  V/E/F/C onto=True/True/True/True  w->w=True  flag-orbit=odd(2-adjacent(w,e,fS2,c)) OK
  L3-{5,3,5/2}-7     -> L3-{5,3,5/2}-7     even lambda=1.000000   det_sign=+1 isometry   V/E/F/C onto=True/True/True/True  w->w=True  flag-orbit=even(base_flag) OK
  L3-{5,3,5/2}-7     -> L3-{5,3,5/2}-7     odd  lambda=1.000000   det_sign=+1 isometry   V/E/F/C onto=True/True/True/True  w->w=True  flag-orbit=even(2-adjacent_other_cell) OK
  L3-{5,3,5/2}-5     -> L3-{5,3,5/2}-8     even lambda=1.075420   det_sign=+1 similarity  V/E/F/C onto=True/True/True/True  w->w=True  flag-orbit=odd(base_flag_other_cell) OK
  L3-{5,3,5/2}-5     -> L3-{5,3,5/2}-8     odd  lambda=1.075420   det_sign=+1 similarity  V/E/F/C onto=True/True/True/True  w->w=True  flag-orbit=odd(2-adjacent(w,e,fS2,c)) OK
  L3-{5,3,5/2}-8     -> L3-{5,3,5/2}-8     even lambda=1.000000   det_sign=+1 isometry   V/E/F/C onto=True/True/True/True  w->w=True  flag-orbit=even(base_flag) OK
  L3-{5,3,5/2}-8     -> L3-{5,3,5/2}-8     odd  lambda=1.000000   det_sign=+1 isometry   V/E/F/C onto=True/True/True/True  w->w=True  flag-orbit=even(2-adjacent_other_cell) OK
  L3-{5,3,5/2}-9     -> L3-{5,3,5/2}-9     even lambda=1.000000   det_sign=+1 isometry   V/E/F/C onto=True/True/True/True  w->w=True  flag-orbit=even(base_flag) OK
  L3-{5,3,5/2}-9     -> L3-{5,3,5/2}-9     odd  lambda=1.000000   det_sign=+1 isometry   V/E/F/C onto=True/True/True/True  w->w=True  flag-orbit=even(2-adjacent_other_cell) OK
  L3-{5,3,5/2}-12    -> L3-{5,3,5/2}-9     even lambda=0.833333   det_sign=+1 similarity  V/E/F/C onto=True/True/True/True  w->w=True  flag-orbit=odd(base_flag_other_cell) OK
  L3-{5,3,5/2}-12    -> L3-{5,3,5/2}-9     odd  lambda=0.833333   det_sign=+1 similarity  V/E/F/C onto=True/True/True/True  w->w=True  flag-orbit=odd(2-adjacent(w,e,fS2,c)) OK
  L3-{5,3,5/2}-10    -> L3-{5,3,5/2}-10    even lambda=1.000000   det_sign=+1 isometry   V/E/F/C onto=True/True/True/True  w->w=True  flag-orbit=even(base_flag) OK
  L3-{5,3,5/2}-10    -> L3-{5,3,5/2}-10    odd  lambda=1.000000   det_sign=+1 isometry   V/E/F/C onto=True/True/True/True  w->w=True  flag-orbit=even(2-adjacent_other_cell) OK
  L3-{5,3,5/2}-11    -> L3-{5,3,5/2}-10    even lambda=1.500000   det_sign=+1 similarity  V/E/F/C onto=True/True/True/True  w->w=True  flag-orbit=odd(base_flag_other_cell) OK
  L3-{5,3,5/2}-11    -> L3-{5,3,5/2}-10    odd  lambda=1.500000   det_sign=+1 similarity  V/E/F/C onto=True/True/True/True  w->w=True  flag-orbit=odd(2-adjacent(w,e,fS2,c)) OK
  L3-{5,3,5/2}-10    -> L3-{5,3,5/2}-11    even lambda=0.666667   det_sign=+1 similarity  V/E/F/C onto=True/True/True/True  w->w=True  flag-orbit=odd(base_flag_other_cell) OK
  L3-{5,3,5/2}-10    -> L3-{5,3,5/2}-11    odd  lambda=0.666667   det_sign=+1 similarity  V/E/F/C onto=True/True/True/True  w->w=True  flag-orbit=odd(2-adjacent(w,e,fS2,c)) OK
  L3-{5,3,5/2}-11    -> L3-{5,3,5/2}-11    even lambda=1.000000   det_sign=+1 isometry   V/E/F/C onto=True/True/True/True  w->w=True  flag-orbit=even(base_flag) OK
  L3-{5,3,5/2}-11    -> L3-{5,3,5/2}-11    odd  lambda=1.000000   det_sign=+1 isometry   V/E/F/C onto=True/True/True/True  w->w=True  flag-orbit=even(2-adjacent_other_cell) OK
  L3-{5,3,5/2}-9     -> L3-{5,3,5/2}-12    even lambda=1.200000   det_sign=+1 similarity  V/E/F/C onto=True/True/True/True  w->w=True  flag-orbit=odd(base_flag_other_cell) OK
  L3-{5,3,5/2}-9     -> L3-{5,3,5/2}-12    odd  lambda=1.200000   det_sign=+1 similarity  V/E/F/C onto=True/True/True/True  w->w=True  flag-orbit=odd(2-adjacent(w,e,fS2,c)) OK
  L3-{5,3,5/2}-12    -> L3-{5,3,5/2}-12    even lambda=1.000000   det_sign=+1 isometry   V/E/F/C onto=True/True/True/True  w->w=True  flag-orbit=even(base_flag) OK
  L3-{5,3,5/2}-12    -> L3-{5,3,5/2}-12    odd  lambda=1.000000   det_sign=+1 isometry   V/E/F/C onto=True/True/True/True  w->w=True  flag-orbit=even(2-adjacent_other_cell) OK
  L3-{5,3,5/2}-13    -> L3-{5,3,5/2}-13    even lambda=1.000000   det_sign=+1 isometry   V/E/F/C onto=True/True/True/True  w->w=True  flag-orbit=even(base_flag) OK
  L3-{5,3,5/2}-13    -> L3-{5,3,5/2}-13    odd  lambda=1.000000   det_sign=+1 isometry   V/E/F/C onto=True/True/True/True  w->w=True  flag-orbit=even(2-adjacent_other_cell) OK
  L3-{5,3,5/2}-14    -> L3-{5,3,5/2}-13    even lambda=0.981763   det_sign=+1 similarity  V/E/F/C onto=True/True/True/True  w->w=True  flag-orbit=odd(base_flag_other_cell) OK
  L3-{5,3,5/2}-14    -> L3-{5,3,5/2}-13    odd  lambda=0.981763   det_sign=+1 similarity  V/E/F/C onto=True/True/True/True  w->w=True  flag-orbit=odd(2-adjacent(w,e,fS2,c)) OK
  L3-{5,3,5/2}-13    -> L3-{5,3,5/2}-14    even lambda=1.018576   det_sign=+1 similarity  V/E/F/C onto=True/True/True/True  w->w=True  flag-orbit=odd(base_flag_other_cell) OK
  L3-{5,3,5/2}-13    -> L3-{5,3,5/2}-14    odd  lambda=1.018576   det_sign=+1 similarity  V/E/F/C onto=True/True/True/True  w->w=True  flag-orbit=odd(2-adjacent(w,e,fS2,c)) OK
  L3-{5,3,5/2}-14    -> L3-{5,3,5/2}-14    even lambda=1.000000   det_sign=+1 isometry   V/E/F/C onto=True/True/True/True  w->w=True  flag-orbit=even(base_flag) OK
  L3-{5,3,5/2}-14    -> L3-{5,3,5/2}-14    odd  lambda=1.000000   det_sign=+1 isometry   V/E/F/C onto=True/True/True/True  w->w=True  flag-orbit=even(2-adjacent_other_cell) OK
  L3-{5,3,5/2}-15    -> L3-{5,3,5/2}-15    even lambda=1.000000   det_sign=+1 isometry   V/E/F/C onto=True/True/True/True  w->w=True  flag-orbit=even(base_flag) OK
  L3-{5,3,5/2}-15    -> L3-{5,3,5/2}-15    odd  lambda=1.000000   det_sign=+1 isometry   V/E/F/C onto=True/True/True/True  w->w=True  flag-orbit=even(2-adjacent_other_cell) OK
  L3-{5,3,5/2}-16    -> L3-{5,3,5/2}-15    even lambda=10.281153  det_sign=+1 similarity  V/E/F/C onto=True/True/True/True  w->w=True  flag-orbit=odd(base_flag_other_cell) OK
  L3-{5,3,5/2}-16    -> L3-{5,3,5/2}-15    odd  lambda=10.281153  det_sign=+1 similarity  V/E/F/C onto=True/True/True/True  w->w=True  flag-orbit=odd(2-adjacent(w,e,fS2,c)) OK
  L3-{5,3,5/2}-15    -> L3-{5,3,5/2}-16    even lambda=0.097265   det_sign=+1 similarity  V/E/F/C onto=True/True/True/True  w->w=True  flag-orbit=odd(base_flag_other_cell) OK
  L3-{5,3,5/2}-15    -> L3-{5,3,5/2}-16    odd  lambda=0.097265   det_sign=+1 similarity  V/E/F/C onto=True/True/True/True  w->w=True  flag-orbit=odd(2-adjacent(w,e,fS2,c)) OK
  L3-{5,3,5/2}-16    -> L3-{5,3,5/2}-16    even lambda=1.000000   det_sign=+1 isometry   V/E/F/C onto=True/True/True/True  w->w=True  flag-orbit=even(base_flag) OK
  L3-{5,3,5/2}-16    -> L3-{5,3,5/2}-16    odd  lambda=1.000000   det_sign=+1 isometry   V/E/F/C onto=True/True/True/True  w->w=True  flag-orbit=even(2-adjacent_other_cell) OK
  L3-{3,3,5/2}-1     -> L3-{3,3,5/2}-1     even lambda=1.000000   det_sign=+1 isometry   V/E/F/C onto=True/True/True/True  w->w=True  flag-orbit=even(base_flag) OK
  L3-{3,3,5/2}-1     -> L3-{3,3,5/2}-1     odd  lambda=1.000000   det_sign=+1 isometry   V/E/F/C onto=True/True/True/True  w->w=True  flag-orbit=even(2-adjacent_other_cell) OK
  L3-{3,3,5/2}-4     -> L3-{3,3,5/2}-1     even lambda=0.500000   det_sign=+1 similarity  V/E/F/C onto=True/True/True/True  w->w=True  flag-orbit=odd(base_flag_other_cell) OK
  L3-{3,3,5/2}-4     -> L3-{3,3,5/2}-1     odd  lambda=0.500000   det_sign=+1 similarity  V/E/F/C onto=True/True/True/True  w->w=True  flag-orbit=odd(2-adjacent(w,e,fS2,c)) OK
  L3-{3,3,5/2}-1     -> L3-{3,3,5/2}-4     even lambda=2.000000   det_sign=+1 similarity  V/E/F/C onto=True/True/True/True  w->w=True  flag-orbit=odd(base_flag_other_cell) OK
  L3-{3,3,5/2}-1     -> L3-{3,3,5/2}-4     odd  lambda=2.000000   det_sign=+1 similarity  V/E/F/C onto=True/True/True/True  w->w=True  flag-orbit=odd(2-adjacent(w,e,fS2,c)) OK
  L3-{3,3,5/2}-4     -> L3-{3,3,5/2}-4     even lambda=1.000000   det_sign=+1 isometry   V/E/F/C onto=True/True/True/True  w->w=True  flag-orbit=even(base_flag) OK
  L3-{3,3,5/2}-4     -> L3-{3,3,5/2}-4     odd  lambda=1.000000   det_sign=+1 isometry   V/E/F/C onto=True/True/True/True  w->w=True  flag-orbit=even(2-adjacent_other_cell) OK
certificates: 96 verified, 0 failed  [18s]

== Step 4: scale-free Gram invariants ==
  L3-{4,3,3}-1       distinct normalised inner products: vertex pairs   4 (of 120), edges 1, face shapes 1, cell shapes 1  [0.0s]
  L3-{4,3,3}-2       distinct normalised inner products: vertex pairs   4 (of 120), edges 1, face shapes 1, cell shapes 1  [0.0s]
  L3-{4,3,3}-3       distinct normalised inner products: vertex pairs   4 (of 120), edges 1, face shapes 1, cell shapes 1  [0.0s]
  L3-{4,3,3}-6       distinct normalised inner products: vertex pairs   4 (of 120), edges 1, face shapes 1, cell shapes 1  [0.0s]
  L3-{5,3,3}-3       distinct normalised inner products: vertex pairs  30 (of 179700), edges 1, face shapes 1, cell shapes 1  [1.7s]
  L3-{5,3,3}-8       distinct normalised inner products: vertex pairs  30 (of 179700), edges 1, face shapes 1, cell shapes 1  [1.1s]
  L3-{5,3,5/2}-1     distinct normalised inner products: vertex pairs  22 (of 28680), edges 1, face shapes 1, cell shapes 1  [4.8s]
  L3-{5,3,5/2}-2     distinct normalised inner products: vertex pairs  22 (of 28680), edges 1, face shapes 1, cell shapes 1  [5.5s]
  L3-{5,3,5/2}-3     distinct normalised inner products: vertex pairs  22 (of 28680), edges 1, face shapes 1, cell shapes 1  [1.4s]
  L3-{5,3,5/2}-4     distinct normalised inner products: vertex pairs  22 (of 28680), edges 1, face shapes 1, cell shapes 1  [1.1s]
  L3-{5,3,5/2}-5     distinct normalised inner products: vertex pairs   6 (of 1128), edges 1, face shapes 1, cell shapes 1  [0.0s]
  L3-{5,3,5/2}-6     distinct normalised inner products: vertex pairs   6 (of 1128), edges 1, face shapes 1, cell shapes 1  [0.1s]
  L3-{5,3,5/2}-7     distinct normalised inner products: vertex pairs   6 (of 1128), edges 1, face shapes 1, cell shapes 1  [0.2s]
  L3-{5,3,5/2}-8     distinct normalised inner products: vertex pairs   6 (of 1128), edges 1, face shapes 1, cell shapes 1  [0.3s]
  L3-{5,3,5/2}-9     distinct normalised inner products: vertex pairs   8 (of 7140), edges 1, face shapes 1, cell shapes 1  [0.3s]
  L3-{5,3,5/2}-10    distinct normalised inner products: vertex pairs   8 (of 7140), edges 1, face shapes 1, cell shapes 1  [0.2s]
  L3-{5,3,5/2}-11    distinct normalised inner products: vertex pairs   8 (of 7140), edges 1, face shapes 1, cell shapes 1  [0.2s]
  L3-{5,3,5/2}-12    distinct normalised inner products: vertex pairs   8 (of 7140), edges 1, face shapes 1, cell shapes 1  [0.4s]
  L3-{5,3,5/2}-13    distinct normalised inner products: vertex pairs   8 (of 7140), edges 1, face shapes 1, cell shapes 1  [0.1s]
  L3-{5,3,5/2}-14    distinct normalised inner products: vertex pairs   8 (of 7140), edges 1, face shapes 1, cell shapes 1  [0.2s]
  L3-{5,3,5/2}-15    distinct normalised inner products: vertex pairs   8 (of 7140), edges 1, face shapes 1, cell shapes 1  [0.3s]
  L3-{5,3,5/2}-16    distinct normalised inner products: vertex pairs   8 (of 7140), edges 1, face shapes 1, cell shapes 1  [0.1s]
  L3-{3,3,5/2}-1     distinct normalised inner products: vertex pairs  30 (of 179700), edges 1, face shapes 1, cell shapes 1  [1.7s]
  L3-{3,3,5/2}-4     distinct normalised inner products: vertex pairs  30 (of 179700), edges 1, face shapes 1, cell shapes 1  [1.7s]
  L3-{4,3,3}-1       vs L3-{4,3,3}-2       f=(16, 32, 12, 4)        vertices=True edges=False faces=True cells=True  DIFFERENT invariants (edges): certificate of non-similarity
  L3-{4,3,3}-1       vs L3-{4,3,3}-3       f=(16, 32, 12, 4)        vertices=True edges=False faces=True cells=True  DIFFERENT invariants (edges): certificate of non-similarity
  L3-{4,3,3}-2       vs L3-{4,3,3}-1       f=(16, 32, 12, 4)        vertices=True edges=False faces=True cells=True  DIFFERENT invariants (edges): certificate of non-similarity
  L3-{4,3,3}-2       vs L3-{4,3,3}-6       f=(16, 32, 12, 4)        vertices=True edges=False faces=True cells=True  DIFFERENT invariants (edges): certificate of non-similarity
  L3-{4,3,3}-3       vs L3-{4,3,3}-1       f=(16, 32, 12, 4)        vertices=True edges=False faces=True cells=True  DIFFERENT invariants (edges): certificate of non-similarity
  L3-{4,3,3}-3       vs L3-{4,3,3}-6       f=(16, 32, 12, 4)        vertices=True edges=False faces=True cells=True  DIFFERENT invariants (edges): certificate of non-similarity
  L3-{4,3,3}-6       vs L3-{4,3,3}-2       f=(16, 32, 12, 4)        vertices=True edges=False faces=True cells=True  DIFFERENT invariants (edges): certificate of non-similarity
  L3-{4,3,3}-6       vs L3-{4,3,3}-3       f=(16, 32, 12, 4)        vertices=True edges=False faces=True cells=True  DIFFERENT invariants (edges): certificate of non-similarity
  L3-{5,3,3}-3       vs L3-{3,3,5/2}-1     f=(600, 1200, 120, 5)    vertices=True edges=False faces=False cells=True  DIFFERENT invariants (edges,faces): certificate of non-similarity
  L3-{5,3,3}-3       vs L3-{3,3,5/2}-4     f=(600, 1200, 120, 5)    vertices=True edges=False faces=False cells=True  DIFFERENT invariants (edges,faces): certificate of non-similarity
  L3-{5,3,3}-8       vs L3-{3,3,5/2}-1     f=(600, 1200, 120, 5)    vertices=True edges=False faces=False cells=True  DIFFERENT invariants (edges,faces): certificate of non-similarity
  L3-{5,3,3}-8       vs L3-{3,3,5/2}-4     f=(600, 1200, 120, 5)    vertices=True edges=False faces=False cells=True  DIFFERENT invariants (edges,faces): certificate of non-similarity
  L3-{5,3,5/2}-1     vs L3-{5,3,5/2}-2     f=(240, 480, 120, 20)    vertices=True edges=False faces=True cells=True  DIFFERENT invariants (edges): certificate of non-similarity
  L3-{5,3,5/2}-1     vs L3-{5,3,5/2}-3     f=(240, 480, 120, 20)    vertices=True edges=False faces=True cells=True  DIFFERENT invariants (edges): certificate of non-similarity
  L3-{5,3,5/2}-2     vs L3-{5,3,5/2}-1     f=(240, 480, 120, 20)    vertices=True edges=False faces=True cells=True  DIFFERENT invariants (edges): certificate of non-similarity
  L3-{5,3,5/2}-2     vs L3-{5,3,5/2}-4     f=(240, 480, 120, 20)    vertices=True edges=False faces=True cells=True  DIFFERENT invariants (edges): certificate of non-similarity
  L3-{5,3,5/2}-3     vs L3-{5,3,5/2}-1     f=(240, 480, 120, 20)    vertices=True edges=False faces=True cells=True  DIFFERENT invariants (edges): certificate of non-similarity
  L3-{5,3,5/2}-3     vs L3-{5,3,5/2}-4     f=(240, 480, 120, 20)    vertices=True edges=False faces=True cells=True  DIFFERENT invariants (edges): certificate of non-similarity
  L3-{5,3,5/2}-4     vs L3-{5,3,5/2}-2     f=(240, 480, 120, 20)    vertices=True edges=False faces=True cells=True  DIFFERENT invariants (edges): certificate of non-similarity
  L3-{5,3,5/2}-4     vs L3-{5,3,5/2}-3     f=(240, 480, 120, 20)    vertices=True edges=False faces=True cells=True  DIFFERENT invariants (edges): certificate of non-similarity
  L3-{5,3,5/2}-5     vs L3-{5,3,5/2}-6     f=(48, 144, 48, 8)       vertices=True edges=False faces=True cells=True  DIFFERENT invariants (edges): certificate of non-similarity
  L3-{5,3,5/2}-5     vs L3-{5,3,5/2}-7     f=(48, 144, 48, 8)       vertices=True edges=False faces=True cells=True  DIFFERENT invariants (edges): certificate of non-similarity
  L3-{5,3,5/2}-6     vs L3-{5,3,5/2}-5     f=(48, 144, 48, 8)       vertices=True edges=False faces=True cells=True  DIFFERENT invariants (edges): certificate of non-similarity
  L3-{5,3,5/2}-6     vs L3-{5,3,5/2}-8     f=(48, 144, 48, 8)       vertices=True edges=False faces=True cells=True  DIFFERENT invariants (edges): certificate of non-similarity
  L3-{5,3,5/2}-7     vs L3-{5,3,5/2}-5     f=(48, 144, 48, 8)       vertices=True edges=False faces=True cells=True  DIFFERENT invariants (edges): certificate of non-similarity
  L3-{5,3,5/2}-7     vs L3-{5,3,5/2}-8     f=(48, 144, 48, 8)       vertices=True edges=False faces=True cells=True  DIFFERENT invariants (edges): certificate of non-similarity
  L3-{5,3,5/2}-8     vs L3-{5,3,5/2}-6     f=(48, 144, 48, 8)       vertices=True edges=False faces=True cells=True  DIFFERENT invariants (edges): certificate of non-similarity
  L3-{5,3,5/2}-8     vs L3-{5,3,5/2}-7     f=(48, 144, 48, 8)       vertices=True edges=False faces=True cells=True  DIFFERENT invariants (edges): certificate of non-similarity
  L3-{5,3,5/2}-9     vs L3-{5,3,5/2}-10    f=(120, 720, 300, 50)    vertices=True edges=False faces=True cells=True  DIFFERENT invariants (edges): certificate of non-similarity
  L3-{5,3,5/2}-9     vs L3-{5,3,5/2}-11    f=(120, 720, 300, 50)    vertices=True edges=False faces=True cells=True  DIFFERENT invariants (edges): certificate of non-similarity
  L3-{5,3,5/2}-9     vs L3-{5,3,5/2}-13    f=(120, 720, 300, 50)    vertices=True edges=False faces=False cells=True  DIFFERENT invariants (edges,faces): certificate of non-similarity
  L3-{5,3,5/2}-9     vs L3-{5,3,5/2}-14    f=(120, 720, 300, 50)    vertices=True edges=False faces=False cells=True  DIFFERENT invariants (edges,faces): certificate of non-similarity
  L3-{5,3,5/2}-9     vs L3-{5,3,5/2}-15    f=(120, 720, 300, 50)    vertices=True edges=False faces=False cells=True  DIFFERENT invariants (edges,faces): certificate of non-similarity
  L3-{5,3,5/2}-9     vs L3-{5,3,5/2}-16    f=(120, 720, 300, 50)    vertices=True edges=False faces=False cells=True  DIFFERENT invariants (edges,faces): certificate of non-similarity
  L3-{5,3,5/2}-10    vs L3-{5,3,5/2}-9     f=(120, 720, 300, 50)    vertices=True edges=False faces=True cells=True  DIFFERENT invariants (edges): certificate of non-similarity
  L3-{5,3,5/2}-10    vs L3-{5,3,5/2}-12    f=(120, 720, 300, 50)    vertices=True edges=False faces=True cells=True  DIFFERENT invariants (edges): certificate of non-similarity
  L3-{5,3,5/2}-10    vs L3-{5,3,5/2}-13    f=(120, 720, 300, 50)    vertices=True edges=False faces=False cells=True  DIFFERENT invariants (edges,faces): certificate of non-similarity
  L3-{5,3,5/2}-10    vs L3-{5,3,5/2}-14    f=(120, 720, 300, 50)    vertices=True edges=False faces=False cells=True  DIFFERENT invariants (edges,faces): certificate of non-similarity
  L3-{5,3,5/2}-10    vs L3-{5,3,5/2}-15    f=(120, 720, 300, 50)    vertices=True edges=False faces=False cells=True  DIFFERENT invariants (edges,faces): certificate of non-similarity
  L3-{5,3,5/2}-10    vs L3-{5,3,5/2}-16    f=(120, 720, 300, 50)    vertices=True edges=False faces=False cells=True  DIFFERENT invariants (edges,faces): certificate of non-similarity
  L3-{5,3,5/2}-11    vs L3-{5,3,5/2}-9     f=(120, 720, 300, 50)    vertices=True edges=False faces=True cells=True  DIFFERENT invariants (edges): certificate of non-similarity
  L3-{5,3,5/2}-11    vs L3-{5,3,5/2}-12    f=(120, 720, 300, 50)    vertices=True edges=False faces=True cells=True  DIFFERENT invariants (edges): certificate of non-similarity
  L3-{5,3,5/2}-11    vs L3-{5,3,5/2}-13    f=(120, 720, 300, 50)    vertices=True edges=False faces=False cells=True  DIFFERENT invariants (edges,faces): certificate of non-similarity
  L3-{5,3,5/2}-11    vs L3-{5,3,5/2}-14    f=(120, 720, 300, 50)    vertices=True edges=False faces=False cells=True  DIFFERENT invariants (edges,faces): certificate of non-similarity
  L3-{5,3,5/2}-11    vs L3-{5,3,5/2}-15    f=(120, 720, 300, 50)    vertices=True edges=False faces=False cells=True  DIFFERENT invariants (edges,faces): certificate of non-similarity
  L3-{5,3,5/2}-11    vs L3-{5,3,5/2}-16    f=(120, 720, 300, 50)    vertices=True edges=False faces=False cells=True  DIFFERENT invariants (edges,faces): certificate of non-similarity
  L3-{5,3,5/2}-12    vs L3-{5,3,5/2}-10    f=(120, 720, 300, 50)    vertices=True edges=False faces=True cells=True  DIFFERENT invariants (edges): certificate of non-similarity
  L3-{5,3,5/2}-12    vs L3-{5,3,5/2}-11    f=(120, 720, 300, 50)    vertices=True edges=False faces=True cells=True  DIFFERENT invariants (edges): certificate of non-similarity
  L3-{5,3,5/2}-12    vs L3-{5,3,5/2}-13    f=(120, 720, 300, 50)    vertices=True edges=False faces=False cells=True  DIFFERENT invariants (edges,faces): certificate of non-similarity
  L3-{5,3,5/2}-12    vs L3-{5,3,5/2}-14    f=(120, 720, 300, 50)    vertices=True edges=False faces=False cells=True  DIFFERENT invariants (edges,faces): certificate of non-similarity
  L3-{5,3,5/2}-12    vs L3-{5,3,5/2}-15    f=(120, 720, 300, 50)    vertices=True edges=False faces=False cells=True  DIFFERENT invariants (edges,faces): certificate of non-similarity
  L3-{5,3,5/2}-12    vs L3-{5,3,5/2}-16    f=(120, 720, 300, 50)    vertices=True edges=False faces=False cells=True  DIFFERENT invariants (edges,faces): certificate of non-similarity
  L3-{5,3,5/2}-13    vs L3-{5,3,5/2}-9     f=(120, 720, 300, 50)    vertices=True edges=False faces=False cells=True  DIFFERENT invariants (edges,faces): certificate of non-similarity
  L3-{5,3,5/2}-13    vs L3-{5,3,5/2}-10    f=(120, 720, 300, 50)    vertices=True edges=False faces=False cells=True  DIFFERENT invariants (edges,faces): certificate of non-similarity
  L3-{5,3,5/2}-13    vs L3-{5,3,5/2}-11    f=(120, 720, 300, 50)    vertices=True edges=False faces=False cells=True  DIFFERENT invariants (edges,faces): certificate of non-similarity
  L3-{5,3,5/2}-13    vs L3-{5,3,5/2}-12    f=(120, 720, 300, 50)    vertices=True edges=False faces=False cells=True  DIFFERENT invariants (edges,faces): certificate of non-similarity
  L3-{5,3,5/2}-13    vs L3-{5,3,5/2}-15    f=(120, 720, 300, 50)    vertices=True edges=False faces=True cells=True  DIFFERENT invariants (edges): certificate of non-similarity
  L3-{5,3,5/2}-13    vs L3-{5,3,5/2}-16    f=(120, 720, 300, 50)    vertices=True edges=False faces=True cells=True  DIFFERENT invariants (edges): certificate of non-similarity
  L3-{5,3,5/2}-14    vs L3-{5,3,5/2}-9     f=(120, 720, 300, 50)    vertices=True edges=False faces=False cells=True  DIFFERENT invariants (edges,faces): certificate of non-similarity
  L3-{5,3,5/2}-14    vs L3-{5,3,5/2}-10    f=(120, 720, 300, 50)    vertices=True edges=False faces=False cells=True  DIFFERENT invariants (edges,faces): certificate of non-similarity
  L3-{5,3,5/2}-14    vs L3-{5,3,5/2}-11    f=(120, 720, 300, 50)    vertices=True edges=False faces=False cells=True  DIFFERENT invariants (edges,faces): certificate of non-similarity
  L3-{5,3,5/2}-14    vs L3-{5,3,5/2}-12    f=(120, 720, 300, 50)    vertices=True edges=False faces=False cells=True  DIFFERENT invariants (edges,faces): certificate of non-similarity
  L3-{5,3,5/2}-14    vs L3-{5,3,5/2}-15    f=(120, 720, 300, 50)    vertices=True edges=False faces=True cells=True  DIFFERENT invariants (edges): certificate of non-similarity
  L3-{5,3,5/2}-14    vs L3-{5,3,5/2}-16    f=(120, 720, 300, 50)    vertices=True edges=False faces=True cells=True  DIFFERENT invariants (edges): certificate of non-similarity
  L3-{5,3,5/2}-15    vs L3-{5,3,5/2}-9     f=(120, 720, 300, 50)    vertices=True edges=False faces=False cells=True  DIFFERENT invariants (edges,faces): certificate of non-similarity
  L3-{5,3,5/2}-15    vs L3-{5,3,5/2}-10    f=(120, 720, 300, 50)    vertices=True edges=False faces=False cells=True  DIFFERENT invariants (edges,faces): certificate of non-similarity
  L3-{5,3,5/2}-15    vs L3-{5,3,5/2}-11    f=(120, 720, 300, 50)    vertices=True edges=False faces=False cells=True  DIFFERENT invariants (edges,faces): certificate of non-similarity
  L3-{5,3,5/2}-15    vs L3-{5,3,5/2}-12    f=(120, 720, 300, 50)    vertices=True edges=False faces=False cells=True  DIFFERENT invariants (edges,faces): certificate of non-similarity
  L3-{5,3,5/2}-15    vs L3-{5,3,5/2}-13    f=(120, 720, 300, 50)    vertices=True edges=False faces=True cells=True  DIFFERENT invariants (edges): certificate of non-similarity
  L3-{5,3,5/2}-15    vs L3-{5,3,5/2}-14    f=(120, 720, 300, 50)    vertices=True edges=False faces=True cells=True  DIFFERENT invariants (edges): certificate of non-similarity
  L3-{5,3,5/2}-16    vs L3-{5,3,5/2}-9     f=(120, 720, 300, 50)    vertices=True edges=False faces=False cells=True  DIFFERENT invariants (edges,faces): certificate of non-similarity
  L3-{5,3,5/2}-16    vs L3-{5,3,5/2}-10    f=(120, 720, 300, 50)    vertices=True edges=False faces=False cells=True  DIFFERENT invariants (edges,faces): certificate of non-similarity
  L3-{5,3,5/2}-16    vs L3-{5,3,5/2}-11    f=(120, 720, 300, 50)    vertices=True edges=False faces=False cells=True  DIFFERENT invariants (edges,faces): certificate of non-similarity
  L3-{5,3,5/2}-16    vs L3-{5,3,5/2}-12    f=(120, 720, 300, 50)    vertices=True edges=False faces=False cells=True  DIFFERENT invariants (edges,faces): certificate of non-similarity
  L3-{5,3,5/2}-16    vs L3-{5,3,5/2}-13    f=(120, 720, 300, 50)    vertices=True edges=False faces=True cells=True  DIFFERENT invariants (edges): certificate of non-similarity
  L3-{5,3,5/2}-16    vs L3-{5,3,5/2}-14    f=(120, 720, 300, 50)    vertices=True edges=False faces=True cells=True  DIFFERENT invariants (edges): certificate of non-similarity
  L3-{3,3,5/2}-1     vs L3-{5,3,3}-3       f=(600, 1200, 120, 5)    vertices=True edges=False faces=False cells=True  DIFFERENT invariants (edges,faces): certificate of non-similarity
  L3-{3,3,5/2}-1     vs L3-{5,3,3}-8       f=(600, 1200, 120, 5)    vertices=True edges=False faces=False cells=True  DIFFERENT invariants (edges,faces): certificate of non-similarity
  L3-{3,3,5/2}-4     vs L3-{5,3,3}-3       f=(600, 1200, 120, 5)    vertices=True edges=False faces=False cells=True  DIFFERENT invariants (edges,faces): certificate of non-similarity
  L3-{3,3,5/2}-4     vs L3-{5,3,3}-8       f=(600, 1200, 120, 5)    vertices=True edges=False faces=False cells=True  DIFFERENT invariants (edges,faces): certificate of non-similarity

wrote /Users/daniel/github/skeletal-polytopes/research/petcox-facet-extensions/audits/fable-ultra-equivalence/logs/method4-results.tsv
wrote /Users/daniel/github/skeletal-polytopes/research/petcox-facet-extensions/audits/fable-ultra-equivalence/logs/method4-invariants.tsv

== SUMMARY ==
certificates verified: 96
certificates failed:   0
verified certificates (case_a, case_b, candidate, lambda, det_sign, isometry?):
  (L3-{4,3,3}-1, L3-{4,3,3}-1, even, lambda=1 [1.000000], det_sign=+1, isometry)
  (L3-{4,3,3}-1, L3-{4,3,3}-1, odd, lambda=1 [1.000000], det_sign=+1, isometry)
  (L3-{4,3,3}-6, L3-{4,3,3}-1, even, lambda=3/4 [0.750000], det_sign=+1, similarity-only)
  (L3-{4,3,3}-6, L3-{4,3,3}-1, odd, lambda=3/4 [0.750000], det_sign=+1, similarity-only)
  (L3-{4,3,3}-2, L3-{4,3,3}-2, even, lambda=1 [1.000000], det_sign=+1, isometry)
  (L3-{4,3,3}-2, L3-{4,3,3}-2, odd, lambda=1 [1.000000], det_sign=+1, isometry)
  (L3-{4,3,3}-3, L3-{4,3,3}-2, even, lambda=3/4 [0.750000], det_sign=+1, similarity-only)
  (L3-{4,3,3}-3, L3-{4,3,3}-2, odd, lambda=3/4 [0.750000], det_sign=+1, similarity-only)
  (L3-{4,3,3}-2, L3-{4,3,3}-3, even, lambda=4/3 [1.333333], det_sign=+1, similarity-only)
  (L3-{4,3,3}-2, L3-{4,3,3}-3, odd, lambda=4/3 [1.333333], det_sign=+1, similarity-only)
  (L3-{4,3,3}-3, L3-{4,3,3}-3, even, lambda=1 [1.000000], det_sign=+1, isometry)
  (L3-{4,3,3}-3, L3-{4,3,3}-3, odd, lambda=1 [1.000000], det_sign=+1, isometry)
  (L3-{4,3,3}-1, L3-{4,3,3}-6, even, lambda=4/3 [1.333333], det_sign=+1, similarity-only)
  (L3-{4,3,3}-1, L3-{4,3,3}-6, odd, lambda=4/3 [1.333333], det_sign=+1, similarity-only)
  (L3-{4,3,3}-6, L3-{4,3,3}-6, even, lambda=1 [1.000000], det_sign=+1, isometry)
  (L3-{4,3,3}-6, L3-{4,3,3}-6, odd, lambda=1 [1.000000], det_sign=+1, isometry)
  (L3-{5,3,3}-3, L3-{5,3,3}-3, even, lambda=1 [1.000000], det_sign=+1, isometry)
  (L3-{5,3,3}-3, L3-{5,3,3}-3, odd, lambda=1 [1.000000], det_sign=+1, isometry)
  (L3-{5,3,3}-8, L3-{5,3,3}-3, even, lambda=-5/2*E(5)-13/2*E(5)^2-13/2*E(5)^3-5/2*E(5)^4 [8.972136], det_sign=+1, similarity-only)
  (L3-{5,3,3}-8, L3-{5,3,3}-3, odd, lambda=-5/2*E(5)-13/2*E(5)^2-13/2*E(5)^3-5/2*E(5)^4 [8.972136], det_sign=+1, similarity-only)
  (L3-{5,3,3}-3, L3-{5,3,3}-8, even, lambda=-26*E(5)-10*E(5)^2-10*E(5)^3-26*E(5)^4 [0.111456], det_sign=+1, similarity-only)
  (L3-{5,3,3}-3, L3-{5,3,3}-8, odd, lambda=-26*E(5)-10*E(5)^2-10*E(5)^3-26*E(5)^4 [0.111456], det_sign=+1, similarity-only)
  (L3-{5,3,3}-8, L3-{5,3,3}-8, even, lambda=1 [1.000000], det_sign=+1, isometry)
  (L3-{5,3,3}-8, L3-{5,3,3}-8, odd, lambda=1 [1.000000], det_sign=+1, isometry)
  (L3-{5,3,5/2}-1, L3-{5,3,5/2}-1, even, lambda=1 [1.000000], det_sign=+1, isometry)
  (L3-{5,3,5/2}-1, L3-{5,3,5/2}-1, odd, lambda=1 [1.000000], det_sign=+1, isometry)
  (L3-{5,3,5/2}-4, L3-{5,3,5/2}-1, even, lambda=-4/3*E(40)^7-8/3*E(40)^8+4/3*E(40)^13-14/3*E(40)^16+8/3*E(40)^21-4/3*E(40)^23-14/3*E(40)^24+8/3*E(40)^29-8/3*E(40)^31-8/3*E(40)^32+4/3*E(40)^37-8/3*E(40)^39 [0.966122], det_sign=+1, similarity-only)
  (L3-{5,3,5/2}-4, L3-{5,3,5/2}-1, odd, lambda=-4/3*E(40)^7-8/3*E(40)^8+4/3*E(40)^13-14/3*E(40)^16+8/3*E(40)^21-4/3*E(40)^23-14/3*E(40)^24+8/3*E(40)^29-8/3*E(40)^31-8/3*E(40)^32+4/3*E(40)^37-8/3*E(40)^39 [0.966122], det_sign=+1, similarity-only)
  (L3-{5,3,5/2}-2, L3-{5,3,5/2}-2, even, lambda=1 [1.000000], det_sign=+1, isometry)
  (L3-{5,3,5/2}-2, L3-{5,3,5/2}-2, odd, lambda=1 [1.000000], det_sign=+1, isometry)
  (L3-{5,3,5/2}-3, L3-{5,3,5/2}-2, even, lambda=4/3*E(40)^7-8/3*E(40)^8-4/3*E(40)^13-14/3*E(40)^16-8/3*E(40)^21+4/3*E(40)^23-14/3*E(40)^24-8/3*E(40)^29+8/3*E(40)^31-8/3*E(40)^32-4/3*E(40)^37+8/3*E(40)^39 [10.839347], det_sign=+1, similarity-only)
  (L3-{5,3,5/2}-3, L3-{5,3,5/2}-2, odd, lambda=4/3*E(40)^7-8/3*E(40)^8-4/3*E(40)^13-14/3*E(40)^16-8/3*E(40)^21+4/3*E(40)^23-14/3*E(40)^24-8/3*E(40)^29+8/3*E(40)^31-8/3*E(40)^32-4/3*E(40)^37+8/3*E(40)^39 [10.839347], det_sign=+1, similarity-only)
  (L3-{5,3,5/2}-2, L3-{5,3,5/2}-3, even, lambda=-1/3*E(40)^7-5/6*E(40)^8+1/3*E(40)^13-2/3*E(40)^16+1/3*E(40)^21-1/3*E(40)^23-2/3*E(40)^24+1/3*E(40)^29-1/3*E(40)^31-5/6*E(40)^32+1/3*E(40)^37-1/3*E(40)^39 [0.092256], det_sign=+1, similarity-only)
  (L3-{5,3,5/2}-2, L3-{5,3,5/2}-3, odd, lambda=-1/3*E(40)^7-5/6*E(40)^8+1/3*E(40)^13-2/3*E(40)^16+1/3*E(40)^21-1/3*E(40)^23-2/3*E(40)^24+1/3*E(40)^29-1/3*E(40)^31-5/6*E(40)^32+1/3*E(40)^37-1/3*E(40)^39 [0.092256], det_sign=+1, similarity-only)
  (L3-{5,3,5/2}-3, L3-{5,3,5/2}-3, even, lambda=1 [1.000000], det_sign=+1, isometry)
  (L3-{5,3,5/2}-3, L3-{5,3,5/2}-3, odd, lambda=1 [1.000000], det_sign=+1, isometry)
  (L3-{5,3,5/2}-1, L3-{5,3,5/2}-4, even, lambda=1/3*E(40)^7-5/6*E(40)^8-1/3*E(40)^13-2/3*E(40)^16-1/3*E(40)^21+1/3*E(40)^23-2/3*E(40)^24-1/3*E(40)^29+1/3*E(40)^31-5/6*E(40)^32-1/3*E(40)^37+1/3*E(40)^39 [1.035066], det_sign=+1, similarity-only)
  (L3-{5,3,5/2}-1, L3-{5,3,5/2}-4, odd, lambda=1/3*E(40)^7-5/6*E(40)^8-1/3*E(40)^13-2/3*E(40)^16-1/3*E(40)^21+1/3*E(40)^23-2/3*E(40)^24-1/3*E(40)^29+1/3*E(40)^31-5/6*E(40)^32-1/3*E(40)^37+1/3*E(40)^39 [1.035066], det_sign=+1, similarity-only)
  (L3-{5,3,5/2}-4, L3-{5,3,5/2}-4, even, lambda=1 [1.000000], det_sign=+1, isometry)
  (L3-{5,3,5/2}-4, L3-{5,3,5/2}-4, odd, lambda=1 [1.000000], det_sign=+1, isometry)
  (L3-{5,3,5/2}-5, L3-{5,3,5/2}-5, even, lambda=1 [1.000000], det_sign=+1, isometry)
  (L3-{5,3,5/2}-5, L3-{5,3,5/2}-5, odd, lambda=1 [1.000000], det_sign=+1, isometry)
  (L3-{5,3,5/2}-8, L3-{5,3,5/2}-5, even, lambda=-2/3*E(40)^7-4/3*E(40)^8+2/3*E(40)^13-5/3*E(40)^16+2/3*E(40)^21-2/3*E(40)^23-5/3*E(40)^24+2/3*E(40)^29-2/3*E(40)^31-4/3*E(40)^32+2/3*E(40)^37-2/3*E(40)^39 [0.929869], det_sign=+1, similarity-only)
  (L3-{5,3,5/2}-8, L3-{5,3,5/2}-5, odd, lambda=-2/3*E(40)^7-4/3*E(40)^8+2/3*E(40)^13-5/3*E(40)^16+2/3*E(40)^21-2/3*E(40)^23-5/3*E(40)^24+2/3*E(40)^29-2/3*E(40)^31-4/3*E(40)^32+2/3*E(40)^37-2/3*E(40)^39 [0.929869], det_sign=+1, similarity-only)
  (L3-{5,3,5/2}-6, L3-{5,3,5/2}-6, even, lambda=1 [1.000000], det_sign=+1, isometry)
  (L3-{5,3,5/2}-6, L3-{5,3,5/2}-6, odd, lambda=1 [1.000000], det_sign=+1, isometry)
  (L3-{5,3,5/2}-7, L3-{5,3,5/2}-6, even, lambda=2/3*E(40)^7-4/3*E(40)^8-2/3*E(40)^13-5/3*E(40)^16-2/3*E(40)^21+2/3*E(40)^23-5/3*E(40)^24-2/3*E(40)^29+2/3*E(40)^31-4/3*E(40)^32-2/3*E(40)^37+2/3*E(40)^39 [2.815487], det_sign=+1, similarity-only)
  (L3-{5,3,5/2}-7, L3-{5,3,5/2}-6, odd, lambda=2/3*E(40)^7-4/3*E(40)^8-2/3*E(40)^13-5/3*E(40)^16-2/3*E(40)^21+2/3*E(40)^23-5/3*E(40)^24-2/3*E(40)^29+2/3*E(40)^31-4/3*E(40)^32-2/3*E(40)^37+2/3*E(40)^39 [2.815487], det_sign=+1, similarity-only)
  (L3-{5,3,5/2}-6, L3-{5,3,5/2}-7, even, lambda=-4/3*E(40)^7-7/3*E(40)^8+4/3*E(40)^13-4/3*E(40)^16+2/3*E(40)^21-4/3*E(40)^23-4/3*E(40)^24+2/3*E(40)^29-2/3*E(40)^31-7/3*E(40)^32+4/3*E(40)^37-2/3*E(40)^39 [0.355178], det_sign=+1, similarity-only)
  (L3-{5,3,5/2}-6, L3-{5,3,5/2}-7, odd, lambda=-4/3*E(40)^7-7/3*E(40)^8+4/3*E(40)^13-4/3*E(40)^16+2/3*E(40)^21-4/3*E(40)^23-4/3*E(40)^24+2/3*E(40)^29-2/3*E(40)^31-7/3*E(40)^32+4/3*E(40)^37-2/3*E(40)^39 [0.355178], det_sign=+1, similarity-only)
  (L3-{5,3,5/2}-7, L3-{5,3,5/2}-7, even, lambda=1 [1.000000], det_sign=+1, isometry)
  (L3-{5,3,5/2}-7, L3-{5,3,5/2}-7, odd, lambda=1 [1.000000], det_sign=+1, isometry)
  (L3-{5,3,5/2}-5, L3-{5,3,5/2}-8, even, lambda=4/3*E(40)^7-7/3*E(40)^8-4/3*E(40)^13-4/3*E(40)^16-2/3*E(40)^21+4/3*E(40)^23-4/3*E(40)^24-2/3*E(40)^29+2/3*E(40)^31-7/3*E(40)^32-4/3*E(40)^37+2/3*E(40)^39 [1.075420], det_sign=+1, similarity-only)
  (L3-{5,3,5/2}-5, L3-{5,3,5/2}-8, odd, lambda=4/3*E(40)^7-7/3*E(40)^8-4/3*E(40)^13-4/3*E(40)^16-2/3*E(40)^21+4/3*E(40)^23-4/3*E(40)^24-2/3*E(40)^29+2/3*E(40)^31-7/3*E(40)^32-4/3*E(40)^37+2/3*E(40)^39 [1.075420], det_sign=+1, similarity-only)
  (L3-{5,3,5/2}-8, L3-{5,3,5/2}-8, even, lambda=1 [1.000000], det_sign=+1, isometry)
  (L3-{5,3,5/2}-8, L3-{5,3,5/2}-8, odd, lambda=1 [1.000000], det_sign=+1, isometry)
  (L3-{5,3,5/2}-9, L3-{5,3,5/2}-9, even, lambda=1 [1.000000], det_sign=+1, isometry)
  (L3-{5,3,5/2}-9, L3-{5,3,5/2}-9, odd, lambda=1 [1.000000], det_sign=+1, isometry)
  (L3-{5,3,5/2}-12, L3-{5,3,5/2}-9, even, lambda=5/6 [0.833333], det_sign=+1, similarity-only)
  (L3-{5,3,5/2}-12, L3-{5,3,5/2}-9, odd, lambda=5/6 [0.833333], det_sign=+1, similarity-only)
  (L3-{5,3,5/2}-10, L3-{5,3,5/2}-10, even, lambda=1 [1.000000], det_sign=+1, isometry)
  (L3-{5,3,5/2}-10, L3-{5,3,5/2}-10, odd, lambda=1 [1.000000], det_sign=+1, isometry)
  (L3-{5,3,5/2}-11, L3-{5,3,5/2}-10, even, lambda=3/2 [1.500000], det_sign=+1, similarity-only)
  (L3-{5,3,5/2}-11, L3-{5,3,5/2}-10, odd, lambda=3/2 [1.500000], det_sign=+1, similarity-only)
  (L3-{5,3,5/2}-10, L3-{5,3,5/2}-11, even, lambda=2/3 [0.666667], det_sign=+1, similarity-only)
  (L3-{5,3,5/2}-10, L3-{5,3,5/2}-11, odd, lambda=2/3 [0.666667], det_sign=+1, similarity-only)
  (L3-{5,3,5/2}-11, L3-{5,3,5/2}-11, even, lambda=1 [1.000000], det_sign=+1, isometry)
  (L3-{5,3,5/2}-11, L3-{5,3,5/2}-11, odd, lambda=1 [1.000000], det_sign=+1, isometry)
  (L3-{5,3,5/2}-9, L3-{5,3,5/2}-12, even, lambda=6/5 [1.200000], det_sign=+1, similarity-only)
  (L3-{5,3,5/2}-9, L3-{5,3,5/2}-12, odd, lambda=6/5 [1.200000], det_sign=+1, similarity-only)
  (L3-{5,3,5/2}-12, L3-{5,3,5/2}-12, even, lambda=1 [1.000000], det_sign=+1, isometry)
  (L3-{5,3,5/2}-12, L3-{5,3,5/2}-12, odd, lambda=1 [1.000000], det_sign=+1, isometry)
  (L3-{5,3,5/2}-13, L3-{5,3,5/2}-13, even, lambda=1 [1.000000], det_sign=+1, isometry)
  (L3-{5,3,5/2}-13, L3-{5,3,5/2}-13, odd, lambda=1 [1.000000], det_sign=+1, isometry)
  (L3-{5,3,5/2}-14, L3-{5,3,5/2}-13, even, lambda=-3/8*E(5)-3/4*E(5)^2-3/4*E(5)^3-3/8*E(5)^4 [0.981763], det_sign=+1, similarity-only)
  (L3-{5,3,5/2}-14, L3-{5,3,5/2}-13, odd, lambda=-3/8*E(5)-3/4*E(5)^2-3/4*E(5)^3-3/8*E(5)^4 [0.981763], det_sign=+1, similarity-only)
  (L3-{5,3,5/2}-13, L3-{5,3,5/2}-14, even, lambda=-16/3*E(5)-8/3*E(5)^2-8/3*E(5)^3-16/3*E(5)^4 [1.018576], det_sign=+1, similarity-only)
  (L3-{5,3,5/2}-13, L3-{5,3,5/2}-14, odd, lambda=-16/3*E(5)-8/3*E(5)^2-8/3*E(5)^3-16/3*E(5)^4 [1.018576], det_sign=+1, similarity-only)
  (L3-{5,3,5/2}-14, L3-{5,3,5/2}-14, even, lambda=1 [1.000000], det_sign=+1, isometry)
  (L3-{5,3,5/2}-14, L3-{5,3,5/2}-14, odd, lambda=1 [1.000000], det_sign=+1, isometry)
  (L3-{5,3,5/2}-15, L3-{5,3,5/2}-15, even, lambda=1 [1.000000], det_sign=+1, isometry)
  (L3-{5,3,5/2}-15, L3-{5,3,5/2}-15, odd, lambda=1 [1.000000], det_sign=+1, isometry)
  (L3-{5,3,5/2}-16, L3-{5,3,5/2}-15, even, lambda=-3*E(5)-15/2*E(5)^2-15/2*E(5)^3-3*E(5)^4 [10.281153], det_sign=+1, similarity-only)
  (L3-{5,3,5/2}-16, L3-{5,3,5/2}-15, odd, lambda=-3*E(5)-15/2*E(5)^2-15/2*E(5)^3-3*E(5)^4 [10.281153], det_sign=+1, similarity-only)
  (L3-{5,3,5/2}-15, L3-{5,3,5/2}-16, even, lambda=-10/3*E(5)-4/3*E(5)^2-4/3*E(5)^3-10/3*E(5)^4 [0.097265], det_sign=+1, similarity-only)
  (L3-{5,3,5/2}-15, L3-{5,3,5/2}-16, odd, lambda=-10/3*E(5)-4/3*E(5)^2-4/3*E(5)^3-10/3*E(5)^4 [0.097265], det_sign=+1, similarity-only)
  (L3-{5,3,5/2}-16, L3-{5,3,5/2}-16, even, lambda=1 [1.000000], det_sign=+1, isometry)
  (L3-{5,3,5/2}-16, L3-{5,3,5/2}-16, odd, lambda=1 [1.000000], det_sign=+1, isometry)
  (L3-{3,3,5/2}-1, L3-{3,3,5/2}-1, even, lambda=1 [1.000000], det_sign=+1, isometry)
  (L3-{3,3,5/2}-1, L3-{3,3,5/2}-1, odd, lambda=1 [1.000000], det_sign=+1, isometry)
  (L3-{3,3,5/2}-4, L3-{3,3,5/2}-1, even, lambda=1/2 [0.500000], det_sign=+1, similarity-only)
  (L3-{3,3,5/2}-4, L3-{3,3,5/2}-1, odd, lambda=1/2 [0.500000], det_sign=+1, similarity-only)
  (L3-{3,3,5/2}-1, L3-{3,3,5/2}-4, even, lambda=2 [2.000000], det_sign=+1, similarity-only)
  (L3-{3,3,5/2}-1, L3-{3,3,5/2}-4, odd, lambda=2 [2.000000], det_sign=+1, similarity-only)
  (L3-{3,3,5/2}-4, L3-{3,3,5/2}-4, even, lambda=1 [1.000000], det_sign=+1, isometry)
  (L3-{3,3,5/2}-4, L3-{3,3,5/2}-4, odd, lambda=1 [1.000000], det_sign=+1, isometry)
isometries (lambda = 1) among verified certificates: 48 (of which with a != b: 0)
det signs among verified certificates: {1: 96}
distinct certified unordered pairs a != b: 12
image flag orbits (a != b): {('even', 'odd'): 24, ('odd', 'odd'): 24}
image flag orbits (a == b): {('even', 'even'): 24, ('odd', 'even'): 24}
non-certified equal-f-vector ordered pairs: 80; distinguished by invariants: 80; invariants coincide: 0
total self-checks: 2855, failed: 0, elapsed 39s
Done: method4-verify-certificates.py
