=== method2-verify-certificates.g ===
records in DATA: 24 ; certificates: 12

--- certificate L3-{4,3,3}-1 -> L3-{4,3,3}-6
  built L3-{4,3,3}-1: f-vector [ 16, 32, 12, 4 ], |Gamma| = 192, p = 8, w.w = 
3
  [ok]   f-vector of L3-{4,3,3}-1 as expected
  [ok]   base face has p distinct edges
  [ok]   base face edges lie in the edge orbit
  built L3-{4,3,3}-6: f-vector [ 16, 32, 12, 4 ], |Gamma| = 192, p = 8, w.w = 
4
  [ok]   f-vector of L3-{4,3,3}-6 as expected
  [ok]   base face has p distinct edges
  [ok]   base face edges lie in the edge orbit
  M = [ [ 2/3, 2/3, 0, -2/3 ], [ 0, 2/3, -2/3, 2/3 ], [ -2/3, 2/3, 2/3, 0 ], 
  [ 2/3, 0, 2/3, 2/3 ] ]
  lambda = 4/3  det_sign = 1
  [ok]   M has real cyclotomic entries
  [ok]   M*M^T = lambda*I (exact)
  [ok]   lambda = (w_b.w_b)/(w_a.w_a) (exact)
  [ok]   Det(M) = 1*lambda^2 (exact)
  [ok]   V_a * M = V_b (vertex sets, exact)
  [ok]   E_a * M = E_b (edge sets, exact)
  [ok]   F_a * M = F_b (2-face sets, exact)
  [ok]   C_a * M = C_b (cell sets, exact)
  [ok]   non-congruent pair has lambda <> 1
  [ok]   proper-similar pair: certificate is proper (det > 0)

--- certificate L3-{4,3,3}-2 -> L3-{4,3,3}-3
  built L3-{4,3,3}-2: f-vector [ 16, 32, 12, 4 ], |Gamma| = 192, p = 8, w.w = 
3/4
  [ok]   f-vector of L3-{4,3,3}-2 as expected
  [ok]   base face has p distinct edges
  [ok]   base face edges lie in the edge orbit
  built L3-{4,3,3}-3: f-vector [ 16, 32, 12, 4 ], |Gamma| = 192, p = 8, w.w = 
1
  [ok]   f-vector of L3-{4,3,3}-3 as expected
  [ok]   base face has p distinct edges
  [ok]   base face edges lie in the edge orbit
  M = [ [ 2/3, 0, 2/3, 2/3 ], [ -2/3, 2/3, 2/3, 0 ], [ 0, -2/3, 2/3, -2/3 ], 
  [ -2/3, -2/3, 0, 2/3 ] ]
  lambda = 4/3  det_sign = 1
  [ok]   M has real cyclotomic entries
  [ok]   M*M^T = lambda*I (exact)
  [ok]   lambda = (w_b.w_b)/(w_a.w_a) (exact)
  [ok]   Det(M) = 1*lambda^2 (exact)
  [ok]   V_a * M = V_b (vertex sets, exact)
  [ok]   E_a * M = E_b (edge sets, exact)
  [ok]   F_a * M = F_b (2-face sets, exact)
  [ok]   C_a * M = C_b (cell sets, exact)
  [ok]   non-congruent pair has lambda <> 1
  [ok]   proper-similar pair: certificate is proper (det > 0)

--- certificate L3-{5,3,3}-3 -> L3-{5,3,3}-8
  built L3-{5,3,3}-3: f-vector [ 600, 1200, 120, 5 ], |Gamma| = 7200, p = 
30, w.w = -136*E(5)-356*E(5)^2-356*E(5)^3-136*E(5)^4
  [ok]   f-vector of L3-{5,3,3}-3 as expected
  [ok]   base face has p distinct edges
  [ok]   base face edges lie in the edge orbit
  built L3-{5,3,3}-8: f-vector [ 600, 1200, 120, 5 ], |Gamma| = 7200, p = 
30, w.w = -16*E(5)-40*E(5)^2-40*E(5)^3-16*E(5)^4
  [ok]   f-vector of L3-{5,3,3}-8 as expected
  [ok]   base face has p distinct edges
  [ok]   base face edges lie in the edge orbit
  M = 
[ 
  [ 1/2*E(5)+1/2*E(5)^4, 5/2*E(5)+E(5)^2+E(5)^3+5/2*E(5)^4, 
      5/2*E(5)+E(5)^2+E(5)^3+5/2*E(5)^4, 5/2*E(5)+E(5)^2+E(5)^3+5/2*E(5)^4 ], 
  [ -5/2*E(5)-E(5)^2-E(5)^3-5/2*E(5)^4, -E(5)-1/2*E(5)^2-1/2*E(5)^3-E(5)^4, 
      3*E(5)+E(5)^2+E(5)^3+3*E(5)^4, 
      -3/2*E(5)-1/2*E(5)^2-1/2*E(5)^3-3/2*E(5)^4 ], 
  [ 5/2*E(5)+E(5)^2+E(5)^3+5/2*E(5)^4, -3*E(5)-E(5)^2-E(5)^3-3*E(5)^4, 
      3/2*E(5)+1/2*E(5)^2+1/2*E(5)^3+3/2*E(5)^4, 
      E(5)+1/2*E(5)^2+1/2*E(5)^3+E(5)^4 ], 
  [ -5/2*E(5)-E(5)^2-E(5)^3-5/2*E(5)^4, 
      -3/2*E(5)-1/2*E(5)^2-1/2*E(5)^3-3/2*E(5)^4, 
      -E(5)-1/2*E(5)^2-1/2*E(5)^3-E(5)^4, 3*E(5)+E(5)^2+E(5)^3+3*E(5)^4 ] ]
  lambda = -26*E(5)-10*E(5)^2-10*E(5)^3-26*E(5)^4  det_sign = 1
  [ok]   M has real cyclotomic entries
  [ok]   M*M^T = lambda*I (exact)
  [ok]   lambda = (w_b.w_b)/(w_a.w_a) (exact)
  [ok]   Det(M) = 1*lambda^2 (exact)
  [ok]   V_a * M = V_b (vertex sets, exact)
  [ok]   E_a * M = E_b (edge sets, exact)
  [ok]   F_a * M = F_b (2-face sets, exact)
  [ok]   C_a * M = C_b (cell sets, exact)
  [ok]   non-congruent pair has lambda <> 1
  [ok]   proper-similar pair: certificate is proper (det > 0)

--- certificate L3-{5,3,5/2}-1 -> L3-{5,3,5/2}-4
  built L3-{5,3,5/2}-1: f-vector [ 240, 480, 120, 20 ], |Gamma| = 2880, p = 
12, w.w = -56*E(40)^7-80*E(40)^8+56*E(40)^13-208*E(40)^16+146*E(40)^21
 -56*E(40)^23-208*E(40)^24+146*E(40)^29-146*E(40)^31-80*E(40)^32+56*E(40)^37
 -146*E(40)^39
  [ok]   f-vector of L3-{5,3,5/2}-1 as expected
  [ok]   base face has p distinct edges
  [ok]   base face edges lie in the edge orbit
  built L3-{5,3,5/2}-4: f-vector [ 240, 480, 120, 20 ], |Gamma| = 2880, p = 
12, w.w = -5*E(40)^7-8*E(40)^8+5*E(40)^13-20*E(40)^16+13*E(40)^21-5*E(40)^23
 -20*E(40)^24+13*E(40)^29-13*E(40)^31-8*E(40)^32+5*E(40)^37-13*E(40)^39
  [ok]   f-vector of L3-{5,3,5/2}-4 as expected
  [ok]   base face has p distinct edges
  [ok]   base face edges lie in the edge orbit
  M = 
[ 
  [ 1/3*E(40)^7-7/12*E(40)^8-1/3*E(40)^13-5/12*E(40)^16-1/3*E(40)^21
         +1/3*E(40)^23-5/12*E(40)^24-1/3*E(40)^29+1/3*E(40)^31-7/12*E(40)^32
         -1/3*E(40)^37+1/3*E(40)^39, 
      -1/6*E(40)^7-1/6*E(40)^8+1/6*E(40)^13+1/12*E(40)^16+1/12*E(40)^21
         -1/6*E(40)^23+1/12*E(40)^24+1/12*E(40)^29-1/12*E(40)^31-1/6*E(40)^32
         +1/6*E(40)^37-1/12*E(40)^39, 
      1/12*E(40)^7-1/12*E(40)^8-1/12*E(40)^13-1/6*E(40)^16-1/12*E(40)^21
         +1/12*E(40)^23-1/6*E(40)^24-1/12*E(40)^29+1/12*E(40)^31-1/12*E(40)^32
         -1/12*E(40)^37+1/12*E(40)^39, 
      1/12*E(40)^7-1/6*E(40)^8-1/12*E(40)^13-1/6*E(40)^16-1/6*E(40)^21
         +1/12*E(40)^23-1/6*E(40)^24-1/6*E(40)^29+1/6*E(40)^31-1/6*E(40)^32
         -1/12*E(40)^37+1/6*E(40)^39 ], 
  [ 1/6*E(40)^7+1/6*E(40)^8-1/6*E(40)^13-1/12*E(40)^16-1/12*E(40)^21
         +1/6*E(40)^23-1/12*E(40)^24-1/12*E(40)^29+1/12*E(40)^31+1/6*E(40)^32
         -1/6*E(40)^37+1/12*E(40)^39, 
      1/3*E(40)^7-7/12*E(40)^8-1/3*E(40)^13-5/12*E(40)^16-1/3*E(40)^21
         +1/3*E(40)^23-5/12*E(40)^24-1/3*E(40)^29+1/3*E(40)^31-7/12*E(40)^32
         -1/3*E(40)^37+1/3*E(40)^39, 
      -1/12*E(40)^7+1/6*E(40)^8+1/12*E(40)^13+1/6*E(40)^16+1/6*E(40)^21
         -1/12*E(40)^23+1/6*E(40)^24+1/6*E(40)^29-1/6*E(40)^31+1/6*E(40)^32
         +1/12*E(40)^37-1/6*E(40)^39, 
      1/12*E(40)^7-1/12*E(40)^8-1/12*E(40)^13-1/6*E(40)^16-1/12*E(40)^21
         +1/12*E(40)^23-1/6*E(40)^24-1/12*E(40)^29+1/12*E(40)^31-1/12*E(40)^32
         -1/12*E(40)^37+1/12*E(40)^39 ], 
  [ 1/12*E(40)^7-1/12*E(40)^8-1/12*E(40)^13-1/6*E(40)^16-1/12*E(40)^21
         +1/12*E(40)^23-1/6*E(40)^24-1/12*E(40)^29+1/12*E(40)^31-1/12*E(40)^32
         -1/12*E(40)^37+1/12*E(40)^39, 
      1/12*E(40)^7-1/6*E(40)^8-1/12*E(40)^13-1/6*E(40)^16-1/6*E(40)^21
         +1/12*E(40)^23-1/6*E(40)^24-1/6*E(40)^29+1/6*E(40)^31-1/6*E(40)^32
         -1/12*E(40)^37+1/6*E(40)^39, 
      -5/12*E(40)^8-1/4*E(40)^16-1/6*E(40)^21-1/4*E(40)^24-1/6*E(40)^29
         +1/6*E(40)^31-5/12*E(40)^32+1/6*E(40)^39, 
      -1/3*E(40)^7+1/2*E(40)^8+1/3*E(40)^13+5/12*E(40)^16+1/4*E(40)^21
         -1/3*E(40)^23+5/12*E(40)^24+1/4*E(40)^29-1/4*E(40)^31+1/2*E(40)^32
         +1/3*E(40)^37-1/4*E(40)^39 ], 
  [ -1/12*E(40)^7+1/6*E(40)^8+1/12*E(40)^13+1/6*E(40)^16+1/6*E(40)^21
         -1/12*E(40)^23+1/6*E(40)^24+1/6*E(40)^29-1/6*E(40)^31+1/6*E(40)^32
         +1/12*E(40)^37-1/6*E(40)^39, 
      1/12*E(40)^7-1/12*E(40)^8-1/12*E(40)^13-1/6*E(40)^16-1/12*E(40)^21
         +1/12*E(40)^23-1/6*E(40)^24-1/12*E(40)^29+1/12*E(40)^31-1/12*E(40)^32
         -1/12*E(40)^37+1/12*E(40)^39, 
      1/3*E(40)^7-1/2*E(40)^8-1/3*E(40)^13-5/12*E(40)^16-1/4*E(40)^21
         +1/3*E(40)^23-5/12*E(40)^24-1/4*E(40)^29+1/4*E(40)^31-1/2*E(40)^32
         -1/3*E(40)^37+1/4*E(40)^39, 
      -5/12*E(40)^8-1/4*E(40)^16-1/6*E(40)^21-1/4*E(40)^24-1/6*E(40)^29
         +1/6*E(40)^31-5/12*E(40)^32+1/6*E(40)^39 ] ]
  lambda = 1/3*E(40)^7-5/6*E(40)^8-1/3*E(40)^13-2/3*E(40)^16-1/3*E(40)^21
 +1/3*E(40)^23-2/3*E(40)^24-1/3*E(40)^29+1/3*E(40)^31-5/6*E(40)^32
 -1/3*E(40)^37+1/3*E(40)^39  det_sign = 1
  [ok]   M has real cyclotomic entries
  [ok]   M*M^T = lambda*I (exact)
  [ok]   lambda = (w_b.w_b)/(w_a.w_a) (exact)
  [ok]   Det(M) = 1*lambda^2 (exact)
  [ok]   V_a * M = V_b (vertex sets, exact)
  [ok]   E_a * M = E_b (edge sets, exact)
  [ok]   F_a * M = F_b (2-face sets, exact)
  [ok]   C_a * M = C_b (cell sets, exact)
  [ok]   non-congruent pair has lambda <> 1
  [ok]   proper-similar pair: certificate is proper (det > 0)

--- certificate L3-{5,3,5/2}-2 -> L3-{5,3,5/2}-3
  built L3-{5,3,5/2}-2: f-vector [ 240, 480, 120, 20 ], |Gamma| = 2880, p = 
12, w.w = 56*E(40)^7-80*E(40)^8-56*E(40)^13-208*E(40)^16-146*E(40)^21
 +56*E(40)^23-208*E(40)^24-146*E(40)^29+146*E(40)^31-80*E(40)^32-56*E(40)^37
 +146*E(40)^39
  [ok]   f-vector of L3-{5,3,5/2}-2 as expected
  [ok]   base face has p distinct edges
  [ok]   base face edges lie in the edge orbit
  built L3-{5,3,5/2}-3: f-vector [ 240, 480, 120, 20 ], |Gamma| = 2880, p = 
12, w.w = 5*E(40)^7-8*E(40)^8-5*E(40)^13-20*E(40)^16-13*E(40)^21+5*E(40)^23
 -20*E(40)^24-13*E(40)^29+13*E(40)^31-8*E(40)^32-5*E(40)^37+13*E(40)^39
  [ok]   f-vector of L3-{5,3,5/2}-3 as expected
  [ok]   base face has p distinct edges
  [ok]   base face edges lie in the edge orbit
  M = 
[ 
  [ -1/3*E(40)^7-7/12*E(40)^8+1/3*E(40)^13-5/12*E(40)^16+1/3*E(40)^21
         -1/3*E(40)^23-5/12*E(40)^24+1/3*E(40)^29-1/3*E(40)^31-7/12*E(40)^32
         +1/3*E(40)^37-1/3*E(40)^39, 
      1/6*E(40)^7-1/6*E(40)^8-1/6*E(40)^13+1/12*E(40)^16-1/12*E(40)^21
         +1/6*E(40)^23+1/12*E(40)^24-1/12*E(40)^29+1/12*E(40)^31-1/6*E(40)^32
         -1/6*E(40)^37+1/12*E(40)^39, 
      -1/12*E(40)^7-1/12*E(40)^8+1/12*E(40)^13-1/6*E(40)^16+1/12*E(40)^21
         -1/12*E(40)^23-1/6*E(40)^24+1/12*E(40)^29-1/12*E(40)^31-1/12*E(40)^32
         +1/12*E(40)^37-1/12*E(40)^39, 
      -1/12*E(40)^7-1/6*E(40)^8+1/12*E(40)^13-1/6*E(40)^16+1/6*E(40)^21
         -1/12*E(40)^23-1/6*E(40)^24+1/6*E(40)^29-1/6*E(40)^31-1/6*E(40)^32
         +1/12*E(40)^37-1/6*E(40)^39 ], 
  [ -1/6*E(40)^7+1/6*E(40)^8+1/6*E(40)^13-1/12*E(40)^16+1/12*E(40)^21
         -1/6*E(40)^23-1/12*E(40)^24+1/12*E(40)^29-1/12*E(40)^31+1/6*E(40)^32
         +1/6*E(40)^37-1/12*E(40)^39, 
      -1/3*E(40)^7-7/12*E(40)^8+1/3*E(40)^13-5/12*E(40)^16+1/3*E(40)^21
         -1/3*E(40)^23-5/12*E(40)^24+1/3*E(40)^29-1/3*E(40)^31-7/12*E(40)^32
         +1/3*E(40)^37-1/3*E(40)^39, 
      1/12*E(40)^7+1/6*E(40)^8-1/12*E(40)^13+1/6*E(40)^16-1/6*E(40)^21
         +1/12*E(40)^23+1/6*E(40)^24-1/6*E(40)^29+1/6*E(40)^31+1/6*E(40)^32
         -1/12*E(40)^37+1/6*E(40)^39, 
      -1/12*E(40)^7-1/12*E(40)^8+1/12*E(40)^13-1/6*E(40)^16+1/12*E(40)^21
         -1/12*E(40)^23-1/6*E(40)^24+1/12*E(40)^29-1/12*E(40)^31-1/12*E(40)^32
         +1/12*E(40)^37-1/12*E(40)^39 ], 
  [ -1/12*E(40)^7-1/12*E(40)^8+1/12*E(40)^13-1/6*E(40)^16+1/12*E(40)^21
         -1/12*E(40)^23-1/6*E(40)^24+1/12*E(40)^29-1/12*E(40)^31-1/12*E(40)^32
         +1/12*E(40)^37-1/12*E(40)^39, 
      -1/12*E(40)^7-1/6*E(40)^8+1/12*E(40)^13-1/6*E(40)^16+1/6*E(40)^21
         -1/12*E(40)^23-1/6*E(40)^24+1/6*E(40)^29-1/6*E(40)^31-1/6*E(40)^32
         +1/12*E(40)^37-1/6*E(40)^39, 
      -5/12*E(40)^8-1/4*E(40)^16+1/6*E(40)^21-1/4*E(40)^24+1/6*E(40)^29
         -1/6*E(40)^31-5/12*E(40)^32-1/6*E(40)^39, 
      1/3*E(40)^7+1/2*E(40)^8-1/3*E(40)^13+5/12*E(40)^16-1/4*E(40)^21
         +1/3*E(40)^23+5/12*E(40)^24-1/4*E(40)^29+1/4*E(40)^31+1/2*E(40)^32
         -1/3*E(40)^37+1/4*E(40)^39 ], 
  [ 1/12*E(40)^7+1/6*E(40)^8-1/12*E(40)^13+1/6*E(40)^16-1/6*E(40)^21
         +1/12*E(40)^23+1/6*E(40)^24-1/6*E(40)^29+1/6*E(40)^31+1/6*E(40)^32
         -1/12*E(40)^37+1/6*E(40)^39, 
      -1/12*E(40)^7-1/12*E(40)^8+1/12*E(40)^13-1/6*E(40)^16+1/12*E(40)^21
         -1/12*E(40)^23-1/6*E(40)^24+1/12*E(40)^29-1/12*E(40)^31-1/12*E(40)^32
         +1/12*E(40)^37-1/12*E(40)^39, 
      -1/3*E(40)^7-1/2*E(40)^8+1/3*E(40)^13-5/12*E(40)^16+1/4*E(40)^21
         -1/3*E(40)^23-5/12*E(40)^24+1/4*E(40)^29-1/4*E(40)^31-1/2*E(40)^32
         +1/3*E(40)^37-1/4*E(40)^39, 
      -5/12*E(40)^8-1/4*E(40)^16+1/6*E(40)^21-1/4*E(40)^24+1/6*E(40)^29
         -1/6*E(40)^31-5/12*E(40)^32-1/6*E(40)^39 ] ]
  lambda = -1/3*E(40)^7-5/6*E(40)^8+1/3*E(40)^13-2/3*E(40)^16+1/3*E(40)^21
 -1/3*E(40)^23-2/3*E(40)^24+1/3*E(40)^29-1/3*E(40)^31-5/6*E(40)^32
 +1/3*E(40)^37-1/3*E(40)^39  det_sign = 1
  [ok]   M has real cyclotomic entries
  [ok]   M*M^T = lambda*I (exact)
  [ok]   lambda = (w_b.w_b)/(w_a.w_a) (exact)
  [ok]   Det(M) = 1*lambda^2 (exact)
  [ok]   V_a * M = V_b (vertex sets, exact)
  [ok]   E_a * M = E_b (edge sets, exact)
  [ok]   F_a * M = F_b (2-face sets, exact)
  [ok]   C_a * M = C_b (cell sets, exact)
  [ok]   non-congruent pair has lambda <> 1
  [ok]   proper-similar pair: certificate is proper (det > 0)

--- certificate L3-{5,3,5/2}-5 -> L3-{5,3,5/2}-8
  built L3-{5,3,5/2}-5: f-vector [ 48, 144, 48, 8 ], |Gamma| = 1152, p = 
12, w.w = -5*E(40)^7-8*E(40)^8+5*E(40)^13-20*E(40)^16+13*E(40)^21-5*E(40)^23
 -20*E(40)^24+13*E(40)^29-13*E(40)^31-8*E(40)^32+5*E(40)^37-13*E(40)^39
  [ok]   f-vector of L3-{5,3,5/2}-5 as expected
  [ok]   base face has p distinct edges
  [ok]   base face edges lie in the edge orbit
  built L3-{5,3,5/2}-8: f-vector [ 48, 144, 48, 8 ], |Gamma| = 1152, p = 
12, w.w = -E(40)^7-4*E(40)^8+E(40)^13-8*E(40)^16+4*E(40)^21-E(40)^23
 -8*E(40)^24+4*E(40)^29-4*E(40)^31-4*E(40)^32+E(40)^37-4*E(40)^39
  [ok]   f-vector of L3-{5,3,5/2}-8 as expected
  [ok]   base face has p distinct edges
  [ok]   base face edges lie in the edge orbit
  M = 
[ 
  [ -1/3*E(40)^7+1/3*E(40)^13-1/6*E(40)^16-1/3*E(40)^23-1/6*E(40)^24
         +1/3*E(40)^37, -1/2*E(40)^7+5/6*E(40)^8+1/2*E(40)^13+1/2*E(40)^16
         +1/6*E(40)^21-1/2*E(40)^23+1/2*E(40)^24+1/6*E(40)^29-1/6*E(40)^31
         +5/6*E(40)^32+1/2*E(40)^37-1/6*E(40)^39, 
      -1/6*E(40)^7+1/6*E(40)^13-1/3*E(40)^16-1/6*E(40)^23-1/3*E(40)^24
         +1/6*E(40)^37, 1/6*E(40)^8-1/6*E(40)^21-1/6*E(40)^29+1/6*E(40)^31
         +1/6*E(40)^32+1/6*E(40)^39 ], 
  [ 1/2*E(40)^7-5/6*E(40)^8-1/2*E(40)^13-1/2*E(40)^16-1/6*E(40)^21
         +1/2*E(40)^23-1/2*E(40)^24-1/6*E(40)^29+1/6*E(40)^31-5/6*E(40)^32
         -1/2*E(40)^37+1/6*E(40)^39, 
      -1/3*E(40)^7+1/3*E(40)^13-1/6*E(40)^16-1/3*E(40)^23-1/6*E(40)^24
         +1/3*E(40)^37, -1/6*E(40)^8+1/6*E(40)^21+1/6*E(40)^29-1/6*E(40)^31
         -1/6*E(40)^32-1/6*E(40)^39, 
      -1/6*E(40)^7+1/6*E(40)^13-1/3*E(40)^16-1/6*E(40)^23-1/3*E(40)^24
         +1/6*E(40)^37 ], 
  [ -1/6*E(40)^7+1/6*E(40)^13-1/3*E(40)^16-1/6*E(40)^23-1/3*E(40)^24
         +1/6*E(40)^37, 1/6*E(40)^8-1/6*E(40)^21-1/6*E(40)^29+1/6*E(40)^31
         +1/6*E(40)^32+1/6*E(40)^39, 
      2/3*E(40)^7-2/3*E(40)^8-2/3*E(40)^13-1/6*E(40)^16-1/3*E(40)^21
         +2/3*E(40)^23-1/6*E(40)^24-1/3*E(40)^29+1/3*E(40)^31-2/3*E(40)^32
         -2/3*E(40)^37+1/3*E(40)^39, 
      -1/6*E(40)^7-1/6*E(40)^8+1/6*E(40)^13+1/6*E(40)^16+1/6*E(40)^21
         -1/6*E(40)^23+1/6*E(40)^24+1/6*E(40)^29-1/6*E(40)^31-1/6*E(40)^32
         +1/6*E(40)^37-1/6*E(40)^39 ], 
  [ -1/6*E(40)^8+1/6*E(40)^21+1/6*E(40)^29-1/6*E(40)^31-1/6*E(40)^32
         -1/6*E(40)^39, -1/6*E(40)^7+1/6*E(40)^13-1/3*E(40)^16-1/6*E(40)^23
         -1/3*E(40)^24+1/6*E(40)^37, 
      1/6*E(40)^7+1/6*E(40)^8-1/6*E(40)^13-1/6*E(40)^16-1/6*E(40)^21
         +1/6*E(40)^23-1/6*E(40)^24-1/6*E(40)^29+1/6*E(40)^31+1/6*E(40)^32
         -1/6*E(40)^37+1/6*E(40)^39, 
      2/3*E(40)^7-2/3*E(40)^8-2/3*E(40)^13-1/6*E(40)^16-1/3*E(40)^21
         +2/3*E(40)^23-1/6*E(40)^24-1/3*E(40)^29+1/3*E(40)^31-2/3*E(40)^32
         -2/3*E(40)^37+1/3*E(40)^39 ] ]
  lambda = 4/3*E(40)^7-7/3*E(40)^8-4/3*E(40)^13-4/3*E(40)^16-2/3*E(40)^21
 +4/3*E(40)^23-4/3*E(40)^24-2/3*E(40)^29+2/3*E(40)^31-7/3*E(40)^32
 -4/3*E(40)^37+2/3*E(40)^39  det_sign = 1
  [ok]   M has real cyclotomic entries
  [ok]   M*M^T = lambda*I (exact)
  [ok]   lambda = (w_b.w_b)/(w_a.w_a) (exact)
  [ok]   Det(M) = 1*lambda^2 (exact)
  [ok]   V_a * M = V_b (vertex sets, exact)
  [ok]   E_a * M = E_b (edge sets, exact)
  [ok]   F_a * M = F_b (2-face sets, exact)
  [ok]   C_a * M = C_b (cell sets, exact)
  [ok]   non-congruent pair has lambda <> 1
  [ok]   proper-similar pair: certificate is proper (det > 0)

--- certificate L3-{5,3,5/2}-6 -> L3-{5,3,5/2}-7
  built L3-{5,3,5/2}-6: f-vector [ 48, 144, 48, 8 ], |Gamma| = 1152, p = 
12, w.w = 5*E(40)^7-8*E(40)^8-5*E(40)^13-20*E(40)^16-13*E(40)^21+5*E(40)^23
 -20*E(40)^24-13*E(40)^29+13*E(40)^31-8*E(40)^32-5*E(40)^37+13*E(40)^39
  [ok]   f-vector of L3-{5,3,5/2}-6 as expected
  [ok]   base face has p distinct edges
  [ok]   base face edges lie in the edge orbit
  built L3-{5,3,5/2}-7: f-vector [ 48, 144, 48, 8 ], |Gamma| = 1152, p = 
12, w.w = E(40)^7-4*E(40)^8-E(40)^13-8*E(40)^16-4*E(40)^21+E(40)^23-8*E(40)^24
 -4*E(40)^29+4*E(40)^31-4*E(40)^32-E(40)^37+4*E(40)^39
  [ok]   f-vector of L3-{5,3,5/2}-7 as expected
  [ok]   base face has p distinct edges
  [ok]   base face edges lie in the edge orbit
  M = 
[ 
  [ 1/3*E(40)^7-1/3*E(40)^13-1/6*E(40)^16+1/3*E(40)^23-1/6*E(40)^24
         -1/3*E(40)^37, 1/2*E(40)^7+5/6*E(40)^8-1/2*E(40)^13+1/2*E(40)^16
         -1/6*E(40)^21+1/2*E(40)^23+1/2*E(40)^24-1/6*E(40)^29+1/6*E(40)^31
         +5/6*E(40)^32-1/2*E(40)^37+1/6*E(40)^39, 
      1/6*E(40)^7-1/6*E(40)^13-1/3*E(40)^16+1/6*E(40)^23-1/3*E(40)^24
         -1/6*E(40)^37, 1/6*E(40)^8+1/6*E(40)^21+1/6*E(40)^29-1/6*E(40)^31
         +1/6*E(40)^32-1/6*E(40)^39 ], 
  [ -1/2*E(40)^7-5/6*E(40)^8+1/2*E(40)^13-1/2*E(40)^16+1/6*E(40)^21
         -1/2*E(40)^23-1/2*E(40)^24+1/6*E(40)^29-1/6*E(40)^31-5/6*E(40)^32
         +1/2*E(40)^37-1/6*E(40)^39, 
      1/3*E(40)^7-1/3*E(40)^13-1/6*E(40)^16+1/3*E(40)^23-1/6*E(40)^24
         -1/3*E(40)^37, -1/6*E(40)^8-1/6*E(40)^21-1/6*E(40)^29+1/6*E(40)^31
         -1/6*E(40)^32+1/6*E(40)^39, 
      1/6*E(40)^7-1/6*E(40)^13-1/3*E(40)^16+1/6*E(40)^23-1/3*E(40)^24
         -1/6*E(40)^37 ], 
  [ 1/6*E(40)^7-1/6*E(40)^13-1/3*E(40)^16+1/6*E(40)^23-1/3*E(40)^24
         -1/6*E(40)^37, 1/6*E(40)^8+1/6*E(40)^21+1/6*E(40)^29-1/6*E(40)^31
         +1/6*E(40)^32-1/6*E(40)^39, 
      -2/3*E(40)^7-2/3*E(40)^8+2/3*E(40)^13-1/6*E(40)^16+1/3*E(40)^21
         -2/3*E(40)^23-1/6*E(40)^24+1/3*E(40)^29-1/3*E(40)^31-2/3*E(40)^32
         +2/3*E(40)^37-1/3*E(40)^39, 
      1/6*E(40)^7-1/6*E(40)^8-1/6*E(40)^13+1/6*E(40)^16-1/6*E(40)^21
         +1/6*E(40)^23+1/6*E(40)^24-1/6*E(40)^29+1/6*E(40)^31-1/6*E(40)^32
         -1/6*E(40)^37+1/6*E(40)^39 ], 
  [ -1/6*E(40)^8-1/6*E(40)^21-1/6*E(40)^29+1/6*E(40)^31-1/6*E(40)^32
         +1/6*E(40)^39, 1/6*E(40)^7-1/6*E(40)^13-1/3*E(40)^16+1/6*E(40)^23
         -1/3*E(40)^24-1/6*E(40)^37, 
      -1/6*E(40)^7+1/6*E(40)^8+1/6*E(40)^13-1/6*E(40)^16+1/6*E(40)^21
         -1/6*E(40)^23-1/6*E(40)^24+1/6*E(40)^29-1/6*E(40)^31+1/6*E(40)^32
         +1/6*E(40)^37-1/6*E(40)^39, 
      -2/3*E(40)^7-2/3*E(40)^8+2/3*E(40)^13-1/6*E(40)^16+1/3*E(40)^21
         -2/3*E(40)^23-1/6*E(40)^24+1/3*E(40)^29-1/3*E(40)^31-2/3*E(40)^32
         +2/3*E(40)^37-1/3*E(40)^39 ] ]
  lambda = -4/3*E(40)^7-7/3*E(40)^8+4/3*E(40)^13-4/3*E(40)^16+2/3*E(40)^21
 -4/3*E(40)^23-4/3*E(40)^24+2/3*E(40)^29-2/3*E(40)^31-7/3*E(40)^32
 +4/3*E(40)^37-2/3*E(40)^39  det_sign = 1
  [ok]   M has real cyclotomic entries
  [ok]   M*M^T = lambda*I (exact)
  [ok]   lambda = (w_b.w_b)/(w_a.w_a) (exact)
  [ok]   Det(M) = 1*lambda^2 (exact)
  [ok]   V_a * M = V_b (vertex sets, exact)
  [ok]   E_a * M = E_b (edge sets, exact)
  [ok]   F_a * M = F_b (2-face sets, exact)
  [ok]   C_a * M = C_b (cell sets, exact)
  [ok]   non-congruent pair has lambda <> 1
  [ok]   proper-similar pair: certificate is proper (det > 0)

--- certificate L3-{5,3,5/2}-9 -> L3-{5,3,5/2}-12
  built L3-{5,3,5/2}-9: f-vector [ 120, 720, 300, 50 ], |Gamma| = 7200, p = 
12, w.w = -E(5)-2*E(5)^2-2*E(5)^3-E(5)^4
  [ok]   f-vector of L3-{5,3,5/2}-9 as expected
  [ok]   base face has p distinct edges
  [ok]   base face edges lie in the edge orbit
  built L3-{5,3,5/2}-12: f-vector [ 120, 720, 300, 50 ], |Gamma| = 7200, p = 
12, w.w = -6/5*E(5)-12/5*E(5)^2-12/5*E(5)^3-6/5*E(5)^4
  [ok]   f-vector of L3-{5,3,5/2}-12 as expected
  [ok]   base face has p distinct edges
  [ok]   base face edges lie in the edge orbit
  M = 
[ 
  [ -9/10*E(5)-3/5*E(5)^2-3/5*E(5)^3-9/10*E(5)^4, 0, 
      -3/10*E(5)-7/10*E(5)^2-7/10*E(5)^3-3/10*E(5)^4, 
      -1/5*E(5)-3/10*E(5)^2-3/10*E(5)^3-1/5*E(5)^4 ], 
  [ 0, -3/10*E(5)+3/10*E(5)^2+3/10*E(5)^3-3/10*E(5)^4, -1/2*E(5)-1/2*E(5)^4, 
      -1/2*E(5)^2-1/2*E(5)^3 ], 
  [ -3/10*E(5)-7/10*E(5)^2-7/10*E(5)^3-3/10*E(5)^4, -1/2*E(5)-1/2*E(5)^4, 
      3/5*E(5)+2/5*E(5)^2+2/5*E(5)^3+3/5*E(5)^4, 
      1/5*E(5)+3/10*E(5)^2+3/10*E(5)^3+1/5*E(5)^4 ], 
  [ -1/5*E(5)-3/10*E(5)^2-3/10*E(5)^3-1/5*E(5)^4, -1/2*E(5)^2-1/2*E(5)^3, 
      1/5*E(5)+3/10*E(5)^2+3/10*E(5)^3+1/5*E(5)^4, 
      3/5*E(5)-1/10*E(5)^2-1/10*E(5)^3+3/5*E(5)^4 ] ]
  lambda = 6/5  det_sign = 1
  [ok]   M has real cyclotomic entries
  [ok]   M*M^T = lambda*I (exact)
  [ok]   lambda = (w_b.w_b)/(w_a.w_a) (exact)
  [ok]   Det(M) = 1*lambda^2 (exact)
  [ok]   V_a * M = V_b (vertex sets, exact)
  [ok]   E_a * M = E_b (edge sets, exact)
  [ok]   F_a * M = F_b (2-face sets, exact)
  [ok]   C_a * M = C_b (cell sets, exact)
  [ok]   non-congruent pair has lambda <> 1
  [ok]   proper-similar pair: certificate is proper (det > 0)

--- certificate L3-{5,3,5/2}-10 -> L3-{5,3,5/2}-11
  built L3-{5,3,5/2}-10: f-vector [ 120, 720, 300, 50 ], |Gamma| = 7200, p = 
12, w.w = -3*E(5)-6*E(5)^2-6*E(5)^3-3*E(5)^4
  [ok]   f-vector of L3-{5,3,5/2}-10 as expected
  [ok]   base face has p distinct edges
  [ok]   base face edges lie in the edge orbit
  built L3-{5,3,5/2}-11: f-vector [ 120, 720, 300, 50 ], |Gamma| = 7200, p = 
12, w.w = -2*E(5)-4*E(5)^2-4*E(5)^3-2*E(5)^4
  [ok]   f-vector of L3-{5,3,5/2}-11 as expected
  [ok]   base face has p distinct edges
  [ok]   base face edges lie in the edge orbit
  M = 
[ [ 1/2*E(5)+1/2*E(5)^4, 0, -1/6*E(5)-1/2*E(5)^2-1/2*E(5)^3-1/6*E(5)^4, 
      -1/6*E(5)^2-1/6*E(5)^3 ], 
  [ 0, -1/2, 1/2*E(5)+1/3*E(5)^2+1/3*E(5)^3+1/2*E(5)^4, 
      -1/3*E(5)-1/2*E(5)^2-1/2*E(5)^3-1/3*E(5)^4 ], 
  [ -1/6*E(5)-1/2*E(5)^2-1/2*E(5)^3-1/6*E(5)^4, 
      1/2*E(5)+1/3*E(5)^2+1/3*E(5)^3+1/2*E(5)^4, -1/3*E(5)-1/3*E(5)^4, 
      1/6*E(5)^2+1/6*E(5)^3 ], 
  [ -1/6*E(5)^2-1/6*E(5)^3, -1/3*E(5)-1/2*E(5)^2-1/2*E(5)^3-1/3*E(5)^4, 
      1/6*E(5)^2+1/6*E(5)^3, -2/3*E(5)-1/2*E(5)^2-1/2*E(5)^3-2/3*E(5)^4 ] ]
  lambda = 2/3  det_sign = 1
  [ok]   M has real cyclotomic entries
  [ok]   M*M^T = lambda*I (exact)
  [ok]   lambda = (w_b.w_b)/(w_a.w_a) (exact)
  [ok]   Det(M) = 1*lambda^2 (exact)
  [ok]   V_a * M = V_b (vertex sets, exact)
  [ok]   E_a * M = E_b (edge sets, exact)
  [ok]   F_a * M = F_b (2-face sets, exact)
  [ok]   C_a * M = C_b (cell sets, exact)
  [ok]   non-congruent pair has lambda <> 1
  [ok]   proper-similar pair: certificate is proper (det > 0)

--- certificate L3-{5,3,5/2}-13 -> L3-{5,3,5/2}-14
  built L3-{5,3,5/2}-13: f-vector [ 120, 720, 300, 50 ], |Gamma| = 7200, p = 
12, w.w = -3/4*E(5)-3/2*E(5)^2-3/2*E(5)^3-3/4*E(5)^4
  [ok]   f-vector of L3-{5,3,5/2}-13 as expected
  [ok]   base face has p distinct edges
  [ok]   base face edges lie in the edge orbit
  built L3-{5,3,5/2}-14: f-vector [ 120, 720, 300, 50 ], |Gamma| = 7200, p = 
12, w.w = 2
  [ok]   f-vector of L3-{5,3,5/2}-14 as expected
  [ok]   base face has p distinct edges
  [ok]   base face edges lie in the edge orbit
  M = 
[ [ -2*E(5)-4/3*E(5)^2-4/3*E(5)^3-2*E(5)^4, -1/3*E(5)-1/3*E(5)^4, 
      -2/3*E(5)-1/3*E(5)^2-1/3*E(5)^3-2/3*E(5)^4, 1/3 ], 
  [ 1/3*E(5)+1/3*E(5)^4, -2*E(5)-4/3*E(5)^2-4/3*E(5)^3-2*E(5)^4, -1/3, 
      -2/3*E(5)-1/3*E(5)^2-1/3*E(5)^3-2/3*E(5)^4 ], 
  [ -2/3*E(5)-1/3*E(5)^2-1/3*E(5)^3-2/3*E(5)^4, 1/3, 4/3*E(5)+4/3*E(5)^4, 
      E(5)+2/3*E(5)^2+2/3*E(5)^3+E(5)^4 ], 
  [ -1/3, -2/3*E(5)-1/3*E(5)^2-1/3*E(5)^3-2/3*E(5)^4, 
      -E(5)-2/3*E(5)^2-2/3*E(5)^3-E(5)^4, 4/3*E(5)+4/3*E(5)^4 ] ]
  lambda = -16/3*E(5)-8/3*E(5)^2-8/3*E(5)^3-16/3*E(5)^4  det_sign = 1
  [ok]   M has real cyclotomic entries
  [ok]   M*M^T = lambda*I (exact)
  [ok]   lambda = (w_b.w_b)/(w_a.w_a) (exact)
  [ok]   Det(M) = 1*lambda^2 (exact)
  [ok]   V_a * M = V_b (vertex sets, exact)
  [ok]   E_a * M = E_b (edge sets, exact)
  [ok]   F_a * M = F_b (2-face sets, exact)
  [ok]   C_a * M = C_b (cell sets, exact)
  [ok]   non-congruent pair has lambda <> 1
  [ok]   proper-similar pair: certificate is proper (det > 0)

--- certificate L3-{5,3,5/2}-15 -> L3-{5,3,5/2}-16
  built L3-{5,3,5/2}-15: f-vector [ 120, 720, 300, 50 ], |Gamma| = 7200, p = 
12, w.w = -30*E(5)-78*E(5)^2-78*E(5)^3-30*E(5)^4
  [ok]   f-vector of L3-{5,3,5/2}-15 as expected
  [ok]   base face has p distinct edges
  [ok]   base face edges lie in the edge orbit
  built L3-{5,3,5/2}-16: f-vector [ 120, 720, 300, 50 ], |Gamma| = 7200, p = 
12, w.w = -4*E(5)-8*E(5)^2-8*E(5)^3-4*E(5)^4
  [ok]   f-vector of L3-{5,3,5/2}-16 as expected
  [ok]   base face has p distinct edges
  [ok]   base face edges lie in the edge orbit
  M = 
[ 
  [ -4/3*E(5)-2/3*E(5)^2-2/3*E(5)^3-4/3*E(5)^4, 
      -2/3*E(5)-1/6*E(5)^2-1/6*E(5)^3-2/3*E(5)^4, 
      -1/2*E(5)-1/6*E(5)^2-1/6*E(5)^3-1/2*E(5)^4, -1/6*E(5)-1/6*E(5)^4 ], 
  [ 2/3*E(5)+1/6*E(5)^2+1/6*E(5)^3+2/3*E(5)^4, 
      -4/3*E(5)-2/3*E(5)^2-2/3*E(5)^3-4/3*E(5)^4, 1/6*E(5)+1/6*E(5)^4, 
      -1/2*E(5)-1/6*E(5)^2-1/6*E(5)^3-1/2*E(5)^4 ], 
  [ -1/2*E(5)-1/6*E(5)^2-1/6*E(5)^3-1/2*E(5)^4, -1/6*E(5)-1/6*E(5)^4, 
      4/3*E(5)+1/3*E(5)^2+1/3*E(5)^3+4/3*E(5)^4, 
      1/3*E(5)+1/6*E(5)^2+1/6*E(5)^3+1/3*E(5)^4 ], 
  [ 1/6*E(5)+1/6*E(5)^4, -1/2*E(5)-1/6*E(5)^2-1/6*E(5)^3-1/2*E(5)^4, 
      -1/3*E(5)-1/6*E(5)^2-1/6*E(5)^3-1/3*E(5)^4, 
      4/3*E(5)+1/3*E(5)^2+1/3*E(5)^3+4/3*E(5)^4 ] ]
  lambda = -10/3*E(5)-4/3*E(5)^2-4/3*E(5)^3-10/3*E(5)^4  det_sign = 1
  [ok]   M has real cyclotomic entries
  [ok]   M*M^T = lambda*I (exact)
  [ok]   lambda = (w_b.w_b)/(w_a.w_a) (exact)
  [ok]   Det(M) = 1*lambda^2 (exact)
  [ok]   V_a * M = V_b (vertex sets, exact)
  [ok]   E_a * M = E_b (edge sets, exact)
  [ok]   F_a * M = F_b (2-face sets, exact)
  [ok]   C_a * M = C_b (cell sets, exact)
  [ok]   non-congruent pair has lambda <> 1
  [ok]   proper-similar pair: certificate is proper (det > 0)

--- certificate L3-{3,3,5/2}-1 -> L3-{3,3,5/2}-4
  built L3-{3,3,5/2}-1: f-vector [ 600, 1200, 120, 5 ], |Gamma| = 7200, p = 
30, w.w = -13/2*E(5)-5/2*E(5)^2-5/2*E(5)^3-13/2*E(5)^4
  [ok]   f-vector of L3-{3,3,5/2}-1 as expected
  [ok]   base face has p distinct edges
  [ok]   base face edges lie in the edge orbit
  built L3-{3,3,5/2}-4: f-vector [ 600, 1200, 120, 5 ], |Gamma| = 7200, p = 
30, w.w = -13*E(5)-5*E(5)^2-5*E(5)^3-13*E(5)^4
  [ok]   f-vector of L3-{3,3,5/2}-4 as expected
  [ok]   base face has p distinct edges
  [ok]   base face edges lie in the edge orbit
  M = 
[ 
  [ -E(5)-1/2*E(5)^2-1/2*E(5)^3-E(5)^4, 0, -1/2*E(5)-E(5)^2-E(5)^3-1/2*E(5)^4, 
      1/2 ], [ 1/2*E(5)^2+1/2*E(5)^3, 1, 1/2*E(5)+1/2*E(5)^4, -1/2 ], 
  [ 1/2*E(5)^2+1/2*E(5)^3, 0, -1/2*E(5)-1/2*E(5)^4, 
      1/2*E(5)-1/2*E(5)^2-1/2*E(5)^3+1/2*E(5)^4 ], 
  [ -1/2*E(5)^2-1/2*E(5)^3, 1, -1/2*E(5)-1/2*E(5)^4, 1/2 ] ]
  lambda = 2  det_sign = 1
  [ok]   M has real cyclotomic entries
  [ok]   M*M^T = lambda*I (exact)
  [ok]   lambda = (w_b.w_b)/(w_a.w_a) (exact)
  [ok]   Det(M) = 1*lambda^2 (exact)
  [ok]   V_a * M = V_b (vertex sets, exact)
  [ok]   E_a * M = E_b (edge sets, exact)
  [ok]   F_a * M = F_b (2-face sets, exact)
  [ok]   C_a * M = C_b (cell sets, exact)
  [ok]   non-congruent pair has lambda <> 1
  [ok]   proper-similar pair: certificate is proper (det > 0)

certificates verified: 12 ; failures: 0
Done: method2-verify-certificates.g
