== audit directory: /Users/daniel/github/skeletal-polytopes/research/petcox-facet-extensions/audits/fable-ultra-equivalence
== repository:      /Users/daniel/github/skeletal-polytopes  HEAD ca649f260df19db0e3caad9e1b48932f872d361c
== date:            2026-09-11T10:49:44Z
date: 2026-09-11T10:49:44Z
HEAD: ca649f260df19db0e3caad9e1b48932f872d361c
producer commit: 71ef1cda7ca927b090068c796bfdcc10ca097a2c
GAP: /private/var/tmp/sage-10.7-current/local/bin/gap
4.14.0 x86_64-apple-darwin24-default64-kv9
Sage: /usr/local/bin/sage
SageMath version 10.7, Release Date: 2025-08-09
python3: /Library/Frameworks/Python.framework/Versions/3.11/bin/python3
Python 3.11.4
uname: Darwin daniBook.local 21.6.0 Darwin Kernel Version 21.6.0: Mon Jun 24 00:56:10 PDT 2024; root:xnu-8020.240.18.709.2~1/RELEASE_X86_64 x86_64
== extracting producer commit into build/producer
aa5837dd5bb232567847c752cf41612871ffafb86f32be20bcc02eba981e3c56  /Users/daniel/github/skeletal-polytopes/research/petcox-facet-extensions/audits/fable-ultra-equivalence/build/producer/research/petcox-facet-extensions/logs/alpha-survivors.g
records in alpha-survivors.g: 24
--- GAP  scripts/author-check-antiautomorphism.g -> logs/author-check-antiautomorphism.log
--- GAP  scripts/method1-flag-search.g -> logs/method1-flag-search.log
--- /usr/local/bin/sage method2-canonical.sage -> logs/method2-canonical.log
--- GAP  scripts/method2-verify-certificates.g -> logs/method2-verify-certificates.log
--- GAP  scripts/method3-anti-automorphism.g -> logs/method3-anti-automorphism.log
--- /Library/Frameworks/Python.framework/Versions/3.11/bin/python3 method4-verify-certificates.py -> logs/method4-verify-certificates.log
--- /Library/Frameworks/Python.framework/Versions/3.11/bin/python3 extract-previous-audit-certificates.py -> logs/extract-previous-audit-certificates.log
--- GAP  scripts/previous-audit-check.g -> logs/previous-audit-check.log
--- /Library/Frameworks/Python.framework/Versions/3.11/bin/python3 make-table.py -> logs/make-table.log
--- /Library/Frameworks/Python.framework/Versions/3.11/bin/python3 make-certificates.py -> logs/make-certificates.log
== git status (must show only this audit directory and the pre-existing untracked zoom-5-sept.md)
?? research/petcox-facet-extensions/audits/fable-ultra-equivalence/
?? zoom-5-sept.md
OK: no pre-existing file changed
wrote /Users/daniel/github/skeletal-polytopes/research/petcox-facet-extensions/audits/fable-ultra-equivalence/MANIFEST.sha256 (47 files)
run-all.sh: ALL STEPS COMPLETED.
