realisations to summarise: 49
C-{4,3,3} | {4,3,3} | alpha = 0 (0.) | type [ 8, 3, 3 ] | f = [ 16, 32, 12, 4 ] | |Gamma| = 192 | vf group 12 | facet [ 16, 24, 6 ], geometrically regular: false | directly regular: false
C-{5,3,3} | {5,3,3} | alpha = 0 (0.) | type [ 30, 3, 3 ] | f = [ 600, 1200, 120, 5 ] | |Gamma| = 7200 | vf group 12 | facet [ 480, 720, 48 ], geometrically regular: false | directly regular: false
C-{5,3,5/2} | {5,3,5/2} | alpha = 0 (0.) | type [ 12, 3, 5 ] | f = [ 120, 720, 300, 50 ] | |Gamma| = 7200 | vf group 60 | facet [ 48, 72, 12 ], geometrically regular: false | directly regular: false
C-{5/2,3,5} | {5/2,3,5} | alpha = 0 (0.) | type [ 12, 3, 5 ] | f = [ 120, 720, 300, 50 ] | |Gamma| = 7200 | vf group 60 | facet [ 48, 72, 12 ], geometrically regular: false | directly regular: false
C-{5/2,3,3} | {5/2,3,3} | alpha = 0 (0.) | type [ 30, 3, 3 ] | f = [ 600, 1200, 120, 5 ] | |Gamma| = 7200 | vf group 12 | facet [ 480, 720, 48 ], geometrically regular: false | directly regular: false
P-W-{4,3,3}-1 | {4,3,3} | alpha = 0 (0.) | type [ 8, 3, 3 ] | f = [ 16, 32, 12, 4 ] | |Gamma| = 192 | vf group 12 | facet [ 16, 24, 6 ], geometrically regular: false | directly regular: false
P-W-{4,3,3}-2 | {4,3,3} | alpha = infinity (-) | type [ 8, 3, 3 ] | f = [ 16, 32, 12, 4 ] | |Gamma| = 192 | vf group 12 | facet [ 16, 24, 6 ], geometrically regular: false | directly regular: false
P-W-{3,3,4}-1 | {3,3,4} | alpha = 1 (1.) | type [ 8, 3, 3 ] | f = [ 16, 32, 12, 4 ] | |Gamma| = 192 | vf group 12 | facet [ 16, 24, 6 ], geometrically regular: false | directly regular: false
P-W-{3,3,4}-2 | {3,3,4} | alpha = infinity (-) | type [ 8, 3, 3 ] | f = [ 16, 32, 12, 4 ] | |Gamma| = 192 | vf group 12 | facet [ 16, 24, 6 ], geometrically regular: false | directly regular: false
P-W-{5,3,3}-1 | {5,3,3} | alpha = 0 (0.) | type [ 30, 3, 3 ] | f = [ 600, 1200, 120, 5 ] | |Gamma| = 7200 | vf group 12 | facet [ 480, 720, 48 ], geometrically regular: false | directly regular: false
P-W-{3,3,5}-1 | {3,3,5} | alpha = 1 (1.) | type [ 30, 3, 3 ] | f = [ 600, 1200, 120, 5 ] | |Gamma| = 7200 | vf group 12 | facet [ 480, 720, 48 ], geometrically regular: false | directly regular: false
P-W-{5,3,5/2}-1 | {5,3,5/2} | alpha = 0 (0.) | type [ 12, 3, 5 ] | f = [ 120, 720, 300, 50 ] | |Gamma| = 7200 | vf group 60 | facet [ 48, 72, 12 ], geometrically regular: false | directly regular: false
P-W-{5,3,5/2}-2 | {5,3,5/2} | alpha = 1 (1.) | type [ 12, 3, 5 ] | f = [ 120, 720, 300, 50 ] | |Gamma| = 7200 | vf group 60 | facet [ 48, 72, 12 ], geometrically regular: false | directly regular: false
P-W-{5/2,3,5}-1 | {5/2,3,5} | alpha = 0 (0.) | type [ 12, 3, 5 ] | f = [ 120, 720, 300, 50 ] | |Gamma| = 7200 | vf group 60 | facet [ 48, 72, 12 ], geometrically regular: false | directly regular: false
P-W-{5/2,3,5}-2 | {5/2,3,5} | alpha = 1 (1.) | type [ 12, 3, 5 ] | f = [ 120, 720, 300, 50 ] | |Gamma| = 7200 | vf group 60 | facet [ 48, 72, 12 ], geometrically regular: false | directly regular: false
P-W-{3,3,5/2}-1 | {3,3,5/2} | alpha = 1 (1.) | type [ 30, 3, 3 ] | f = [ 600, 1200, 120, 5 ] | |Gamma| = 7200 | vf group 12 | facet [ 480, 720, 48 ], geometrically regular: false | directly regular: false
P-W-{5/2,3,3}-1 | {5/2,3,3} | alpha = 0 (0.) | type [ 30, 3, 3 ] | f = [ 600, 1200, 120, 5 ] | |Gamma| = 7200 | vf group 12 | facet [ 480, 720, 48 ], geometrically regular: false | directly regular: false
P-F4-{4,3,3}-1 | {4,3,3} | alpha = 0 (0.) | type [ 8, 3, 3 ] | f = [ 16, 32, 12, 4 ] | |Gamma| = 192 | vf group 12 | facet [ 16, 24, 6 ], geometrically regular: false | directly regular: false
P-F4-{4,3,3}-2 | {4,3,3} | alpha = infinity (-) | type [ 8, 3, 3 ] | f = [ 16, 32, 12, 4 ] | |Gamma| = 192 | vf group 12 | facet [ 16, 24, 6 ], geometrically regular: false | directly regular: false
P-FF4-{4,3,3}-1 | {4,3,3} | alpha = 0 (0.) | type [ 8, 3, 3 ] | f = [ 16, 32, 12, 4 ] | |Gamma| = 192 | vf group 12 | facet [ 16, 24, 6 ], geometrically regular: false | directly regular: false
P-FF4-{4,3,3}-2 | {4,3,3} | alpha = infinity (-) | type [ 8, 3, 3 ] | f = [ 16, 32, 12, 4 ] | |Gamma| = 192 | vf group 12 | facet [ 16, 24, 6 ], geometrically regular: false | directly regular: false
P-F4-{3,3,4}-1 | {3,3,4} | alpha = 1 (1.) | type [ 8, 3, 3 ] | f = [ 16, 32, 12, 4 ] | |Gamma| = 192 | vf group 12 | facet [ 16, 24, 6 ], geometrically regular: false | directly regular: false
P-F4-{3,3,4}-2 | {3,3,4} | alpha = infinity (-) | type [ 8, 3, 3 ] | f = [ 16, 32, 12, 4 ] | |Gamma| = 192 | vf group 12 | facet [ 16, 24, 6 ], geometrically regular: false | directly regular: false
P-FF4-{3,3,4}-1 | {3,3,4} | alpha = 1 (1.) | type [ 8, 3, 3 ] | f = [ 16, 32, 12, 4 ] | |Gamma| = 192 | vf group 12 | facet [ 16, 24, 6 ], geometrically regular: false | directly regular: false
P-FF4-{3,3,4}-2 | {3,3,4} | alpha = infinity (-) | type [ 8, 3, 3 ] | f = [ 16, 32, 12, 4 ] | |Gamma| = 192 | vf group 12 | facet [ 16, 24, 6 ], geometrically regular: false | directly regular: false
L3-{4,3,3}-1 | {4,3,3} | alpha = 1/2 (0.5) | type [ 8, 3, 3 ] | f = [ 16, 32, 12, 4 ] | |Gamma| = 192 | vf group 12 | facet [ 16, 24, 6 ], geometrically regular: false | directly regular: false
L3-{4,3,3}-2 | {4,3,3} | alpha = 2 (2.) | type [ 8, 3, 3 ] | f = [ 16, 32, 12, 4 ] | |Gamma| = 192 | vf group 12 | facet [ 16, 24, 6 ], geometrically regular: false | directly regular: false
L3-{4,3,3}-3 | {4,3,3} | alpha = infinity (-) | type [ 8, 3, 3 ] | f = [ 16, 32, 12, 4 ] | |Gamma| = 192 | vf group 12 | facet [ 16, 24, 6 ], geometrically regular: false | directly regular: false
L3-{4,3,3}-6 | {4,3,3} | alpha = 0 (0.) | type [ 8, 3, 3 ] | f = [ 16, 32, 12, 4 ] | |Gamma| = 192 | vf group 12 | facet [ 16, 24, 6 ], geometrically regular: false | directly regular: false
L3-{5,3,3}-3 | {5,3,3} | alpha = 2*E(40)^7-3*E(40)^8-2*E(40)^13-E(40)^16-E(40)^21+2*E(40)^23-E(40)^24-E(40)^29+E(40)^31-3*E(40)^32-2*E(40)^37+E(40)^39 (0.3041135359756636) | type [ 30, 3, 3 ] | f = [ 600, 1200, 120, 5 ] | |Gamma| = 7200 | vf group 12 | facet [ 480, 720, 48 ], geometrically regular: false | directly regular: false
L3-{5,3,3}-8 | {5,3,3} | alpha = 0 (0.) | type [ 30, 3, 3 ] | f = [ 600, 1200, 120, 5 ] | |Gamma| = 7200 | vf group 12 | facet [ 480, 720, 48 ], geometrically regular: false | directly regular: false
L3-{5,3,5/2}-1 | {5,3,5/2} | alpha = 2/3*E(40)^7-1/3*E(40)^8-2/3*E(40)^13-2/3*E(40)^16-2/3*E(40)^21+2/3*E(40)^23-2/3*E(40)^24-2/3*E(40)^29+2/3*E(40)^31-1/3*E(40)^32-2/3*E(40)^37+2/3*E(40)^39 (1.815487037832028) | type [ 12, 3, 3 ] | f = [ 240, 480, 120, 20 ] | |Gamma| = 2880 | vf group 12 | facet [ 48, 72, 12 ], geometrically regular: false | directly regular: true
L3-{5,3,5/2}-2 | {5,3,5/2} | alpha = -2/3*E(40)^7-1/3*E(40)^8+2/3*E(40)^13-2/3*E(40)^16+2/3*E(40)^21-2/3*E(40)^23-2/3*E(40)^24+2/3*E(40)^29-2/3*E(40)^31-1/3*E(40)^32+2/3*E(40)^37-2/3*E(40)^39 (-0.07013104533209813) | type [ 12, 3, 3 ] | f = [ 240, 480, 120, 20 ] | |Gamma| = 2880 | vf group 12 | facet [ 48, 72, 12 ], geometrically regular: false | directly regular: true
L3-{5,3,5/2}-3 | {5,3,5/2} | alpha = -E(40)^7+E(40)^13-E(40)^16+E(40)^21-E(40)^23-E(40)^24+E(40)^29-E(40)^31+E(40)^37-E(40)^39 (0.2038204263767999) | type [ 12, 3, 3 ] | f = [ 240, 480, 120, 20 ] | |Gamma| = 2880 | vf group 12 | facet [ 48, 72, 12 ], geometrically regular: false | directly regular: true
L3-{5,3,5/2}-4 | {5,3,5/2} | alpha = E(40)^7-E(40)^13-E(40)^16-E(40)^21+E(40)^23-E(40)^24-E(40)^29+E(40)^31-E(40)^37+E(40)^39 (3.03224755112299) | type [ 12, 3, 3 ] | f = [ 240, 480, 120, 20 ] | |Gamma| = 2880 | vf group 12 | facet [ 48, 72, 12 ], geometrically regular: false | directly regular: true
#I  Coset table calculation failed -- trying with bigger table limit
#I  Coset table calculation failed -- trying with bigger table limit
#I  Coset table calculation failed -- trying with bigger table limit
L3-{5,3,5/2}-5 | {5,3,5/2} | alpha = -E(40)^7+E(40)^8+E(40)^13-E(40)^23+E(40)^32+E(40)^37 (1.492066037647537) | type [ 12, 3, 4 ] | f = [ 48, 144, 48, 8 ] | |Gamma| = 1152 | vf group 24 | facet [ 48, 72, 12 ], geometrically regular: false | directly regular: false
#I  Coset table calculation failed -- trying with bigger table limit
#I  Coset table calculation failed -- trying with bigger table limit
#I  Coset table calculation failed -- trying with bigger table limit
L3-{5,3,5/2}-6 | {5,3,5/2} | alpha = E(40)^7+E(40)^8-E(40)^13+E(40)^23+E(40)^32-E(40)^37 (-0.2559980601477475) | type [ 12, 3, 4 ] | f = [ 48, 144, 48, 8 ] | |Gamma| = 1152 | vf group 24 | facet [ 48, 72, 12 ], geometrically regular: false | directly regular: false
#I  Coset table calculation failed -- trying with bigger table limit
#I  Coset table calculation failed -- trying with bigger table limit
#I  Coset table calculation failed -- trying with bigger table limit
L3-{5,3,5/2}-7 | {5,3,5/2} | alpha = -E(40)^8-2*E(40)^16+E(40)^21-2*E(40)^24+E(40)^29-E(40)^31-E(40)^32-E(40)^39 (0.3297883774791578) | type [ 12, 3, 4 ] | f = [ 48, 144, 48, 8 ] | |Gamma| = 1152 | vf group 24 | facet [ 48, 72, 12 ], geometrically regular: false | directly regular: false
#I  Coset table calculation failed -- trying with bigger table limit
#I  Coset table calculation failed -- trying with bigger table limit
#I  Coset table calculation failed -- trying with bigger table limit
L3-{5,3,5/2}-8 | {5,3,5/2} | alpha = -E(40)^8-2*E(40)^16-E(40)^21-2*E(40)^24-E(40)^29+E(40)^31-E(40)^32+E(40)^39 (4.906279600020631) | type [ 12, 3, 4 ] | f = [ 48, 144, 48, 8 ] | |Gamma| = 1152 | vf group 24 | facet [ 48, 72, 12 ], geometrically regular: false | directly regular: false
L3-{5,3,5/2}-9 | {5,3,5/2} | alpha = 1 (1.) | type [ 12, 3, 5 ] | f = [ 120, 720, 300, 50 ] | |Gamma| = 7200 | vf group 60 | facet [ 48, 72, 12 ], geometrically regular: false | directly regular: false
#I  Coset table calculation failed -- trying with bigger table limit
#I  Coset table calculation failed -- trying with bigger table limit
#I  Coset table calculation failed -- trying with bigger table limit
#I  Coset table calculation failed -- trying with bigger table limit
#I  Coset table calculation failed -- trying with bigger table limit
#I  Coset table calculation failed -- trying with bigger table limit
L3-{5,3,5/2}-10 | {5,3,5/2} | alpha = -1 (-1.) | type [ 12, 3, 5 ] | f = [ 120, 720, 300, 50 ] | |Gamma| = 7200 | vf group 60 | facet [ 48, 72, 12 ], geometrically regular: false | directly regular: false
L3-{5,3,5/2}-11 | {5,3,5/2} | alpha = E(5)+E(5)^4 (0.6180339887498947) | type [ 12, 3, 5 ] | f = [ 120, 720, 300, 50 ] | |Gamma| = 7200 | vf group 60 | facet [ 48, 72, 12 ], geometrically regular: false | directly regular: false
#I  Coset table calculation failed -- trying with bigger table limit
#I  Coset table calculation failed -- trying with bigger table limit
#I  Coset table calculation failed -- trying with bigger table limit
#I  Coset table calculation failed -- trying with bigger table limit
#I  Coset table calculation failed -- trying with bigger table limit
#I  Coset table calculation failed -- trying with bigger table limit
L3-{5,3,5/2}-12 | {5,3,5/2} | alpha = E(5)+4*E(5)^2+4*E(5)^3+E(5)^4 (-5.854101966249684) | type [ 12, 3, 5 ] | f = [ 120, 720, 300, 50 ] | |Gamma| = 7200 | vf group 60 | facet [ 48, 72, 12 ], geometrically regular: false | directly regular: false
L3-{5,3,5/2}-13 | {5,3,5/2} | alpha = 2 (2.) | type [ 12, 3, 5 ] | f = [ 120, 720, 300, 50 ] | |Gamma| = 7200 | vf group 60 | facet [ 48, 72, 12 ], geometrically regular: false | directly regular: false
L3-{5,3,5/2}-14 | {5,3,5/2} | alpha = -E(5)-2*E(5)^2-2*E(5)^3-E(5)^4 (2.618033988749895) | type [ 12, 3, 5 ] | f = [ 120, 720, 300, 50 ] | |Gamma| = 7200 | vf group 60 | facet [ 48, 72, 12 ], geometrically regular: false | directly regular: false
L3-{5,3,5/2}-15 | {5,3,5/2} | alpha = -5*E(5)-2*E(5)^2-2*E(5)^3-5*E(5)^4 (0.1458980337503162) | type [ 12, 3, 5 ] | f = [ 120, 720, 300, 50 ] | |Gamma| = 7200 | vf group 60 | facet [ 48, 72, 12 ], geometrically regular: false | directly regular: false
L3-{5,3,5/2}-16 | {5,3,5/2} | alpha = 0 (0.) | type [ 12, 3, 5 ] | f = [ 120, 720, 300, 50 ] | |Gamma| = 7200 | vf group 60 | facet [ 48, 72, 12 ], geometrically regular: false | directly regular: false
L3-{3,3,5/2}-1 | {3,3,5/2} | alpha = 1 (1.) | type [ 30, 3, 3 ] | f = [ 600, 1200, 120, 5 ] | |Gamma| = 7200 | vf group 12 | facet [ 480, 720, 48 ], geometrically regular: false | directly regular: false
L3-{3,3,5/2}-4 | {3,3,5/2} | alpha = -E(40)^7+E(40)^13+2*E(40)^16+2*E(40)^21-E(40)^23+2*E(40)^24+2*E(40)^29-2*E(40)^31+E(40)^37-2*E(40)^39 (-6.938527151143623) | type [ 30, 3, 3 ] | f = [ 600, 1200, 120, 5 ] | |Gamma| = 7200 | vf group 12 | facet [ 480, 720, 48 ], geometrically regular: false | directly regular: false

=== abstract classes by the orientation-independent word invariant ===
class 1: type [ 8, 3, 3 ], f-vector [ 16, 32, 12, 4 ], |Gamma| = 192, 17 realisation(s): [ "C-{4,3,3}", "P-W-{4,3,3}-1", "P-W-{4,3,3}-2", "P-W-{3,3,4}-1", "P-W-{3,3,4}-2", "P-F4-{4,3,3}-1", "P-F4-{4,3,3}-2", "P-FF4-{4,3,3}-1", "P-FF4-{4,3,3}-2", "P-F4-{3,3,4}-1", "P-F4-{3,3,4}-2", "P-FF4-{3,3,4}-1", "P-FF4-{3,3,4}-2", "L3-{4,3,3}-1", "L3-{4,3,3}-2", "L3-{4,3,3}-3", "L3-{4,3,3}-6" ]
   word-order invariant (both orientations) = [ [ 4, 8, 8, 2, 6, 8 ], [ 8, 4, 4, 2, 3, 4 ] ]
class 2: type [ 30, 3, 3 ], f-vector [ 600, 1200, 120, 5 ], |Gamma| = 7200, 10 realisation(s): [ "C-{5,3,3}", "C-{5/2,3,3}", "P-W-{5,3,3}-1", "P-W-{3,3,5}-1", "P-W-{3,3,5/2}-1", "P-W-{5/2,3,3}-1", "L3-{5,3,3}-3", "L3-{5,3,3}-8", "L3-{3,3,5/2}-1", "L3-{3,3,5/2}-4" ]
   word-order invariant (both orientations) = [ [ 5, 30, 30, 2, 20, 30 ], [ 30, 5, 5, 2, 5, 5 ] ]
class 3: type [ 12, 3, 5 ], f-vector [ 120, 720, 300, 50 ], |Gamma| = 7200, 10 realisation(s): [ "C-{5,3,5/2}", "C-{5/2,3,5}", "P-W-{5,3,5/2}-1", "P-W-{5,3,5/2}-2", "P-W-{5/2,3,5}-1", "P-W-{5/2,3,5}-2", "L3-{5,3,5/2}-9", "L3-{5,3,5/2}-12", "L3-{5,3,5/2}-15", "L3-{5,3,5/2}-16" ]
   word-order invariant (both orientations) = [ [ 5, 15, 15, 2, 15, 12 ], [ 15, 5, 5, 2, 10, 15 ] ]
class 4: type [ 12, 3, 3 ], f-vector [ 240, 480, 120, 20 ], |Gamma| = 2880, 4 realisation(s): [ "L3-{5,3,5/2}-1", "L3-{5,3,5/2}-2", "L3-{5,3,5/2}-3", "L3-{5,3,5/2}-4" ]
   word-order invariant (both orientations) = [ [ 40, 40, 40, 2, 15, 40 ] ]
class 5: type [ 12, 3, 4 ], f-vector [ 48, 144, 48, 8 ], |Gamma| = 1152, 4 realisation(s): [ "L3-{5,3,5/2}-5", "L3-{5,3,5/2}-6", "L3-{5,3,5/2}-7", "L3-{5,3,5/2}-8" ]
   word-order invariant (both orientations) = [ [ 12, 24, 24, 2, 4, 24 ], [ 24, 12, 12, 2, 8, 24 ] ]
class 6: type [ 12, 3, 5 ], f-vector [ 120, 720, 300, 50 ], |Gamma| = 7200, 4 realisation(s): [ "L3-{5,3,5/2}-10", "L3-{5,3,5/2}-11", "L3-{5,3,5/2}-13", "L3-{5,3,5/2}-14" ]
   word-order invariant (both orientations) = [ [ 10, 30, 30, 2, 15, 12 ], [ 30, 10, 10, 2, 10, 30 ] ]
PASS  the word-order invariant separates the classes found by compare.g (6 classes)

=== chirality groups X(P), one representative per class ===
class 1 (C-{4,3,3}, type [ 8, 3, 3 ], f = [ 16, 32, 12, 4 ]): |X(P)| = 2, X(P) = C2, [Gamma : X] = 96, Gamma/X = (C2 x C2) : S4, quotient generator orders [ 4, 3, 3 ], quotient coset f-vector 
[ 8, 16, 12, 4 ], quotient has the intersection property: true, |Gamma o Gamma-bar| = 384
PASS  class 1: the three methods for X(P) agree
PASS  class 1: X(P) trivial exactly when the polytope is directly regular
class 2 (C-{5,3,3}, type [ 30, 3, 3 ], f = [ 600, 1200, 120, 5 ]): |X(P)| = 120, X(P) = SL(2,5), [Gamma : X] = 60, Gamma/X = A5, quotient generator orders [ 3, 3, 3 ], quotient coset f-vector 
[ 5, 10, 10, 5 ], quotient has the intersection property: true, |Gamma o Gamma-bar| = 864000
PASS  class 2: the three methods for X(P) agree
PASS  class 2: X(P) trivial exactly when the polytope is directly regular
class 3 (C-{5,3,5/2}, type [ 12, 3, 5 ], f = [ 120, 720, 300, 50 ]): |X(P)| = 120, X(P) = SL(2,5), [Gamma : X] = 60, Gamma/X = A5, quotient generator orders [ 2, 3, 5 ], quotient coset f-vector 
[ 1, 6, 15, 10 ], quotient has the intersection property: false, |Gamma o Gamma-bar| = 864000
PASS  class 3: the three methods for X(P) agree
PASS  class 3: X(P) trivial exactly when the polytope is directly regular
#I  Coset table calculation failed -- trying with bigger table limit
#I  Coset table calculation failed -- trying with bigger table limit
#I  Coset table calculation failed -- trying with bigger table limit
#I  Coset table calculation failed -- trying with bigger table limit
#I  Coset table calculation failed -- trying with bigger table limit
class 4 (L3-{5,3,5/2}-1, type [ 12, 3, 3 ], f = [ 240, 480, 120, 20 ]): |X(P)| = 1, X(P) = 1, [Gamma : X] = 2880, Gamma/X = (SL(2,5) : (C2 x C2)) : S3, quotient generator orders 
[ 12, 3, 3 ], quotient coset f-vector [ 240, 480, 120, 20 ], quotient has the intersection property: true, |Gamma o Gamma-bar| = 2880
PASS  class 4: the three methods for X(P) agree
PASS  class 4: X(P) trivial exactly when the polytope is directly regular
#I  Coset table calculation failed -- trying with bigger table limit
#I  Coset table calculation failed -- trying with bigger table limit
#I  Coset table calculation failed -- trying with bigger table limit
class 5 (L3-{5,3,5/2}-5, type [ 12, 3, 4 ], f = [ 48, 144, 48, 8 ]): |X(P)| = 8, X(P) = Q8, [Gamma : X] = 144, Gamma/X = S4 x S3, quotient generator orders [ 6, 3, 4 ], quotient coset f-vector 
[ 6, 18, 12, 8 ], quotient has the intersection property: true, |Gamma o Gamma-bar| = 9216
PASS  class 5: the three methods for X(P) agree
PASS  class 5: X(P) trivial exactly when the polytope is directly regular
#I  Coset table calculation failed -- trying with bigger table limit
#I  Coset table calculation failed -- trying with bigger table limit
#I  Coset table calculation failed -- trying with bigger table limit
#I  Coset table calculation failed -- trying with bigger table limit
#I  Coset table calculation failed -- trying with bigger table limit
#I  Coset table calculation failed -- trying with bigger table limit
class 6 (L3-{5,3,5/2}-10, type [ 12, 3, 5 ], f = [ 120, 720, 300, 50 ]): |X(P)| = 120, X(P) = SL(2,5), [Gamma : X] = 60, Gamma/X = A5, quotient generator orders [ 2, 3, 5 ], quotient coset f-vector 
[ 1, 6, 15, 10 ], quotient has the intersection property: false, |Gamma o Gamma-bar| = 864000
PASS  class 6: the three methods for X(P) agree
PASS  class 6: X(P) trivial exactly when the polytope is directly regular

the two classes of type {12,3,5} with f-vector (120,720,300,50): |X| = 120 and 120

summary.g: 13 passed, 0 failed.
Done: summary.g
