started: 2026-09-09T16:27:37Z
script sha256: 2809282c5244c2033ef63e06b8a647a3e10b158d09f7f538e5aff2dd406c91ea  congruence-quick.g
survivors: 24
Syntax warning: Unbound global variable in congruence-quick.g:35
  pos := x -> Position(V, x);
                       ^
Syntax warning: Unbound global variable in congruence-quick.g:36
  perms := List(S, g -> PermList(List(V, v -> pos(v*g)))); P := Group(perms); s := perms;
                                      ^
Syntax warning: Unbound global variable in congruence-quick.g:36
  perms := List(S, g -> PermList(List(V, v -> pos(v*g)))); P := Group(perms); s := perms;
                                              ^^^
Syntax warning: Unbound global variable in congruence-quick.g:44
           face_profile := List([1..Int(Order(c.S1)/2)], k -> (w*(w*c.S1^k))/n2),
                                                               ^
Syntax warning: Unbound global variable in congruence-quick.g:44
           face_profile := List([1..Int(Order(c.S1)/2)], k -> (w*(w*c.S1^k))/n2),
                                                                  ^
Syntax warning: Unbound global variable in congruence-quick.g:44
           face_profile := List([1..Int(Order(c.S1)/2)], k -> (w*(w*c.S1^k))/n2),
                                                                             ^^
Syntax warning: Unbound global variable in congruence-quick.g:45
           vf_profile := Collected(List(Combinations([1..Length(nb)], 2), pr -> (nb[pr[1]]*nb[pr[2]])/n2)),
                                                                                 ^^
Syntax warning: Unbound global variable in congruence-quick.g:45
           vf_profile := Collected(List(Combinations([1..Length(nb)], 2), pr -> (nb[pr[1]]*nb[pr[2]])/n2)),
                                                                                           ^^
Syntax warning: Unbound global variable in congruence-quick.g:45
           vf_profile := Collected(List(Combinations([1..Length(nb)], 2), pr -> (nb[pr[1]]*nb[pr[2]])/n2)),
                                                                                                      ^^
Syntax warning: Unbound global variable in congruence-quick.g:46
           dist := Collected(List(V, v -> (w*v)/n2)));
                                           ^
Syntax warning: Unbound global variable in congruence-quick.g:46
           dist := Collected(List(V, v -> (w*v)/n2)));
                                                ^^
L3-{4,3,3}-1 | alpha~0.5 | type [ 8, 3, 3 ] |Gamma| 192 f [ 16, 32, 12, 4 ] dr false | edge ip 1/2 ~ 0.5 | #dist 5
L3-{4,3,3}-2 | alpha~2. | type [ 8, 3, 3 ] |Gamma| 192 f [ 16, 32, 12, 4 ] dr false | edge ip -1/2 ~ -0.5 | #dist 5
L3-{4,3,3}-3 | alpha~infinity | type [ 8, 3, 3 ] |Gamma| 192 f [ 16, 32, 12, 4 ] dr false | edge ip -1/2 ~ -0.5 | #dist 5
L3-{4,3,3}-6 | alpha~0. | type [ 8, 3, 3 ] |Gamma| 192 f [ 16, 32, 12, 4 ] dr false | edge ip 1/2 ~ 0.5 | #dist 5
L3-{5,3,3}-3 | alpha~0.3041135359756636 | type [ 30, 3, 3 ] |Gamma| 7200 f [ 600, 1200, 120, 5 ] dr false | edge ip 1/4*E(5)-1/2*E(5)^2-1/2*E(5)^3+1/4*E(5)^4 ~ 0.9635254915624212 | #dist 31
L3-{5,3,3}-8 | alpha~0. | type [ 30, 3, 3 ] |Gamma| 7200 f [ 600, 1200, 120, 5 ] dr false | edge ip 1/4*E(5)-1/2*E(5)^2-1/2*E(5)^3+1/4*E(5)^4 ~ 0.9635254915624212 | #dist 31
L3-{5,3,5/2}-1 | alpha~1.815487037832028 | type [ 12, 3, 3 ] |Gamma| 2880 f [ 240, 480, 120, 20 ] dr true | edge ip 1/4*E(40)^7-1/4*E(40)^13+1/4*E(40)^21+1/4*E(40)^23+1/4*E(40)^29-1/4*E(40)^31-1/4*E(40)^37-1/4*E(40)^39 ~ -0.7905694150420949 | #dist 23
L3-{5,3,5/2}-2 | alpha~-0.07013104533209813 | type [ 12, 3, 3 ] |Gamma| 2880 f [ 240, 480, 120, 20 ] dr true | edge ip -1/4*E(40)^7+1/4*E(40)^13-1/4*E(40)^21-1/4*E(40)^23-1/4*E(40)^29+1/4*E(40)^31+1/4*E(40)^37+1/4*E(40)^39 ~ 0.7905694150420949 | #dist 23
L3-{5,3,5/2}-3 | alpha~0.2038204263767999 | type [ 12, 3, 3 ] |Gamma| 2880 f [ 240, 480, 120, 20 ] dr true | edge ip -1/4*E(40)^7+1/4*E(40)^13-1/4*E(40)^21-1/4*E(40)^23-1/4*E(40)^29+1/4*E(40)^31+1/4*E(40)^37+1/4*E(40)^39 ~ 0.7905694150420949 | #dist 23
L3-{5,3,5/2}-4 | alpha~3.03224755112299 | type [ 12, 3, 3 ] |Gamma| 2880 f [ 240, 480, 120, 20 ] dr true | edge ip 1/4*E(40)^7-1/4*E(40)^13+1/4*E(40)^21+1/4*E(40)^23+1/4*E(40)^29-1/4*E(40)^31-1/4*E(40)^37-1/4*E(40)^39 ~ -0.7905694150420949 | #dist 23
L3-{5,3,5/2}-5 | alpha~1.492066037647537 | type [ 12, 3, 4 ] |Gamma| 1152 f [ 48, 144, 48, 8 ] dr false | edge ip -1/2*E(8)+1/2*E(8)^3 ~ -0.7071067811865475 | #dist 7
L3-{5,3,5/2}-6 | alpha~-0.2559980601477475 | type [ 12, 3, 4 ] |Gamma| 1152 f [ 48, 144, 48, 8 ] dr false | edge ip 1/2*E(8)-1/2*E(8)^3 ~ 0.7071067811865475 | #dist 7
L3-{5,3,5/2}-7 | alpha~0.3297883774791578 | type [ 12, 3, 4 ] |Gamma| 1152 f [ 48, 144, 48, 8 ] dr false | edge ip 1/2*E(8)-1/2*E(8)^3 ~ 0.7071067811865475 | #dist 7
L3-{5,3,5/2}-8 | alpha~4.906279600020631 | type [ 12, 3, 4 ] |Gamma| 1152 f [ 48, 144, 48, 8 ] dr false | edge ip -1/2*E(8)+1/2*E(8)^3 ~ -0.7071067811865475 | #dist 7
L3-{5,3,5/2}-9 | alpha~1. | type [ 12, 3, 5 ] |Gamma| 7200 f [ 120, 720, 300, 50 ] dr false | edge ip -1/2*E(5)-1/2*E(5)^4 ~ -0.3090169943749473 | #dist 9
L3-{5,3,5/2}-10 | alpha~-1. | type [ 12, 3, 5 ] |Gamma| 7200 f [ 120, 720, 300, 50 ] dr false | edge ip 1/2*E(5)+1/2*E(5)^4 ~ 0.3090169943749473 | #dist 9
L3-{5,3,5/2}-11 | alpha~0.6180339887498947 | type [ 12, 3, 5 ] |Gamma| 7200 f [ 120, 720, 300, 50 ] dr false | edge ip 1/2*E(5)+1/2*E(5)^4 ~ 0.3090169943749473 | #dist 9
L3-{5,3,5/2}-12 | alpha~-5.854101966249684 | type [ 12, 3, 5 ] |Gamma| 7200 f [ 120, 720, 300, 50 ] dr false | edge ip -1/2*E(5)-1/2*E(5)^4 ~ -0.3090169943749473 | #dist 9
L3-{5,3,5/2}-13 | alpha~2. | type [ 12, 3, 5 ] |Gamma| 7200 f [ 120, 720, 300, 50 ] dr false | edge ip 1/2*E(5)^2+1/2*E(5)^3 ~ -0.8090169943749475 | #dist 9
L3-{5,3,5/2}-14 | alpha~2.618033988749895 | type [ 12, 3, 5 ] |Gamma| 7200 f [ 120, 720, 300, 50 ] dr false | edge ip 1/2*E(5)^2+1/2*E(5)^3 ~ -0.8090169943749475 | #dist 9
L3-{5,3,5/2}-15 | alpha~0.1458980337503162 | type [ 12, 3, 5 ] |Gamma| 7200 f [ 120, 720, 300, 50 ] dr false | edge ip -1/2*E(5)^2-1/2*E(5)^3 ~ 0.8090169943749475 | #dist 9
L3-{5,3,5/2}-16 | alpha~0. | type [ 12, 3, 5 ] |Gamma| 7200 f [ 120, 720, 300, 50 ] dr false | edge ip -1/2*E(5)^2-1/2*E(5)^3 ~ 0.8090169943749475 | #dist 9
L3-{3,3,5/2}-1 | alpha~1. | type [ 30, 3, 3 ] |Gamma| 7200 f [ 600, 1200, 120, 5 ] dr false | edge ip -1/2*E(5)+1/4*E(5)^2+1/4*E(5)^3-1/2*E(5)^4 ~ -0.7135254915624211 | #dist 31
L3-{3,3,5/2}-4 | alpha~-6.938527151143623 | type [ 30, 3, 3 ] |Gamma| 7200 f [ 600, 1200, 120, 5 ] dr false | edge ip -1/2*E(5)+1/4*E(5)^2+1/4*E(5)^3-1/2*E(5)^4 ~ -0.7135254915624211 | #dist 31

=== abstract classes ===
class 1: [ "L3-{4,3,3}-1(0.5)", "L3-{4,3,3}-2(2.)", "L3-{4,3,3}-3(infinity)", "L3-{4,3,3}-6(0.)" ] type [ 8, 3, 3 ] f [ 16, 32, 12, 4 ] |Gamma| 192 dr false
AU-PASS  class 1 size = 4
class 2: [ "L3-{5,3,3}-3(0.3041135359756636)", "L3-{5,3,3}-8(0.)", "L3-{3,3,5/2}-1(1.)", "L3-{3,3,5/2}-4(-6.9385271511436226)" ] type [ 30, 3, 3 ] f [ 600, 1200, 120, 5 ] |Gamma| 7200 dr false
AU-PASS  class 2 size = 4
class 3: [ "L3-{5,3,5/2}-1(1.8154870378320278)", "L3-{5,3,5/2}-2(-0.07013104533209813)", "L3-{5,3,5/2}-3(0.20382042637679987)", "L3-{5,3,5/2}-4(3.0322475511229903)" ] type [ 12, 3, 3 ] f [ 240, 480, 120, 20 ] |Gamma| 2880 dr true
AU-PASS  class 3 size = 4
class 4: [ "L3-{5,3,5/2}-5(1.492066037647537)", "L3-{5,3,5/2}-6(-0.25599806014774751)", "L3-{5,3,5/2}-7(0.32978837747915779)", "L3-{5,3,5/2}-8(4.906279600020631)" ] type [ 12, 3, 4 ] f [ 48, 144, 48, 8 ] |Gamma| 1152 dr false
AU-PASS  class 4 size = 4
class 5: [ "L3-{5,3,5/2}-9(1.)", "L3-{5,3,5/2}-12(-5.8541019662496838)", "L3-{5,3,5/2}-15(0.14589803375031618)", "L3-{5,3,5/2}-16(0.)" ] type [ 12, 3, 5 ] f [ 120, 720, 300, 50 ] |Gamma| 7200 dr false
AU-PASS  class 5 size = 4
class 6: [ "L3-{5,3,5/2}-10(-1.)", "L3-{5,3,5/2}-11(0.61803398874989468)", "L3-{5,3,5/2}-13(2.)", "L3-{5,3,5/2}-14(2.6180339887498949)" ] type [ 12, 3, 5 ] f [ 120, 720, 300, 50 ] |Gamma| 7200 dr false
AU-PASS  class 6 size = 4
AU-PASS  number of abstract classes = 6
AU-PASS  class of alpha=0 (thesis) and class of alpha=2 differ (classes 3 and 6 non-isomorphic)
groups of classes 3 and 6 abstractly isomorphic: true
Syntax warning: Unbound global variable in congruence-quick.g:92
      Fa := Set(List(Orbit(Group(a.S), Set(List(Orbit(Group(a.S[1]), Set([a.w, a.w*a.S[1]^-1]), OnSets))), OnSetsSets)));
      ^^
Syntax warning: Unbound global variable in congruence-quick.g:93
      Fb := Set(List(Orbit(Group(b.S), Set(List(Orbit(Group(b.S[1]), Set([b.w, b.w*b.S[1]^-1]), OnSets))), OnSetsSets)));
      ^^
Syntax warning: Unbound global variable in congruence-quick.g:94
      ok.faces := (Set(List(Fa, f -> Set(List(f, e -> Set(List(e, v -> v*g)))))) = Fb);
                            ^^
Syntax warning: Unbound global variable in congruence-quick.g:94
      ok.faces := (Set(List(Fa, f -> Set(List(f, e -> Set(List(e, v -> v*g)))))) = Fb);
                                                                                   ^^

=== congruence up to enantiomorphism within each abstract class ===
  L3-{4,3,3}-2 vs L3-{4,3,3}-1: invariants (edge ip, face profile, vf profile, distance distribution) equal: [ false, false, true, true ]  => not congruent (invariant differs)
  L3-{4,3,3}-3 vs L3-{4,3,3}-1: invariants (edge ip, face profile, vf profile, distance distribution) equal: [ false, false, true, true ]  => not congruent (invariant differs)
  L3-{4,3,3}-3 vs L3-{4,3,3}-2: invariants (edge ip, face profile, vf profile, distance distribution) equal: [ true, true, true, true ]; similarities w_a->w_b: 24, mapping V_a onto V_b: 24, edge-preserving: 24, face-preserving: 12 dets [ 9/16, 9/16, 9/16, 9/16, 9/16, 9/16, 9/16, 9/16, 9/16, 9/16, 9/16, 9/16 ]  => CONGRUENT or mirror-congruent
  L3-{4,3,3}-6 vs L3-{4,3,3}-1: invariants (edge ip, face profile, vf profile, distance distribution) equal: [ true, true, true, true ]; similarities w_a->w_b: 24, mapping V_a onto V_b: 24, edge-preserving: 24, face-preserving: 12 dets [ 9/16, 9/16, 9/16, 9/16, 9/16, 9/16, 9/16, 9/16, 9/16, 9/16, 9/16, 9/16 ]  => CONGRUENT or mirror-congruent
class 1: 2 congruence classes up to enantiomorphism
AU-FAIL  class 1: congruence classes up to enantiomorphism   (expected 4, got 2)
  L3-{5,3,3}-8 vs L3-{5,3,3}-3: invariants (edge ip, face profile, vf profile, distance distribution) equal: [ true, true, true, true ]; similarities w_a->w_b: 24, mapping V_a onto V_b: 24, edge-preserving: 24, face-preserving: 12 dets [ -89/4*E(5)-233/4*E(5)^2-233/4*E(5)^3-89/4*E(5)^4, -89/4*E(5)-233/4*E(5)^2-233/4*E(5)^3-89/4*E(5)^4, -89/4*E(5)-233/4*E(5)^2-233/4*E(5)^3-89/4*E(5)^4, -89/4*E(5)-233/4*E(5)^2-233/4*E(5)^3-89/4*E(5)^4, -89/4*E(5)-233/4*E(5)^2-233/4*E(5)^3-89/4*E(5)^4, -89/4*E(5)-233/4*E(5)^2-233/4*E(5)^3-89/4*E(5)^4, -89/4*E(5)-233/4*E(5)^2-233/4*E(5)^3-89/4*E(5)^4, -89/4*E(5)-233/4*E(5)^2-233/4*E(5)^3-89/4*E(5)^4, -89/4*E(5)-233/4*E(5)^2-233/4*E(5)^3-89/4*E(5)^4, -89/4*E(5)-233/4*E(5)^2-233/4*E(5)^3-89/4*E(5)^4, -89/4*E(5)-233/4*E(5)^2-233/4*E(5)^3-89/4*E(5)^4, -89/4*E(5)-233/4*E(5)^2-233/4*E(5)^3-89/4*E(5)^4 ]  => CONGRUENT or mirror-congruent
  L3-{3,3,5/2}-1 vs L3-{5,3,3}-3: invariants (edge ip, face profile, vf profile, distance distribution) equal: [ false, false, false, true ]  => not congruent (invariant differs)
  L3-{3,3,5/2}-4 vs L3-{5,3,3}-3: invariants (edge ip, face profile, vf profile, distance distribution) equal: [ false, false, false, true ]  => not congruent (invariant differs)
  L3-{3,3,5/2}-4 vs L3-{3,3,5/2}-1: invariants (edge ip, face profile, vf profile, distance distribution) equal: [ true, true, true, true ]; similarities w_a->w_b: 24, mapping V_a onto V_b: 24, edge-preserving: 24, face-preserving: 12 dets [ 1/4, 1/4, 1/4, 1/4, 1/4, 1/4, 1/4, 1/4, 1/4, 1/4, 1/4, 1/4 ]  => CONGRUENT or mirror-congruent
class 2: 2 congruence classes up to enantiomorphism
AU-FAIL  class 2: congruence classes up to enantiomorphism   (expected 4, got 2)
  L3-{5,3,5/2}-2 vs L3-{5,3,5/2}-1: invariants (edge ip, face profile, vf profile, distance distribution) equal: [ false, false, true, true ]  => not congruent (invariant differs)
  L3-{5,3,5/2}-3 vs L3-{5,3,5/2}-1: invariants (edge ip, face profile, vf profile, distance distribution) equal: [ false, false, true, true ]  => not congruent (invariant differs)
  L3-{5,3,5/2}-3 vs L3-{5,3,5/2}-2: invariants (edge ip, face profile, vf profile, distance distribution) equal: [ true, true, true, true ]; similarities w_a->w_b: 12, mapping V_a onto V_b: 12, edge-preserving: 12, face-preserving: 12 dets [ 112/9*E(40)^7-164/9*E(40)^8-112/9*E(40)^13-392/9*E(40)^16-272/9*E(40)^21+112/9*E(40)^23-392/9*E(40)^24-272/9*E(40)^29+272/9*E(40)^31-164/9*E(40)^32-112/9*E(40)^37+272/9*E(40)^39, 112/9*E(40)^7-164/9*E(40)^8-112/9*E(40)^13-392/9*E(40)^16-272/9*E(40)^21+112/9*E(40)^23-392/9*E(40)^24-272/9*E(40)^29+272/9*E(40)^31-164/9*E(40)^32-112/9*E(40)^37+272/9*E(40)^39, 112/9*E(40)^7-164/9*E(40)^8-112/9*E(40)^13-392/9*E(40)^16-272/9*E(40)^21+112/9*E(40)^23-392/9*E(40)^24-272/9*E(40)^29+272/9*E(40)^31-164/9*E(40)^32-112/9*E(40)^37+272/9*E(40)^39, 112/9*E(40)^7-164/9*E(40)^8-112/9*E(40)^13-392/9*E(40)^16-272/9*E(40)^21+112/9*E(40)^23-392/9*E(40)^24-272/9*E(40)^29+272/9*E(40)^31-164/9*E(40)^32-112/9*E(40)^37+272/9*E(40)^39, 112/9*E(40)^7-164/9*E(40)^8-112/9*E(40)^13-392/9*E(40)^16-272/9*E(40)^21+112/9*E(40)^23-392/9*E(40)^24-272/9*E(40)^29+272/9*E(40)^31-164/9*E(40)^32-112/9*E(40)^37+272/9*E(40)^39, 112/9*E(40)^7-164/9*E(40)^8-112/9*E(40)^13-392/9*E(40)^16-272/9*E(40)^21+112/9*E(40)^23-392/9*E(40)^24-272/9*E(40)^29+272/9*E(40)^31-164/9*E(40)^32-112/9*E(40)^37+272/9*E(40)^39, 112/9*E(40)^7-164/9*E(40)^8-112/9*E(40)^13-392/9*E(40)^16-272/9*E(40)^21+112/9*E(40)^23-392/9*E(40)^24-272/9*E(40)^29+272/9*E(40)^31-164/9*E(40)^32-112/9*E(40)^37+272/9*E(40)^39, 112/9*E(40)^7-164/9*E(40)^8-112/9*E(40)^13-392/9*E(40)^16-272/9*E(40)^21+112/9*E(40)^23-392/9*E(40)^24-272/9*E(40)^29+272/9*E(40)^31-164/9*E(40)^32-112/9*E(40)^37+272/9*E(40)^39, 112/9*E(40)^7-164/9*E(40)^8-112/9*E(40)^13-392/9*E(40)^16-272/9*E(40)^21+112/9*E(40)^23-392/9*E(40)^24-272/9*E(40)^29+272/9*E(40)^31-164/9*E(40)^32-112/9*E(40)^37+272/9*E(40)^39, 112/9*E(40)^7-164/9*E(40)^8-112/9*E(40)^13-392/9*E(40)^16-272/9*E(40)^21+112/9*E(40)^23-392/9*E(40)^24-272/9*E(40)^29+272/9*E(40)^31-164/9*E(40)^32-112/9*E(40)^37+272/9*E(40)^39, 112/9*E(40)^7-164/9*E(40)^8-112/9*E(40)^13-392/9*E(40)^16-272/9*E(40)^21+112/9*E(40)^23-392/9*E(40)^24-272/9*E(40)^29+272/9*E(40)^31-164/9*E(40)^32-112/9*E(40)^37+272/9*E(40)^39, 112/9*E(40)^7-164/9*E(40)^8-112/9*E(40)^13-392/9*E(40)^16-272/9*E(40)^21+112/9*E(40)^23-392/9*E(40)^24-272/9*E(40)^29+272/9*E(40)^31-164/9*E(40)^32-112/9*E(40)^37+272/9*E(40)^39 ]  => CONGRUENT or mirror-congruent
  L3-{5,3,5/2}-4 vs L3-{5,3,5/2}-1: invariants (edge ip, face profile, vf profile, distance distribution) equal: [ true, true, true, true ]; similarities w_a->w_b: 12, mapping V_a onto V_b: 12, edge-preserving: 12, face-preserving: 12 dets [ -112/9*E(40)^7-164/9*E(40)^8+112/9*E(40)^13-392/9*E(40)^16+272/9*E(40)^21-112/9*E(40)^23-392/9*E(40)^24+272/9*E(40)^29-272/9*E(40)^31-164/9*E(40)^32+112/9*E(40)^37-272/9*E(40)^39, -112/9*E(40)^7-164/9*E(40)^8+112/9*E(40)^13-392/9*E(40)^16+272/9*E(40)^21-112/9*E(40)^23-392/9*E(40)^24+272/9*E(40)^29-272/9*E(40)^31-164/9*E(40)^32+112/9*E(40)^37-272/9*E(40)^39, -112/9*E(40)^7-164/9*E(40)^8+112/9*E(40)^13-392/9*E(40)^16+272/9*E(40)^21-112/9*E(40)^23-392/9*E(40)^24+272/9*E(40)^29-272/9*E(40)^31-164/9*E(40)^32+112/9*E(40)^37-272/9*E(40)^39, -112/9*E(40)^7-164/9*E(40)^8+112/9*E(40)^13-392/9*E(40)^16+272/9*E(40)^21-112/9*E(40)^23-392/9*E(40)^24+272/9*E(40)^29-272/9*E(40)^31-164/9*E(40)^32+112/9*E(40)^37-272/9*E(40)^39, -112/9*E(40)^7-164/9*E(40)^8+112/9*E(40)^13-392/9*E(40)^16+272/9*E(40)^21-112/9*E(40)^23-392/9*E(40)^24+272/9*E(40)^29-272/9*E(40)^31-164/9*E(40)^32+112/9*E(40)^37-272/9*E(40)^39, -112/9*E(40)^7-164/9*E(40)^8+112/9*E(40)^13-392/9*E(40)^16+272/9*E(40)^21-112/9*E(40)^23-392/9*E(40)^24+272/9*E(40)^29-272/9*E(40)^31-164/9*E(40)^32+112/9*E(40)^37-272/9*E(40)^39, -112/9*E(40)^7-164/9*E(40)^8+112/9*E(40)^13-392/9*E(40)^16+272/9*E(40)^21-112/9*E(40)^23-392/9*E(40)^24+272/9*E(40)^29-272/9*E(40)^31-164/9*E(40)^32+112/9*E(40)^37-272/9*E(40)^39, -112/9*E(40)^7-164/9*E(40)^8+112/9*E(40)^13-392/9*E(40)^16+272/9*E(40)^21-112/9*E(40)^23-392/9*E(40)^24+272/9*E(40)^29-272/9*E(40)^31-164/9*E(40)^32+112/9*E(40)^37-272/9*E(40)^39, -112/9*E(40)^7-164/9*E(40)^8+112/9*E(40)^13-392/9*E(40)^16+272/9*E(40)^21-112/9*E(40)^23-392/9*E(40)^24+272/9*E(40)^29-272/9*E(40)^31-164/9*E(40)^32+112/9*E(40)^37-272/9*E(40)^39, -112/9*E(40)^7-164/9*E(40)^8+112/9*E(40)^13-392/9*E(40)^16+272/9*E(40)^21-112/9*E(40)^23-392/9*E(40)^24+272/9*E(40)^29-272/9*E(40)^31-164/9*E(40)^32+112/9*E(40)^37-272/9*E(40)^39, -112/9*E(40)^7-164/9*E(40)^8+112/9*E(40)^13-392/9*E(40)^16+272/9*E(40)^21-112/9*E(40)^23-392/9*E(40)^24+272/9*E(40)^29-272/9*E(40)^31-164/9*E(40)^32+112/9*E(40)^37-272/9*E(40)^39, -112/9*E(40)^7-164/9*E(40)^8+112/9*E(40)^13-392/9*E(40)^16+272/9*E(40)^21-112/9*E(40)^23-392/9*E(40)^24+272/9*E(40)^29-272/9*E(40)^31-164/9*E(40)^32+112/9*E(40)^37-272/9*E(40)^39 ]  => CONGRUENT or mirror-congruent
class 3: 2 congruence classes up to enantiomorphism
AU-FAIL  class 3: congruence classes up to enantiomorphism   (expected 4, got 2)
  L3-{5,3,5/2}-6 vs L3-{5,3,5/2}-5: invariants (edge ip, face profile, vf profile, distance distribution) equal: [ false, false, true, true ]  => not congruent (invariant differs)
  L3-{5,3,5/2}-7 vs L3-{5,3,5/2}-5: invariants (edge ip, face profile, vf profile, distance distribution) equal: [ false, false, true, true ]  => not congruent (invariant differs)
  L3-{5,3,5/2}-7 vs L3-{5,3,5/2}-6: invariants (edge ip, face profile, vf profile, distance distribution) equal: [ true, true, true, true ]; similarities w_a->w_b: 48, mapping V_a onto V_b: 48, edge-preserving: 48, face-preserving: 24 dets [ 16/9*E(40)^7-25/9*E(40)^8-16/9*E(40)^13-34/9*E(40)^16-20/9*E(40)^21+16/9*E(40)^23-34/9*E(40)^24-20/9*E(40)^29+20/9*E(40)^31-25/9*E(40)^32-16/9*E(40)^37+20/9*E(40)^39, 
  16/9*E(40)^7-25/9*E(40)^8-16/9*E(40)^13-34/9*E(40)^16-20/9*E(40)^21+16/9*E(40)^23-34/9*E(40)^24-20/9*E(40)^29+20/9*E(40)^31-25/9*E(40)^32-16/9*E(40)^37+20/9*E(40)^39, 16/9*E(40)^7-25/9*E(40)^8-16/9*E(40)^13-34/9*E(40)^16-20/9*E(40)^21+16/9*E(40)^23-34/9*E(40)^24-20/9*E(40)^29+20/9*E(40)^31-25/9*E(40)^32-16/9*E(40)^37+20/9*E(40)^39, 16/9*E(40)^7-25/9*E(40)^8-16/9*E(40)^13-34/9*E(40)^16-20/9*E(40)^21+16/9*E(40)^23-34/9*E(40)^24-20/9*E(40)^29+20/9*E(40)^31-25/9*E(40)^32-16/9*E(40)^37+20/9*E(40)^39, 16/9*E(40)^7-25/9*E(40)^8-16/9*E(40)^13-34/9*E(40)^16-20/9*E(40)^21+16/9*E(40)^23-34/9*E(40)^24-20/9*E(40)^29+20/9*E(40)^31-25/9*E(40)^32-16/9*E(40)^37+20/9*E(40)^39, 16/9*E(40)^7-25/9*E(40)^8-16/9*E(40)^13-34/9*E(40)^16-20/9*E(40)^21+16/9*E(40)^23-34/9*E(40)^24-20/9*E(40)^29+20/9*E(40)^31-25/9*E(40)^32-16/9*E(40)^37+20/9*E(40)^39, 16/9*E(40)^7-25/9*E(40)^8-16/9*E(40)^13-34/9*E(40)^16-20/9*E(40)^21+16/9*E(40)^23-34/9*E(40)^24-20/9*E(40)^29+20/9*E(40)^31-25/9*E(40)^32-16/9*E(40)^37+20/9*E(40)^39, 16/9*E(40)^7-25/9*E(40)^8-16/9*E(40)^13-34/9*E(40)^16-20/9*E(40)^21+16/9*E(40)^23-34/9*E(40)^24-20/9*E(40)^29+20/9*E(40)^31-25/9*E(40)^32-16/9*E(40)^37+20/9*E(40)^39, 16/9*E(40)^7-25/9*E(40)^8-16/9*E(40)^13-34/9*E(40)^16-20/9*E(40)^21+16/9*E(40)^23-34/9*E(40)^24-20/9*E(40)^29+20/9*E(40)^31-25/9*E(40)^32-16/9*E(40)^37+20/9*E(40)^39, 16/9*E(40)^7-25/9*E(40)^8-16/9*E(40)^13-34/9*E(40)^16-20/9*E(40)^21+16/9*E(40)^23-34/9*E(40)^24-20/9*E(40)^29+20/9*E(40)^31-25/9*E(40)^32-16/9*E(40)^37+20/9*E(40)^39, 16/9*E(40)^7-25/9*E(40)^8-16/9*E(40)^13-34/9*E(40)^16-20/9*E(40)^21+16/9*E(40)^23-34/9*E(40)^24-20/9*E(40)^29+20/9*E(40)^31-25/9*E(40)^32-16/9*E(40)^37+20/9*E(40)^39, 16/9*E(40)^7-25/9*E(40)^8-16/9*E(40)^13-34/9*E(40)^16-20/9*E(40)^21+16/9*E(40)^23-34/9*E(40)^24-20/9*E(40)^29+20/9*E(40)^31-25/9*E(40)^32-16/9*E(40)^37+20/9*E(40)^39, 16/9*E(40)^7-25/9*E(40)^8-16/9*E(40)^13-34/9*E(40)^16-20/9*E(40)^21+16/9*E(40)^23-34/9*E(40)^24-20/9*E(40)^29+20/9*E(40)^31-25/9*E(40)^32-16/9*E(40)^37+20/9*E(40)^39, 16/9*E(40)^7-25/9*E(40)^8-16/9*E(40)^13-34/9*E(40)^16-20/9*E(40)^21+16/9*E(40)^23-34/9*E(40)^24-20/9*E(40)^29+20/9*E(40)^31-25/9*E(40)^32-16/9*E(40)^37+20/9*E(40)^39, 16/9*E(40)^7-25/9*E(40)^8-16/9*E(40)^13-34/9*E(40)^16-20/9*E(40)^21+16/9*E(40)^23-34/9*E(40)^24-20/9*E(40)^29+20/9*E(40)^31-25/9*E(40)^32-16/9*E(40)^37+20/9*E(40)^39, 16/9*E(40)^7-25/9*E(40)^8-16/9*E(40)^13-34/9*E(40)^16-20/9*E(40)^21+16/9*E(40)^23-34/9*E(40)^24-20/9*E(40)^29+20/9*E(40)^31-25/9*E(40)^32-16/9*E(40)^37+20/9*E(40)^39, 16/9*E(40)^7-25/9*E(40)^8-16/9*E(40)^13-34/9*E(40)^16-20/9*E(40)^21+16/9*E(40)^23-34/9*E(40)^24-20/9*E(40)^29+20/9*E(40)^31-25/9*E(40)^32-16/9*E(40)^37+20/9*E(40)^39, 16/9*E(40)^7-25/9*E(40)^8-16/9*E(40)^13-34/9*E(40)^16-20/9*E(40)^21+16/9*E(40)^23-34/9*E(40)^24-20/9*E(40)^29+20/9*E(40)^31-25/9*E(40)^32-16/9*E(40)^37+20/9*E(40)^39, 16/9*E(40)^7-25/9*E(40)^8-16/9*E(40)^13-34/9*E(40)^16-20/9*E(40)^21+16/9*E(40)^23-34/9*E(40)^24-20/9*E(40)^29+20/9*E(40)^31-25/9*E(40)^32-16/9*E(40)^37+20/9*E(40)^39, 16/9*E(40)^7-25/9*E(40)^8-16/9*E(40)^13-34/9*E(40)^16-20/9*E(40)^21+16/9*E(40)^23-34/9*E(40)^24-20/9*E(40)^29+20/9*E(40)^31-25/9*E(40)^32-16/9*E(40)^37+20/9*E(40)^39, 16/9*E(40)^7-25/9*E(40)^8-16/9*E(40)^13-34/9*E(40)^16-20/9*E(40)^21+16/9*E(40)^23-34/9*E(40)^24-20/9*E(40)^29+20/9*E(40)^31-25/9*E(40)^32-16/9*E(40)^37+20/9*E(40)^39, 16/9*E(40)^7-25/9*E(40)^8-16/9*E(40)^13-34/9*E(40)^16-20/9*E(40)^21+16/9*E(40)^23-34/9*E(40)^24-20/9*E(40)^29+20/9*E(40)^31-25/9*E(40)^32-16/9*E(40)^37+20/9*E(40)^39, 16/9*E(40)^7-25/9*E(40)^8-16/9*E(40)^13-34/9*E(40)^16-20/9*E(40)^21+16/9*E(40)^23-34/9*E(40)^24-20/9*E(40)^29+20/9*E(40)^31-25/9*E(40)^32-16/9*E(40)^37+20/9*E(40)^39, 16/9*E(40)^7-25/9*E(40)^8-16/9*E(40)^13-34/9*E(40)^16-20/9*E(40)^21+16/9*E(40)^23-34/9*E(40)^24-20/9*E(40)^29+20/9*E(40)^31-25/9*E(40)^32-16/9*E(40)^37+20/9*E(40)^39 ]  => CONGRUENT or mirror-congruent
  L3-{5,3,5/2}-8 vs L3-{5,3,5/2}-5: invariants (edge ip, face profile, vf profile, distance distribution) equal: [ true, true, true, true ]; similarities w_a->w_b: 48, mapping V_a onto V_b: 48, edge-preserving: 48, face-preserving: 24 dets [ -16/9*E(40)^7-25/9*E(40)^8+16/9*E(40)^13-34/9*E(40)^16+20/9*E(40)^21-16/9*E(40)^23-34/9*E(40)^24+20/9*E(40)^29-20/9*E(40)^31-25/9*E(40)^32+16/9*E(40)^37-20/9*E(40)^39, 
  -16/9*E(40)^7-25/9*E(40)^8+16/9*E(40)^13-34/9*E(40)^16+20/9*E(40)^21-16/9*E(40)^23-34/9*E(40)^24+20/9*E(40)^29-20/9*E(40)^31-25/9*E(40)^32+16/9*E(40)^37-20/9*E(40)^39, -16/9*E(40)^7-25/9*E(40)^8+16/9*E(40)^13-34/9*E(40)^16+20/9*E(40)^21-16/9*E(40)^23-34/9*E(40)^24+20/9*E(40)^29-20/9*E(40)^31-25/9*E(40)^32+16/9*E(40)^37-20/9*E(40)^39, -16/9*E(40)^7-25/9*E(40)^8+16/9*E(40)^13-34/9*E(40)^16+20/9*E(40)^21-16/9*E(40)^23-34/9*E(40)^24+20/9*E(40)^29-20/9*E(40)^31-25/9*E(40)^32+16/9*E(40)^37-20/9*E(40)^39, -16/9*E(40)^7-25/9*E(40)^8+16/9*E(40)^13-34/9*E(40)^16+20/9*E(40)^21-16/9*E(40)^23-34/9*E(40)^24+20/9*E(40)^29-20/9*E(40)^31-25/9*E(40)^32+16/9*E(40)^37-20/9*E(40)^39, -16/9*E(40)^7-25/9*E(40)^8+16/9*E(40)^13-34/9*E(40)^16+20/9*E(40)^21-16/9*E(40)^23-34/9*E(40)^24+20/9*E(40)^29-20/9*E(40)^31-25/9*E(40)^32+16/9*E(40)^37-20/9*E(40)^39, -16/9*E(40)^7-25/9*E(40)^8+16/9*E(40)^13-34/9*E(40)^16+20/9*E(40)^21-16/9*E(40)^23-34/9*E(40)^24+20/9*E(40)^29-20/9*E(40)^31-25/9*E(40)^32+16/9*E(40)^37-20/9*E(40)^39, -16/9*E(40)^7-25/9*E(40)^8+16/9*E(40)^13-34/9*E(40)^16+20/9*E(40)^21-16/9*E(40)^23-34/9*E(40)^24+20/9*E(40)^29-20/9*E(40)^31-25/9*E(40)^32+16/9*E(40)^37-20/9*E(40)^39, -16/9*E(40)^7-25/9*E(40)^8+16/9*E(40)^13-34/9*E(40)^16+20/9*E(40)^21-16/9*E(40)^23-34/9*E(40)^24+20/9*E(40)^29-20/9*E(40)^31-25/9*E(40)^32+16/9*E(40)^37-20/9*E(40)^39, -16/9*E(40)^7-25/9*E(40)^8+16/9*E(40)^13-34/9*E(40)^16+20/9*E(40)^21-16/9*E(40)^23-34/9*E(40)^24+20/9*E(40)^29-20/9*E(40)^31-25/9*E(40)^32+16/9*E(40)^37-20/9*E(40)^39, -16/9*E(40)^7-25/9*E(40)^8+16/9*E(40)^13-34/9*E(40)^16+20/9*E(40)^21-16/9*E(40)^23-34/9*E(40)^24+20/9*E(40)^29-20/9*E(40)^31-25/9*E(40)^32+16/9*E(40)^37-20/9*E(40)^39, -16/9*E(40)^7-25/9*E(40)^8+16/9*E(40)^13-34/9*E(40)^16+20/9*E(40)^21-16/9*E(40)^23-34/9*E(40)^24+20/9*E(40)^29-20/9*E(40)^31-25/9*E(40)^32+16/9*E(40)^37-20/9*E(40)^39, -16/9*E(40)^7-25/9*E(40)^8+16/9*E(40)^13-34/9*E(40)^16+20/9*E(40)^21-16/9*E(40)^23-34/9*E(40)^24+20/9*E(40)^29-20/9*E(40)^31-25/9*E(40)^32+16/9*E(40)^37-20/9*E(40)^39, -16/9*E(40)^7-25/9*E(40)^8+16/9*E(40)^13-34/9*E(40)^16+20/9*E(40)^21-16/9*E(40)^23-34/9*E(40)^24+20/9*E(40)^29-20/9*E(40)^31-25/9*E(40)^32+16/9*E(40)^37-20/9*E(40)^39, -16/9*E(40)^7-25/9*E(40)^8+16/9*E(40)^13-34/9*E(40)^16+20/9*E(40)^21-16/9*E(40)^23-34/9*E(40)^24+20/9*E(40)^29-20/9*E(40)^31-25/9*E(40)^32+16/9*E(40)^37-20/9*E(40)^39, -16/9*E(40)^7-25/9*E(40)^8+16/9*E(40)^13-34/9*E(40)^16+20/9*E(40)^21-16/9*E(40)^23-34/9*E(40)^24+20/9*E(40)^29-20/9*E(40)^31-25/9*E(40)^32+16/9*E(40)^37-20/9*E(40)^39, -16/9*E(40)^7-25/9*E(40)^8+16/9*E(40)^13-34/9*E(40)^16+20/9*E(40)^21-16/9*E(40)^23-34/9*E(40)^24+20/9*E(40)^29-20/9*E(40)^31-25/9*E(40)^32+16/9*E(40)^37-20/9*E(40)^39, -16/9*E(40)^7-25/9*E(40)^8+16/9*E(40)^13-34/9*E(40)^16+20/9*E(40)^21-16/9*E(40)^23-34/9*E(40)^24+20/9*E(40)^29-20/9*E(40)^31-25/9*E(40)^32+16/9*E(40)^37-20/9*E(40)^39, -16/9*E(40)^7-25/9*E(40)^8+16/9*E(40)^13-34/9*E(40)^16+20/9*E(40)^21-16/9*E(40)^23-34/9*E(40)^24+20/9*E(40)^29-20/9*E(40)^31-25/9*E(40)^32+16/9*E(40)^37-20/9*E(40)^39, -16/9*E(40)^7-25/9*E(40)^8+16/9*E(40)^13-34/9*E(40)^16+20/9*E(40)^21-16/9*E(40)^23-34/9*E(40)^24+20/9*E(40)^29-20/9*E(40)^31-25/9*E(40)^32+16/9*E(40)^37-20/9*E(40)^39, -16/9*E(40)^7-25/9*E(40)^8+16/9*E(40)^13-34/9*E(40)^16+20/9*E(40)^21-16/9*E(40)^23-34/9*E(40)^24+20/9*E(40)^29-20/9*E(40)^31-25/9*E(40)^32+16/9*E(40)^37-20/9*E(40)^39, -16/9*E(40)^7-25/9*E(40)^8+16/9*E(40)^13-34/9*E(40)^16+20/9*E(40)^21-16/9*E(40)^23-34/9*E(40)^24+20/9*E(40)^29-20/9*E(40)^31-25/9*E(40)^32+16/9*E(40)^37-20/9*E(40)^39, -16/9*E(40)^7-25/9*E(40)^8+16/9*E(40)^13-34/9*E(40)^16+20/9*E(40)^21-16/9*E(40)^23-34/9*E(40)^24+20/9*E(40)^29-20/9*E(40)^31-25/9*E(40)^32+16/9*E(40)^37-20/9*E(40)^39, -16/9*E(40)^7-25/9*E(40)^8+16/9*E(40)^13-34/9*E(40)^16+20/9*E(40)^21-16/9*E(40)^23-34/9*E(40)^24+20/9*E(40)^29-20/9*E(40)^31-25/9*E(40)^32+16/9*E(40)^37-20/9*E(40)^39 ]  => CONGRUENT or mirror-congruent
class 4: 2 congruence classes up to enantiomorphism
AU-FAIL  class 4: congruence classes up to enantiomorphism   (expected 4, got 2)
  L3-{5,3,5/2}-12 vs L3-{5,3,5/2}-9: invariants (edge ip, face profile, vf profile, distance distribution) equal: [ true, true, true, true ]; similarities w_a->w_b: 120, mapping V_a onto V_b: 120, edge-preserving: 120, face-preserving: 60 dets [ 25/36, 25/36, 25/36, 25/36, 25/36, 25/36, 25/36, 25/36, 25/36, 25/36, 25/36, 25/36, 25/36, 25/36, 25/36, 25/36, 25/36, 25/36, 25/36, 25/36, 25/36, 25/36, 25/36, 25/36, 25/36, 25/36, 25/36, 25/36, 25/36, 25/36, 25/36, 25/36, 25/36, 25/36, 25/36, 25/36, 25/36, 25/36, 25/36, 25/36, 25/36, 25/36, 25/36, 25/36, 25/36, 25/36, 25/36, 25/36, 25/36, 25/36, 25/36, 25/36, 25/36, 25/36, 25/36, 25/36, 25/36, 25/36, 25/36, 25/36 ]  => CONGRUENT or mirror-congruent
  L3-{5,3,5/2}-15 vs L3-{5,3,5/2}-9: invariants (edge ip, face profile, vf profile, distance distribution) equal: [ false, false, false, true ]  => not congruent (invariant differs)
  L3-{5,3,5/2}-16 vs L3-{5,3,5/2}-9: invariants (edge ip, face profile, vf profile, distance distribution) equal: [ false, false, false, true ]  => not congruent (invariant differs)
  L3-{5,3,5/2}-16 vs L3-{5,3,5/2}-15: invariants (edge ip, face profile, vf profile, distance distribution) equal: [ true, true, true, true ]; similarities w_a->w_b: 120, mapping V_a onto V_b: 120, edge-preserving: 120, face-preserving: 60 dets [ -117/4*E(5)-153/2*E(5)^2-153/2*E(5)^3-117/4*E(5)^4, -117/4*E(5)-153/2*E(5)^2-153/2*E(5)^3-117/4*E(5)^4, -117/4*E(5)-153/2*E(5)^2-153/2*E(5)^3-117/4*E(5)^4, -117/4*E(5)-153/2*E(5)^2-153/2*E(5)^3-117/4*E(5)^4, -117/4*E(5)-153/2*E(5)^2-153/2*E(5)^3-117/4*E(5)^4, -117/4*E(5)-153/2*E(5)^2-153/2*E(5)^3-117/4*E(5)^4, -117/4*E(5)-153/2*E(5)^2-153/2*E(5)^3-117/4*E(5)^4, -117/4*E(5)-153/2*E(5)^2-153/2*E(5)^3-117/4*E(5)^4, -117/4*E(5)-153/2*E(5)^2-153/2*E(5)^3-117/4*E(5)^4, -117/4*E(5)-153/2*E(5)^2-153/2*E(5)^3-117/4*E(5)^4, -117/4*E(5)-153/2*E(5)^2-153/2*E(5)^3-117/4*E(5)^4, -117/4*E(5)-153/2*E(5)^2-153/2*E(5)^3-117/4*E(5)^4, -117/4*E(5)-153/2*E(5)^2-153/2*E(5)^3-117/4*E(5)^4, -117/4*E(5)-153/2*E(5)^2-153/2*E(5)^3-117/4*E(5)^4, -117/4*E(5)-153/2*E(5)^2-153/2*E(5)^3-117/4*E(5)^4, -117/4*E(5)-153/2*E(5)^2-153/2*E(5)^3-117/4*E(5)^4, -117/4*E(5)-153/2*E(5)^2-153/2*E(5)^3-117/4*E(5)^4, -117/4*E(5)-153/2*E(5)^2-153/2*E(5)^3-117/4*E(5)^4, -117/4*E(5)-153/2*E(5)^2-153/2*E(5)^3-117/4*E(5)^4, -117/4*E(5)-153/2*E(5)^2-153/2*E(5)^3-117/4*E(5)^4, -117/4*E(5)-153/2*E(5)^2-153/2*E(5)^3-117/4*E(5)^4, -117/4*E(5)-153/2*E(5)^2-153/2*E(5)^3-117/4*E(5)^4, -117/4*E(5)-153/2*E(5)^2-153/2*E(5)^3-117/4*E(5)^4, -117/4*E(5)-153/2*E(5)^2-153/2*E(5)^3-117/4*E(5)^4, -117/4*E(5)-153/2*E(5)^2-153/2*E(5)^3-117/4*E(5)^4, -117/4*E(5)-153/2*E(5)^2-153/2*E(5)^3-117/4*E(5)^4, -117/4*E(5)-153/2*E(5)^2-153/2*E(5)^3-117/4*E(5)^4, -117/4*E(5)-153/2*E(5)^2-153/2*E(5)^3-117/4*E(5)^4, -117/4*E(5)-153/2*E(5)^2-153/2*E(5)^3-117/4*E(5)^4, -117/4*E(5)-153/2*E(5)^2-153/2*E(5)^3-117/4*E(5)^4, -117/4*E(5)-153/2*E(5)^2-153/2*E(5)^3-117/4*E(5)^4, -117/4*E(5)-153/2*E(5)^2-153/2*E(5)^3-117/4*E(5)^4, -117/4*E(5)-153/2*E(5)^2-153/2*E(5)^3-117/4*E(5)^4, -117/4*E(5)-153/2*E(5)^2-153/2*E(5)^3-117/4*E(5)^4, -117/4*E(5)-153/2*E(5)^2-153/2*E(5)^3-117/4*E(5)^4, -117/4*E(5)-153/2*E(5)^2-153/2*E(5)^3-117/4*E(5)^4, -117/4*E(5)-153/2*E(5)^2-153/2*E(5)^3-117/4*E(5)^4, -117/4*E(5)-153/2*E(5)^2-153/2*E(5)^3-117/4*E(5)^4, -117/4*E(5)-153/2*E(5)^2-153/2*E(5)^3-117/4*E(5)^4, -117/4*E(5)-153/2*E(5)^2-153/2*E(5)^3-117/4*E(5)^4, -117/4*E(5)-153/2*E(5)^2-153/2*E(5)^3-117/4*E(5)^4, -117/4*E(5)-153/2*E(5)^2-153/2*E(5)^3-117/4*E(5)^4, -117/4*E(5)-153/2*E(5)^2-153/2*E(5)^3-117/4*E(5)^4, -117/4*E(5)-153/2*E(5)^2-153/2*E(5)^3-117/4*E(5)^4, -117/4*E(5)-153/2*E(5)^2-153/2*E(5)^3-117/4*E(5)^4, -117/4*E(5)-153/2*E(5)^2-153/2*E(5)^3-117/4*E(5)^4, -117/4*E(5)-153/2*E(5)^2-153/2*E(5)^3-117/4*E(5)^4, -117/4*E(5)-153/2*E(5)^2-153/2*E(5)^3-117/4*E(5)^4, -117/4*E(5)-153/2*E(5)^2-153/2*E(5)^3-117/4*E(5)^4, -117/4*E(5)-153/2*E(5)^2-153/2*E(5)^3-117/4*E(5)^4, -117/4*E(5)-153/2*E(5)^2-153/2*E(5)^3-117/4*E(5)^4, -117/4*E(5)-153/2*E(5)^2-153/2*E(5)^3-117/4*E(5)^4, -117/4*E(5)-153/2*E(5)^2-153/2*E(5)^3-117/4*E(5)^4, -117/4*E(5)-153/2*E(5)^2-153/2*E(5)^3-117/4*E(5)^4, -117/4*E(5)-153/2*E(5)^2-153/2*E(5)^3-117/4*E(5)^4, -117/4*E(5)-153/2*E(5)^2-153/2*E(5)^3-117/4*E(5)^4, -117/4*E(5)-153/2*E(5)^2-153/2*E(5)^3-117/4*E(5)^4, -117/4*E(5)-153/2*E(5)^2-153/2*E(5)^3-117/4*E(5)^4, -117/4*E(5)-153/2*E(5)^2-153/2*E(5)^3-117/4*E(5)^4, -117/4*E(5)-153/2*E(5)^2-153/2*E(5)^3-117/4*E(5)^4 ]  => CONGRUENT or mirror-congruent
class 5: 2 congruence classes up to enantiomorphism
AU-FAIL  class 5: congruence classes up to enantiomorphism   (expected 4, got 2)
  L3-{5,3,5/2}-11 vs L3-{5,3,5/2}-10: invariants (edge ip, face profile, vf profile, distance distribution) equal: [ true, true, true, true ]; similarities w_a->w_b: 120, mapping V_a onto V_b: 120, edge-preserving: 120, face-preserving: 60 dets [ 9/4, 9/4, 9/4, 9/4, 9/4, 9/4, 9/4, 9/4, 9/4, 9/4, 9/4, 9/4, 9/4, 9/4, 9/4, 9/4, 9/4, 9/4, 9/4, 9/4, 9/4, 9/4, 9/4, 9/4, 9/4, 9/4, 9/4, 9/4, 9/4, 9/4, 9/4, 9/4, 9/4, 9/4, 9/4, 9/4, 9/4, 9/4, 9/4, 9/4, 9/4, 9/4, 9/4, 9/4, 9/4, 9/4, 9/4, 9/4, 9/4, 9/4, 9/4, 9/4, 9/4, 9/4, 9/4, 9/4, 9/4, 9/4, 9/4, 9/4 ]  => CONGRUENT or mirror-congruent
  L3-{5,3,5/2}-13 vs L3-{5,3,5/2}-10: invariants (edge ip, face profile, vf profile, distance distribution) equal: [ false, false, false, true ]  => not congruent (invariant differs)
  L3-{5,3,5/2}-14 vs L3-{5,3,5/2}-10: invariants (edge ip, face profile, vf profile, distance distribution) equal: [ false, false, false, true ]  => not congruent (invariant differs)
  L3-{5,3,5/2}-14 vs L3-{5,3,5/2}-13: invariants (edge ip, face profile, vf profile, distance distribution) equal: [ true, true, true, true ]; similarities w_a->w_b: 120, mapping V_a onto V_b: 120, edge-preserving: 120, face-preserving: 60 dets [ -9/32*E(5)-45/64*E(5)^2-45/64*E(5)^3-9/32*E(5)^4, -9/32*E(5)-45/64*E(5)^2-45/64*E(5)^3-9/32*E(5)^4, -9/32*E(5)-45/64*E(5)^2-45/64*E(5)^3-9/32*E(5)^4, -9/32*E(5)-45/64*E(5)^2-45/64*E(5)^3-9/32*E(5)^4, -9/32*E(5)-45/64*E(5)^2-45/64*E(5)^3-9/32*E(5)^4, -9/32*E(5)-45/64*E(5)^2-45/64*E(5)^3-9/32*E(5)^4, -9/32*E(5)-45/64*E(5)^2-45/64*E(5)^3-9/32*E(5)^4, -9/32*E(5)-45/64*E(5)^2-45/64*E(5)^3-9/32*E(5)^4, -9/32*E(5)-45/64*E(5)^2-45/64*E(5)^3-9/32*E(5)^4, -9/32*E(5)-45/64*E(5)^2-45/64*E(5)^3-9/32*E(5)^4, -9/32*E(5)-45/64*E(5)^2-45/64*E(5)^3-9/32*E(5)^4, -9/32*E(5)-45/64*E(5)^2-45/64*E(5)^3-9/32*E(5)^4, -9/32*E(5)-45/64*E(5)^2-45/64*E(5)^3-9/32*E(5)^4, -9/32*E(5)-45/64*E(5)^2-45/64*E(5)^3-9/32*E(5)^4, -9/32*E(5)-45/64*E(5)^2-45/64*E(5)^3-9/32*E(5)^4, -9/32*E(5)-45/64*E(5)^2-45/64*E(5)^3-9/32*E(5)^4, -9/32*E(5)-45/64*E(5)^2-45/64*E(5)^3-9/32*E(5)^4, -9/32*E(5)-45/64*E(5)^2-45/64*E(5)^3-9/32*E(5)^4, -9/32*E(5)-45/64*E(5)^2-45/64*E(5)^3-9/32*E(5)^4, -9/32*E(5)-45/64*E(5)^2-45/64*E(5)^3-9/32*E(5)^4, -9/32*E(5)-45/64*E(5)^2-45/64*E(5)^3-9/32*E(5)^4, -9/32*E(5)-45/64*E(5)^2-45/64*E(5)^3-9/32*E(5)^4, -9/32*E(5)-45/64*E(5)^2-45/64*E(5)^3-9/32*E(5)^4, -9/32*E(5)-45/64*E(5)^2-45/64*E(5)^3-9/32*E(5)^4, -9/32*E(5)-45/64*E(5)^2-45/64*E(5)^3-9/32*E(5)^4, -9/32*E(5)-45/64*E(5)^2-45/64*E(5)^3-9/32*E(5)^4, -9/32*E(5)-45/64*E(5)^2-45/64*E(5)^3-9/32*E(5)^4, -9/32*E(5)-45/64*E(5)^2-45/64*E(5)^3-9/32*E(5)^4, -9/32*E(5)-45/64*E(5)^2-45/64*E(5)^3-9/32*E(5)^4, -9/32*E(5)-45/64*E(5)^2-45/64*E(5)^3-9/32*E(5)^4, -9/32*E(5)-45/64*E(5)^2-45/64*E(5)^3-9/32*E(5)^4, -9/32*E(5)-45/64*E(5)^2-45/64*E(5)^3-9/32*E(5)^4, -9/32*E(5)-45/64*E(5)^2-45/64*E(5)^3-9/32*E(5)^4, -9/32*E(5)-45/64*E(5)^2-45/64*E(5)^3-9/32*E(5)^4, -9/32*E(5)-45/64*E(5)^2-45/64*E(5)^3-9/32*E(5)^4, -9/32*E(5)-45/64*E(5)^2-45/64*E(5)^3-9/32*E(5)^4, -9/32*E(5)-45/64*E(5)^2-45/64*E(5)^3-9/32*E(5)^4, -9/32*E(5)-45/64*E(5)^2-45/64*E(5)^3-9/32*E(5)^4, -9/32*E(5)-45/64*E(5)^2-45/64*E(5)^3-9/32*E(5)^4, -9/32*E(5)-45/64*E(5)^2-45/64*E(5)^3-9/32*E(5)^4, -9/32*E(5)-45/64*E(5)^2-45/64*E(5)^3-9/32*E(5)^4, -9/32*E(5)-45/64*E(5)^2-45/64*E(5)^3-9/32*E(5)^4, -9/32*E(5)-45/64*E(5)^2-45/64*E(5)^3-9/32*E(5)^4, -9/32*E(5)-45/64*E(5)^2-45/64*E(5)^3-9/32*E(5)^4, -9/32*E(5)-45/64*E(5)^2-45/64*E(5)^3-9/32*E(5)^4, -9/32*E(5)-45/64*E(5)^2-45/64*E(5)^3-9/32*E(5)^4, -9/32*E(5)-45/64*E(5)^2-45/64*E(5)^3-9/32*E(5)^4, -9/32*E(5)-45/64*E(5)^2-45/64*E(5)^3-9/32*E(5)^4, -9/32*E(5)-45/64*E(5)^2-45/64*E(5)^3-9/32*E(5)^4, -9/32*E(5)-45/64*E(5)^2-45/64*E(5)^3-9/32*E(5)^4, -9/32*E(5)-45/64*E(5)^2-45/64*E(5)^3-9/32*E(5)^4, -9/32*E(5)-45/64*E(5)^2-45/64*E(5)^3-9/32*E(5)^4, -9/32*E(5)-45/64*E(5)^2-45/64*E(5)^3-9/32*E(5)^4, -9/32*E(5)-45/64*E(5)^2-45/64*E(5)^3-9/32*E(5)^4, -9/32*E(5)-45/64*E(5)^2-45/64*E(5)^3-9/32*E(5)^4, -9/32*E(5)-45/64*E(5)^2-45/64*E(5)^3-9/32*E(5)^4, -9/32*E(5)-45/64*E(5)^2-45/64*E(5)^3-9/32*E(5)^4, -9/32*E(5)-45/64*E(5)^2-45/64*E(5)^3-9/32*E(5)^4, -9/32*E(5)-45/64*E(5)^2-45/64*E(5)^3-9/32*E(5)^4, -9/32*E(5)-45/64*E(5)^2-45/64*E(5)^3-9/32*E(5)^4 ]  => CONGRUENT or mirror-congruent
class 6: 2 congruence classes up to enantiomorphism
AU-FAIL  class 6: congruence classes up to enantiomorphism   (expected 4, got 2)
AU-FAIL  total realisations up to congruence and enantiomorphism   (expected 24, got 12)
self-check L3-{4,3,3}-6 vs itself: face-preserving similarities 12 (expected >= |Stab(w)| = 12)
AU-PASS  self-check: search finds the vertex stabiliser
self-check Roli vs its mirror image: face-preserving similarities 12, dets [ [ -1, 12 ] ]
AU-PASS  self-check: search finds the mirror congruence (det -1)

congruence-quick.g: 10 passed, 7 failed.
FAILED: [ "class 1: congruence classes up to enantiomorphism", "class 2: congruence classes up to enantiomorphism", "class 3: congruence classes up to enantiomorphism", "class 4: congruence classes up to enantiomorphism", "class 5: congruence classes up to enantiomorphism", "class 6: congruence classes up to enantiomorphism", "total realisations up to congruence and enantiomorphism" ]
Done: congruence-quick.g
gap exit: 
finished: 2026-09-09T16:53:56Z
