started: 2026-09-09T19:42:29Z
script sha256: 3f2ebd1bc753cde7e2d5a55a5b01cca2c0312621e95ff1957f02ae4f4c82dfb2  congruence-certify.g
Syntax warning: Unbound global variable in congruence-certify.g:30
  S := [c.S1, c.S2, c.X]; w := c.w; n2 := w*w; V := AU.Orbit(S, w); pos := x -> Position(V, x);
                                                                                         ^
Syntax warning: Unbound global variable in congruence-certify.g:31
  perms := List(S, g -> PermList(List(V, v -> pos(v*g)))); P := Group(perms); s := perms;
                                      ^
Syntax warning: Unbound global variable in congruence-certify.g:31
  perms := List(S, g -> PermList(List(V, v -> pos(v*g)))); P := Group(perms); s := perms;
                                              ^^^
Syntax warning: Unbound global variable in congruence-certify.g:33
  vec := x -> Set(List(x, i -> V[i]));
                               ^
Syntax warning: Unbound global variable in congruence-certify.g:35
  Fv := Set(List(Orbit(P, f, OnSetsSets), fa -> Set(List(fa, vec))));
                                                             ^^^
Syntax warning: Unbound global variable in congruence-certify.g:36
  Cv := Set(List(Orbit(P, cc, AU.OnSSS), ce -> Set(List(ce, fa -> Set(List(fa, vec))))));
                                                                               ^^^
Syntax warning: Unbound global variable in congruence-certify.g:41
           inv := [ (w*(w*c.S1^-1))/n2, List([1..Int(Order(c.S1)/2)], k -> (w*(w*c.S1^k))/n2),
                                                                            ^
Syntax warning: Unbound global variable in congruence-certify.g:41
           inv := [ (w*(w*c.S1^-1))/n2, List([1..Int(Order(c.S1)/2)], k -> (w*(w*c.S1^k))/n2),
                                                                               ^
Syntax warning: Unbound global variable in congruence-certify.g:41
           inv := [ (w*(w*c.S1^-1))/n2, List([1..Int(Order(c.S1)/2)], k -> (w*(w*c.S1^k))/n2),
                                                                                          ^^
Syntax warning: Unbound global variable in congruence-certify.g:42
                    Collected(List(Combinations([1..Length(nb)], 2), pr -> (nb[pr[1]]*nb[pr[2]])/n2)), Collected(List(V, v -> (w*v)/n2)) ]);
                                                                            ^^
Syntax warning: Unbound global variable in congruence-certify.g:42
                    Collected(List(Combinations([1..Length(nb)], 2), pr -> (nb[pr[1]]*nb[pr[2]])/n2)), Collected(List(V, v -> (w*v)/n2)) ]);
                                                                                      ^^
Syntax warning: Unbound global variable in congruence-certify.g:42
                    Collected(List(Combinations([1..Length(nb)], 2), pr -> (nb[pr[1]]*nb[pr[2]])/n2)), Collected(List(V, v -> (w*v)/n2)) ]);
                                                                                                 ^^
Syntax warning: Unbound global variable in congruence-certify.g:42
                    Collected(List(Combinations([1..Length(nb)], 2), pr -> (nb[pr[1]]*nb[pr[2]])/n2)), Collected(List(V, v -> (w*v)/n2)) ]);
                                                                                                                               ^
Syntax warning: Unbound global variable in congruence-certify.g:42
                    Collected(List(Combinations([1..Length(nb)], 2), pr -> (nb[pr[1]]*nb[pr[2]])/n2)), Collected(List(V, v -> (w*v)/n2)) ]);
                                                                                                                                    ^^
realisations: 24

=== pairwise congruence within abstract classes (up to scale; det>0 proper, det<0 mirror) ===

-- abstract class 1 (type [ 8, 3, 3 ], f [ 16, 32, 12, 4 ], |Gamma| 192): [ "L3-{4,3,3}-1 alpha~0.5", "L3-{4,3,3}-2 alpha~2.", "L3-{4,3,3}-3 alpha~infinity", "L3-{4,3,3}-6 alpha~0." ]
   L3-{4,3,3}-2 vs L3-{4,3,3}-1: NOT congruent -- invariant differs: [edge ip, 2-face profile, vf profile, distance distribution] equal = [ false, false, true, true ]
   L3-{4,3,3}-3 vs L3-{4,3,3}-1: NOT congruent -- invariant differs: [edge ip, 2-face profile, vf profile, distance distribution] equal = [ false, false, true, true ]
   L3-{4,3,3}-3 vs L3-{4,3,3}-2: CONGRUENT up to scale (12 structure-preserving similarities found; det 9/16 ~ 0.5625, lambda = 3/4)
      handedness: PROPER similarity (not a mirror image)
      determinants of all 12 structure-preserving similarities: [ [ true, 12 ] ] (true = proper)
      certificate g (rows), with w_a g = w_b, V_a g = V_b, E_a g = E_b, F_a g = F_b, C_a g = C_b, g^-1 Gamma_a g = Gamma_b all true:
        [ 1/2, -1/2, 0, -1/2 ]
        [ 0, 1/2, -1/2, -1/2 ]
        [ 1/2, 1/2, 1/2, 0 ]
        [ 1/2, 0, -1/2, 1/2 ]
AU-PASS  L3-{4,3,3}-3 ~ L3-{4,3,3}-2: certificate verified on V, E, F, C and groups
      g is a scalar multiple of the rho_1 half-turn R of the family (R S_i R^-1 = S_i^-1): false
      hence the two realisations are exchanged by the isometry that makes the exceptional member of the family regular; R fixes the circle point alpha_reg and reflects the PETCOX circle
   L3-{4,3,3}-6 vs L3-{4,3,3}-1: CONGRUENT up to scale (12 structure-preserving similarities found; det 9/16 ~ 0.5625, lambda = 3/4)
      handedness: PROPER similarity (not a mirror image)
      determinants of all 12 structure-preserving similarities: [ [ true, 12 ] ] (true = proper)
      certificate g (rows), with w_a g = w_b, V_a g = V_b, E_a g = E_b, F_a g = F_b, C_a g = C_b, g^-1 Gamma_a g = Gamma_b all true:
        [ 1/2, 0, -1/2, 1/2 ]
        [ 1/2, 1/2, 1/2, 0 ]
        [ 0, -1/2, 1/2, 1/2 ]
        [ -1/2, 1/2, 0, 1/2 ]
AU-PASS  L3-{4,3,3}-6 ~ L3-{4,3,3}-1: certificate verified on V, E, F, C and groups
      g is a scalar multiple of the rho_1 half-turn R of the family (R S_i R^-1 = S_i^-1): false
      hence the two realisations are exchanged by the isometry that makes the exceptional member of the family regular; R fixes the circle point alpha_reg and reflects the PETCOX circle
   => class 1: 2 realisation(s) up to congruence and enantiomorphism: [ "L3-{4,3,3}-1 alpha~0.5", "L3-{4,3,3}-2 alpha~2." ]

-- abstract class 2 (type [ 30, 3, 3 ], f [ 600, 1200, 120, 5 ], |Gamma| 7200): [ "L3-{5,3,3}-3 alpha~0.3041135359756636", "L3-{5,3,3}-8 alpha~0.", "L3-{3,3,5/2}-1 alpha~1.", "L3-{3,3,5/2}-4 alpha~-6.9385271511436226" ]
   L3-{5,3,3}-8 vs L3-{5,3,3}-3: CONGRUENT up to scale (12 structure-preserving similarities found; det -89/4*E(5)-233/4*E(5)^2-233/4*E(5)^3-89/4*E(5)^4 ~ 80.49922359499622, lambda = -5/2*E(5)-13/2*E(5)^2-13/2*E(5)^3-5/2*E(5)^4)
      handedness: PROPER similarity (not a mirror image)
      determinants of all 12 structure-preserving similarities: [ [ true, 12 ] ] (true = proper)
      certificate g (rows), with w_a g = w_b, V_a g = V_b, E_a g = E_b, F_a g = F_b, C_a g = C_b, g^-1 Gamma_a g = Gamma_b all true:
        [ -3/4*E(5)-2*E(5)^2-2*E(5)^3-3/4*E(5)^4, -1/4*E(5)-1/2*E(5)^2-1/2*E(5)^3-1/4*E(5)^4, 1/4*E(5)+1/2*E(5)^2+1/2*E(5)^3+1/4*E(5)^4, -1/4*E(5)-1/2*E(5)^2-1/2*E(5)^3-1/4*E(5)^4 ]
        [ 1/4*E(5)+1/2*E(5)^2+1/2*E(5)^3+1/4*E(5)^4, -1/2*E(5)-5/4*E(5)^2-5/4*E(5)^3-1/2*E(5)^4, 1/2*E(5)+3/2*E(5)^2+3/2*E(5)^3+1/2*E(5)^4, 1/4*E(5)+3/4*E(5)^2+3/4*E(5)^3+1/4*E(5)^4 ]
        [ 1/4*E(5)+1/2*E(5)^2+1/2*E(5)^3+1/4*E(5)^4, -1/2*E(5)-3/2*E(5)^2-3/2*E(5)^3-1/2*E(5)^4, -1/4*E(5)-3/4*E(5)^2-3/4*E(5)^3-1/4*E(5)^4, -1/2*E(5)-5/4*E(5)^2-5/4*E(5)^3-1/2*E(5)^4 ]
        [ 1/4*E(5)+1/2*E(5)^2+1/2*E(5)^3+1/4*E(5)^4, 1/4*E(5)+3/4*E(5)^2+3/4*E(5)^3+1/4*E(5)^4, 1/2*E(5)+5/4*E(5)^2+5/4*E(5)^3+1/2*E(5)^4, -1/2*E(5)-3/2*E(5)^2-3/2*E(5)^3-1/2*E(5)^4 ]
AU-PASS  L3-{5,3,3}-8 ~ L3-{5,3,3}-3: certificate verified on V, E, F, C and groups
      g is a scalar multiple of the rho_1 half-turn R of the family (R S_i R^-1 = S_i^-1): false
      hence the two realisations are exchanged by the isometry that makes the exceptional member of the family regular; R fixes the circle point alpha_reg and reflects the PETCOX circle
   L3-{3,3,5/2}-1 vs L3-{5,3,3}-3: NOT congruent -- invariant differs: [edge ip, 2-face profile, vf profile, distance distribution] equal = [ false, false, false, true ]
   L3-{3,3,5/2}-4 vs L3-{5,3,3}-3: NOT congruent -- invariant differs: [edge ip, 2-face profile, vf profile, distance distribution] equal = [ false, false, false, true ]
   L3-{3,3,5/2}-4 vs L3-{3,3,5/2}-1: CONGRUENT up to scale (12 structure-preserving similarities found; det 1/4 ~ 0.25, lambda = 1/2)
      handedness: PROPER similarity (not a mirror image)
      determinants of all 12 structure-preserving similarities: [ [ true, 12 ] ] (true = proper)
      certificate g (rows), with w_a g = w_b, V_a g = V_b, E_a g = E_b, F_a g = F_b, C_a g = C_b, g^-1 Gamma_a g = Gamma_b all true:
        [ -1/2*E(5)-1/4*E(5)^2-1/4*E(5)^3-1/2*E(5)^4, 1/4*E(5)^2+1/4*E(5)^3, 1/4*E(5)^2+1/4*E(5)^3, -1/4*E(5)^2-1/4*E(5)^3 ]
        [ 0, 1/2, 0, 1/2 ]
        [ -1/4*E(5)-1/2*E(5)^2-1/2*E(5)^3-1/4*E(5)^4, 1/4*E(5)+1/4*E(5)^4, -1/4*E(5)-1/4*E(5)^4, -1/4*E(5)-1/4*E(5)^4 ]
        [ 1/4, -1/4, 1/4*E(5)-1/4*E(5)^2-1/4*E(5)^3+1/4*E(5)^4, 1/4 ]
AU-PASS  L3-{3,3,5/2}-4 ~ L3-{3,3,5/2}-1: certificate verified on V, E, F, C and groups
      g is a scalar multiple of the rho_1 half-turn R of the family (R S_i R^-1 = S_i^-1): false
      hence the two realisations are exchanged by the isometry that makes the exceptional member of the family regular; R fixes the circle point alpha_reg and reflects the PETCOX circle
   => class 2: 2 realisation(s) up to congruence and enantiomorphism: [ "L3-{5,3,3}-3 alpha~0.3041135359756636", "L3-{3,3,5/2}-1 alpha~1." ]

-- abstract class 3 (type [ 12, 3, 3 ], f [ 240, 480, 120, 20 ], |Gamma| 2880): [ "L3-{5,3,5/2}-1 alpha~1.8154870378320278", "L3-{5,3,5/2}-2 alpha~-0.07013104533209813", "L3-{5,3,5/2}-3 alpha~0.20382042637679987", "L3-{5,3,5/2}-4 alpha~3.0322475511229903" ]
   L3-{5,3,5/2}-2 vs L3-{5,3,5/2}-1: NOT congruent -- invariant differs: [edge ip, 2-face profile, vf profile, distance distribution] equal = [ false, false, true, true ]
   L3-{5,3,5/2}-3 vs L3-{5,3,5/2}-1: NOT congruent -- invariant differs: [edge ip, 2-face profile, vf profile, distance distribution] equal = [ false, false, true, true ]
   L3-{5,3,5/2}-3 vs L3-{5,3,5/2}-2: CONGRUENT up to scale (12 structure-preserving similarities found; det 112/9*E(40)^7-164/9*E(40)^8-112/9*E(40)^13-392/9*E(40)^16-272/9*E(40)^21+112/9*E(40)^23-392/9*E(40)^24-272/9*E(40)^29+272/9*E(40)^31-164/9*E(40)^32-112/9*E(40)^37+272/9*E(40)^39 ~ 117.4914406915645, lambda = 4/3*E(40)^7-8/3*E(40)^8-4/3*E(40)^13-14/3*E(40)^16-8/3*E(40)^21+4/3*E(40)^23-14/3*E(40)^24-8/3*E(40)^29+8/3*E(40)^31-8/3*E(40)^32-4/3*E(40)^37+8/3*E(40)^39)
      handedness: PROPER similarity (not a mirror image)
      determinants of all 12 structure-preserving similarities: [ [ true, 12 ] ] (true = proper)
      certificate g (rows), with w_a g = w_b, V_a g = V_b, E_a g = E_b, F_a g = F_b, C_a g = C_b, g^-1 Gamma_a g = Gamma_b all true:
        [ -1/3*E(40)^7-1/3*E(40)^8+1/3*E(40)^13+1/6*E(40)^16+2/3*E(40)^21-1/3*E(40)^23+1/6*E(40)^24+2/3*E(40)^29-2/3*E(40)^31-1/3*E(40)^32+1/3*E(40)^37-2/3*E(40)^39, -1/6*E(40)^7+1/6*E(40)^8+1/6*E(40)^13-2/3*E(40)^16-1/3*E(40)^21-1/6*E(40)^23-2/3*E(40)^24-1/3*E(40)^29+1/3*E(40)^31+1/6*E(40)^32+1/6*E(40)^37+1/3*E(40)^39, -1/6*E(40)^8-1/2*E(40)^16-1/6*E(40)^21-1/2*E(40)^24-1/6*E(40)^29+1/6*E(40)^31-1/6*E(40)^32+1/6*E(40)^39, 1/6*E(40)^7-1/6*E(40)^13-1/3*E(40)^16-1/2*E(40)^21+1/6*E(40)^23-1/3*E(40)^24-1/2*E(40)^29+1/2*E(40)^31-1/6*E(40)^37+1/2*E(40)^39 ]
        [ 1/6*E(40)^7-1/6*E(40)^8-1/6*E(40)^13+2/3*E(40)^16+1/3*E(40)^21+1/6*E(40)^23+2/3*E(40)^24+1/3*E(40)^29-1/3*E(40)^31-1/6*E(40)^32-1/6*E(40)^37-1/3*E(40)^39, -1/3*E(40)^7-1/3*E(40)^8+1/3*E(40)^13+1/6*E(40)^16+2/3*E(40)^21-1/3*E(40)^23+1/6*E(40)^24+2/3*E(40)^29-2/3*E(40)^31-1/3*E(40)^32+1/3*E(40)^37-2/3*E(40)^39, -1/6*E(40)^7+1/6*E(40)^13+1/3*E(40)^16+1/2*E(40)^21-1/6*E(40)^23+1/3*E(40)^24+1/2*E(40)^29-1/2*E(40)^31+1/6*E(40)^37-1/2*E(40)^39, -1/6*E(40)^8-1/2*E(40)^16-1/6*E(40)^21-1/2*E(40)^24-1/6*E(40)^29+1/6*E(40)^31-1/6*E(40)^32+1/6*E(40)^39 ]
        [ -1/6*E(40)^8-1/2*E(40)^16-1/6*E(40)^21-1/2*E(40)^24-1/6*E(40)^29+1/6*E(40)^31-1/6*E(40)^32+1/6*E(40)^39, 1/6*E(40)^7-1/6*E(40)^13-1/3*E(40)^16-1/2*E(40)^21+1/6*E(40)^23-1/3*E(40)^24-1/2*E(40)^29+1/2*E(40)^31-1/6*E(40)^37+1/2*E(40)^39, -1/3*E(40)^8+1/2*E(40)^16+2/3*E(40)^21+1/2*E(40)^24+2/3*E(40)^29-2/3*E(40)^31-1/3*E(40)^32-2/3*E(40)^39, -1/6*E(40)^7-1/2*E(40)^8+1/6*E(40)^13-2/3*E(40)^16-1/6*E(40)^23-2/3*E(40)^24-1/2*E(40)^32+1/6*E(40)^37 ]
        [ -1/6*E(40)^7+1/6*E(40)^13+1/3*E(40)^16+1/2*E(40)^21-1/6*E(40)^23+1/3*E(40)^24+1/2*E(40)^29-1/2*E(40)^31+1/6*E(40)^37-1/2*E(40)^39, -1/6*E(40)^8-1/2*E(40)^16-1/6*E(40)^21-1/2*E(40)^24-1/6*E(40)^29+1/6*E(40)^31-1/6*E(40)^32+1/6*E(40)^39, 1/6*E(40)^7+1/2*E(40)^8-1/6*E(40)^13+2/3*E(40)^16+1/6*E(40)^23+2/3*E(40)^24+1/2*E(40)^32-1/6*E(40)^37, -1/3*E(40)^8+1/2*E(40)^16+2/3*E(40)^21+1/2*E(40)^24+2/3*E(40)^29-2/3*E(40)^31-1/3*E(40)^32-2/3*E(40)^39 ]
AU-PASS  L3-{5,3,5/2}-3 ~ L3-{5,3,5/2}-2: certificate verified on V, E, F, C and groups
      g is a scalar multiple of the rho_1 half-turn R of the family (R S_i R^-1 = S_i^-1): false
      hence the two realisations are exchanged by the isometry that makes the exceptional member of the family regular; R fixes the circle point alpha_reg and reflects the PETCOX circle
   L3-{5,3,5/2}-4 vs L3-{5,3,5/2}-1: CONGRUENT up to scale (12 structure-preserving similarities found; det -112/9*E(40)^7-164/9*E(40)^8+112/9*E(40)^13-392/9*E(40)^16+272/9*E(40)^21-112/9*E(40)^23-392/9*E(40)^24+272/9*E(40)^29-272/9*E(40)^31-164/9*E(40)^32+112/9*E(40)^37-272/9*E(40)^39 ~ 0.9333925162079453, lambda = -4/3*E(40)^7-8/3*E(40)^8+4/3*E(40)^13-14/3*E(40)^16+8/3*E(40)^21-4/3*E(40)^23-14/3*E(40)^24+8/3*E(40)^29-8/3*E(40)^31-8/3*E(40)^32+4/3*E(40)^37-8/3*E(40)^39)
      handedness: PROPER similarity (not a mirror image)
      determinants of all 12 structure-preserving similarities: [ [ true, 12 ] ] (true = proper)
      certificate g (rows), with w_a g = w_b, V_a g = V_b, E_a g = E_b, F_a g = F_b, C_a g = C_b, g^-1 Gamma_a g = Gamma_b all true:
        [ 1/3*E(40)^7-1/3*E(40)^8-1/3*E(40)^13+1/6*E(40)^16-2/3*E(40)^21+1/3*E(40)^23+1/6*E(40)^24-2/3*E(40)^29+2/3*E(40)^31-1/3*E(40)^32-1/3*E(40)^37+2/3*E(40)^39, 1/6*E(40)^7+1/6*E(40)^8-1/6*E(40)^13-2/3*E(40)^16+1/3*E(40)^21+1/6*E(40)^23-2/3*E(40)^24+1/3*E(40)^29-1/3*E(40)^31+1/6*E(40)^32-1/6*E(40)^37-1/3*E(40)^39, -1/6*E(40)^8-1/2*E(40)^16+1/6*E(40)^21-1/2*E(40)^24+1/6*E(40)^29-1/6*E(40)^31-1/6*E(40)^32-1/6*E(40)^39, -1/6*E(40)^7+1/6*E(40)^13-1/3*E(40)^16+1/2*E(40)^21-1/6*E(40)^23-1/3*E(40)^24+1/2*E(40)^29-1/2*E(40)^31+1/6*E(40)^37-1/2*E(40)^39 ]
        [ -1/6*E(40)^7-1/6*E(40)^8+1/6*E(40)^13+2/3*E(40)^16-1/3*E(40)^21-1/6*E(40)^23+2/3*E(40)^24-1/3*E(40)^29+1/3*E(40)^31-1/6*E(40)^32+1/6*E(40)^37+1/3*E(40)^39, 1/3*E(40)^7-1/3*E(40)^8-1/3*E(40)^13+1/6*E(40)^16-2/3*E(40)^21+1/3*E(40)^23+1/6*E(40)^24-2/3*E(40)^29+2/3*E(40)^31-1/3*E(40)^32-1/3*E(40)^37+2/3*E(40)^39, 1/6*E(40)^7-1/6*E(40)^13+1/3*E(40)^16-1/2*E(40)^21+1/6*E(40)^23+1/3*E(40)^24-1/2*E(40)^29+1/2*E(40)^31-1/6*E(40)^37+1/2*E(40)^39, -1/6*E(40)^8-1/2*E(40)^16+1/6*E(40)^21-1/2*E(40)^24+1/6*E(40)^29-1/6*E(40)^31-1/6*E(40)^32-1/6*E(40)^39 ]
        [ -1/6*E(40)^8-1/2*E(40)^16+1/6*E(40)^21-1/2*E(40)^24+1/6*E(40)^29-1/6*E(40)^31-1/6*E(40)^32-1/6*E(40)^39, -1/6*E(40)^7+1/6*E(40)^13-1/3*E(40)^16+1/2*E(40)^21-1/6*E(40)^23-1/3*E(40)^24+1/2*E(40)^29-1/2*E(40)^31+1/6*E(40)^37-1/2*E(40)^39, -1/3*E(40)^8+1/2*E(40)^16-2/3*E(40)^21+1/2*E(40)^24-2/3*E(40)^29+2/3*E(40)^31-1/3*E(40)^32+2/3*E(40)^39, 1/6*E(40)^7-1/2*E(40)^8-1/6*E(40)^13-2/3*E(40)^16+1/6*E(40)^23-2/3*E(40)^24-1/2*E(40)^32-1/6*E(40)^37 ]
        [ 1/6*E(40)^7-1/6*E(40)^13+1/3*E(40)^16-1/2*E(40)^21+1/6*E(40)^23+1/3*E(40)^24-1/2*E(40)^29+1/2*E(40)^31-1/6*E(40)^37+1/2*E(40)^39, -1/6*E(40)^8-1/2*E(40)^16+1/6*E(40)^21-1/2*E(40)^24+1/6*E(40)^29-1/6*E(40)^31-1/6*E(40)^32-1/6*E(40)^39, -1/6*E(40)^7+1/2*E(40)^8+1/6*E(40)^13+2/3*E(40)^16-1/6*E(40)^23+2/3*E(40)^24+1/2*E(40)^32+1/6*E(40)^37, -1/3*E(40)^8+1/2*E(40)^16-2/3*E(40)^21+1/2*E(40)^24-2/3*E(40)^29+2/3*E(40)^31-1/3*E(40)^32+2/3*E(40)^39 ]
AU-PASS  L3-{5,3,5/2}-4 ~ L3-{5,3,5/2}-1: certificate verified on V, E, F, C and groups
      g is a scalar multiple of the rho_1 half-turn R of the family (R S_i R^-1 = S_i^-1): false
      hence the two realisations are exchanged by the isometry that makes the exceptional member of the family regular; R fixes the circle point alpha_reg and reflects the PETCOX circle
   => class 3: 2 realisation(s) up to congruence and enantiomorphism: [ "L3-{5,3,5/2}-1 alpha~1.8154870378320278", "L3-{5,3,5/2}-2 alpha~-0.07013104533209813" ]

-- abstract class 4 (type [ 12, 3, 4 ], f [ 48, 144, 48, 8 ], |Gamma| 1152): [ "L3-{5,3,5/2}-5 alpha~1.492066037647537", "L3-{5,3,5/2}-6 alpha~-0.25599806014774751", "L3-{5,3,5/2}-7 alpha~0.32978837747915779", "L3-{5,3,5/2}-8 alpha~4.906279600020631" ]
   L3-{5,3,5/2}-6 vs L3-{5,3,5/2}-5: NOT congruent -- invariant differs: [edge ip, 2-face profile, vf profile, distance distribution] equal = [ false, false, true, true ]
   L3-{5,3,5/2}-7 vs L3-{5,3,5/2}-5: NOT congruent -- invariant differs: [edge ip, 2-face profile, vf profile, distance distribution] equal = [ false, false, true, true ]
   L3-{5,3,5/2}-7 vs L3-{5,3,5/2}-6: CONGRUENT up to scale (24 structure-preserving similarities found; det 16/9*E(40)^7-25/9*E(40)^8-16/9*E(40)^13-34/9*E(40)^16-20/9*E(40)^21+16/9*E(40)^23-34/9*E(40)^24-20/9*E(40)^29+20/9*E(40)^31-25/9*E(40)^32-16/9*E(40)^37+20/9*E(40)^39 ~ 7.92696726020017, lambda = 2/3*E(40)^7-4/3*E(40)^8-2/3*E(40)^13-5/3*E(40)^16-2/3*E(40)^21+2/3*E(40)^23-5/3*E(40)^24-2/3*E(40)^29+2/3*E(40)^31-4/3*E(40)^32-2/3*E(40)^37+2/3*E(40)^39)
      handedness: PROPER similarity (not a mirror image)
      determinants of all 24 structure-preserving similarities: [ [ true, 24 ] ] (true = proper)
      certificate g (rows), with w_a g = w_b, V_a g = V_b, E_a g = E_b, F_a g = F_b, C_a g = C_b, g^-1 Gamma_a g = Gamma_b all true:
        [ 1/3*E(40)^7-1/2*E(40)^8-1/3*E(40)^13-1/3*E(40)^16+1/3*E(40)^23-1/3*E(40)^24-1/2*E(40)^32-1/3*E(40)^37, -1/3*E(40)^8-1/2*E(40)^16-1/6*E(40)^21-1/2*E(40)^24-1/6*E(40)^29+1/6*E(40)^31-1/3*E(40)^32+1/6*E(40)^39, 1/6*E(40)^7-1/3*E(40)^8-1/6*E(40)^13-2/3*E(40)^16-1/6*E(40)^21+1/6*E(40)^23-2/3*E(40)^24-1/6*E(40)^29+1/6*E(40)^31-1/3*E(40)^32-1/6*E(40)^37+1/6*E(40)^39, 1/6*E(40)^7-1/6*E(40)^8-1/6*E(40)^13-1/6*E(40)^16-1/3*E(40)^21+1/6*E(40)^23-1/6*E(40)^24-1/3*E(40)^29+1/3*E(40)^31-1/6*E(40)^32-1/6*E(40)^37+1/3*E(40)^39 ]
        [ 1/3*E(40)^8+1/2*E(40)^16+1/6*E(40)^21+1/2*E(40)^24+1/6*E(40)^29-1/6*E(40)^31+1/3*E(40)^32-1/6*E(40)^39, 1/3*E(40)^7-1/2*E(40)^8-1/3*E(40)^13-1/3*E(40)^16+1/3*E(40)^23-1/3*E(40)^24-1/2*E(40)^32-1/3*E(40)^37, -1/6*E(40)^7+1/6*E(40)^8+1/6*E(40)^13+1/6*E(40)^16+1/3*E(40)^21-1/6*E(40)^23+1/6*E(40)^24+1/3*E(40)^29-1/3*E(40)^31+1/6*E(40)^32+1/6*E(40)^37-1/3*E(40)^39, 1/6*E(40)^7-1/3*E(40)^8-1/6*E(40)^13-2/3*E(40)^16-1/6*E(40)^21+1/6*E(40)^23-2/3*E(40)^24-1/6*E(40)^29+1/6*E(40)^31-1/3*E(40)^32-1/6*E(40)^37+1/6*E(40)^39 ]
        [ 1/6*E(40)^7-1/3*E(40)^8-1/6*E(40)^13-2/3*E(40)^16-1/6*E(40)^21+1/6*E(40)^23-2/3*E(40)^24-1/6*E(40)^29+1/6*E(40)^31-1/3*E(40)^32-1/6*E(40)^37+1/6*E(40)^39, 1/6*E(40)^7-1/6*E(40)^8-1/6*E(40)^13-1/6*E(40)^16-1/3*E(40)^21+1/6*E(40)^23-1/6*E(40)^24-1/3*E(40)^29+1/3*E(40)^31-1/6*E(40)^32-1/6*E(40)^37+1/3*E(40)^39, -1/3*E(40)^7+1/6*E(40)^8+1/3*E(40)^13+1/3*E(40)^16+1/3*E(40)^21-1/3*E(40)^23+1/3*E(40)^24+1/3*E(40)^29-1/3*E(40)^31+1/6*E(40)^32+1/3*E(40)^37-1/3*E(40)^39, -1/3*E(40)^7+1/3*E(40)^8+1/3*E(40)^13-1/6*E(40)^16+1/6*E(40)^21-1/3*E(40)^23-1/6*E(40)^24+1/6*E(40)^29-1/6*E(40)^31+1/3*E(40)^32+1/3*E(40)^37-1/6*E(40)^39 ]
        [ -1/6*E(40)^7+1/6*E(40)^8+1/6*E(40)^13+1/6*E(40)^16+1/3*E(40)^21-1/6*E(40)^23+1/6*E(40)^24+1/3*E(40)^29-1/3*E(40)^31+1/6*E(40)^32+1/6*E(40)^37-1/3*E(40)^39, 1/6*E(40)^7-1/3*E(40)^8-1/6*E(40)^13-2/3*E(40)^16-1/6*E(40)^21+1/6*E(40)^23-2/3*E(40)^24-1/6*E(40)^29+1/6*E(40)^31-1/3*E(40)^32-1/6*E(40)^37+1/6*E(40)^39, 1/3*E(40)^7-1/3*E(40)^8-1/3*E(40)^13+1/6*E(40)^16-1/6*E(40)^21+1/3*E(40)^23+1/6*E(40)^24-1/6*E(40)^29+1/6*E(40)^31-1/3*E(40)^32-1/3*E(40)^37+1/6*E(40)^39, -1/3*E(40)^7+1/6*E(40)^8+1/3*E(40)^13+1/3*E(40)^16+1/3*E(40)^21-1/3*E(40)^23+1/3*E(40)^24+1/3*E(40)^29-1/3*E(40)^31+1/6*E(40)^32+1/3*E(40)^37-1/3*E(40)^39 ]
AU-PASS  L3-{5,3,5/2}-7 ~ L3-{5,3,5/2}-6: certificate verified on V, E, F, C and groups
      g is a scalar multiple of the rho_1 half-turn R of the family (R S_i R^-1 = S_i^-1): false
      hence the two realisations are exchanged by the isometry that makes the exceptional member of the family regular; R fixes the circle point alpha_reg and reflects the PETCOX circle
   L3-{5,3,5/2}-8 vs L3-{5,3,5/2}-5: CONGRUENT up to scale (24 structure-preserving similarities found; det -16/9*E(40)^7-25/9*E(40)^8+16/9*E(40)^13-34/9*E(40)^16+20/9*E(40)^21-16/9*E(40)^23-34/9*E(40)^24+20/9*E(40)^29-20/9*E(40)^31-25/9*E(40)^32+16/9*E(40)^37-20/9*E(40)^39 ~ 0.8646562728551763, lambda = -2/3*E(40)^7-4/3*E(40)^8+2/3*E(40)^13-5/3*E(40)^16+2/3*E(40)^21-2/3*E(40)^23-5/3*E(40)^24+2/3*E(40)^29-2/3*E(40)^31-4/3*E(40)^32+2/3*E(40)^37-2/3*E(40)^39)
      handedness: PROPER similarity (not a mirror image)
      determinants of all 24 structure-preserving similarities: [ [ true, 24 ] ] (true = proper)
      certificate g (rows), with w_a g = w_b, V_a g = V_b, E_a g = E_b, F_a g = F_b, C_a g = C_b, g^-1 Gamma_a g = Gamma_b all true:
        [ -1/3*E(40)^7-1/2*E(40)^8+1/3*E(40)^13-1/3*E(40)^16-1/3*E(40)^23-1/3*E(40)^24-1/2*E(40)^32+1/3*E(40)^37, -1/3*E(40)^8-1/2*E(40)^16+1/6*E(40)^21-1/2*E(40)^24+1/6*E(40)^29-1/6*E(40)^31-1/3*E(40)^32-1/6*E(40)^39, -1/6*E(40)^7-1/3*E(40)^8+1/6*E(40)^13-2/3*E(40)^16+1/6*E(40)^21-1/6*E(40)^23-2/3*E(40)^24+1/6*E(40)^29-1/6*E(40)^31-1/3*E(40)^32+1/6*E(40)^37-1/6*E(40)^39, -1/6*E(40)^7-1/6*E(40)^8+1/6*E(40)^13-1/6*E(40)^16+1/3*E(40)^21-1/6*E(40)^23-1/6*E(40)^24+1/3*E(40)^29-1/3*E(40)^31-1/6*E(40)^32+1/6*E(40)^37-1/3*E(40)^39 ]
        [ 1/3*E(40)^8+1/2*E(40)^16-1/6*E(40)^21+1/2*E(40)^24-1/6*E(40)^29+1/6*E(40)^31+1/3*E(40)^32+1/6*E(40)^39, -1/3*E(40)^7-1/2*E(40)^8+1/3*E(40)^13-1/3*E(40)^16-1/3*E(40)^23-1/3*E(40)^24-1/2*E(40)^32+1/3*E(40)^37, 1/6*E(40)^7+1/6*E(40)^8-1/6*E(40)^13+1/6*E(40)^16-1/3*E(40)^21+1/6*E(40)^23+1/6*E(40)^24-1/3*E(40)^29+1/3*E(40)^31+1/6*E(40)^32-1/6*E(40)^37+1/3*E(40)^39, -1/6*E(40)^7-1/3*E(40)^8+1/6*E(40)^13-2/3*E(40)^16+1/6*E(40)^21-1/6*E(40)^23-2/3*E(40)^24+1/6*E(40)^29-1/6*E(40)^31-1/3*E(40)^32+1/6*E(40)^37-1/6*E(40)^39 ]
        [ -1/6*E(40)^7-1/3*E(40)^8+1/6*E(40)^13-2/3*E(40)^16+1/6*E(40)^21-1/6*E(40)^23-2/3*E(40)^24+1/6*E(40)^29-1/6*E(40)^31-1/3*E(40)^32+1/6*E(40)^37-1/6*E(40)^39, -1/6*E(40)^7-1/6*E(40)^8+1/6*E(40)^13-1/6*E(40)^16+1/3*E(40)^21-1/6*E(40)^23-1/6*E(40)^24+1/3*E(40)^29-1/3*E(40)^31-1/6*E(40)^32+1/6*E(40)^37-1/3*E(40)^39, 1/3*E(40)^7+1/6*E(40)^8-1/3*E(40)^13+1/3*E(40)^16-1/3*E(40)^21+1/3*E(40)^23+1/3*E(40)^24-1/3*E(40)^29+1/3*E(40)^31+1/6*E(40)^32-1/3*E(40)^37+1/3*E(40)^39, 1/3*E(40)^7+1/3*E(40)^8-1/3*E(40)^13-1/6*E(40)^16-1/6*E(40)^21+1/3*E(40)^23-1/6*E(40)^24-1/6*E(40)^29+1/6*E(40)^31+1/3*E(40)^32-1/3*E(40)^37+1/6*E(40)^39 ]
        [ 1/6*E(40)^7+1/6*E(40)^8-1/6*E(40)^13+1/6*E(40)^16-1/3*E(40)^21+1/6*E(40)^23+1/6*E(40)^24-1/3*E(40)^29+1/3*E(40)^31+1/6*E(40)^32-1/6*E(40)^37+1/3*E(40)^39, -1/6*E(40)^7-1/3*E(40)^8+1/6*E(40)^13-2/3*E(40)^16+1/6*E(40)^21-1/6*E(40)^23-2/3*E(40)^24+1/6*E(40)^29-1/6*E(40)^31-1/3*E(40)^32+1/6*E(40)^37-1/6*E(40)^39, -1/3*E(40)^7-1/3*E(40)^8+1/3*E(40)^13+1/6*E(40)^16+1/6*E(40)^21-1/3*E(40)^23+1/6*E(40)^24+1/6*E(40)^29-1/6*E(40)^31-1/3*E(40)^32+1/3*E(40)^37-1/6*E(40)^39, 1/3*E(40)^7+1/6*E(40)^8-1/3*E(40)^13+1/3*E(40)^16-1/3*E(40)^21+1/3*E(40)^23+1/3*E(40)^24-1/3*E(40)^29+1/3*E(40)^31+1/6*E(40)^32-1/3*E(40)^37+1/3*E(40)^39 ]
AU-PASS  L3-{5,3,5/2}-8 ~ L3-{5,3,5/2}-5: certificate verified on V, E, F, C and groups
      g is a scalar multiple of the rho_1 half-turn R of the family (R S_i R^-1 = S_i^-1): false
      hence the two realisations are exchanged by the isometry that makes the exceptional member of the family regular; R fixes the circle point alpha_reg and reflects the PETCOX circle
   => class 4: 2 realisation(s) up to congruence and enantiomorphism: [ "L3-{5,3,5/2}-5 alpha~1.492066037647537", "L3-{5,3,5/2}-6 alpha~-0.25599806014774751" ]

-- abstract class 5 (type [ 12, 3, 5 ], f [ 120, 720, 300, 50 ], |Gamma| 7200): [ "L3-{5,3,5/2}-9 alpha~1.", "L3-{5,3,5/2}-12 alpha~-5.8541019662496838", "L3-{5,3,5/2}-15 alpha~0.14589803375031618", "L3-{5,3,5/2}-16 alpha~0." ]
   L3-{5,3,5/2}-12 vs L3-{5,3,5/2}-9: CONGRUENT up to scale (60 structure-preserving similarities found; det 25/36 ~ 0.6944444444444444, lambda = 5/6)
      handedness: PROPER similarity (not a mirror image)
      determinants of all 60 structure-preserving similarities: [ [ true, 60 ] ] (true = proper)
      certificate g (rows), with w_a g = w_b, V_a g = V_b, E_a g = E_b, F_a g = F_b, C_a g = C_b, g^-1 Gamma_a g = Gamma_b all true:
        [ -3/4*E(5)-1/2*E(5)^2-1/2*E(5)^3-3/4*E(5)^4, 0, -1/4*E(5)-7/12*E(5)^2-7/12*E(5)^3-1/4*E(5)^4, 1/6*E(5)+1/4*E(5)^2+1/4*E(5)^3+1/6*E(5)^4 ]
        [ 0, -3/4*E(5)-1/2*E(5)^2-1/2*E(5)^3-3/4*E(5)^4, -1/6*E(5)-1/4*E(5)^2-1/4*E(5)^3-1/6*E(5)^4, -1/4*E(5)-7/12*E(5)^2-7/12*E(5)^3-1/4*E(5)^4 ]
        [ -1/4*E(5)-7/12*E(5)^2-7/12*E(5)^3-1/4*E(5)^4, 1/6*E(5)+1/4*E(5)^2+1/4*E(5)^3+1/6*E(5)^4, -5/12*E(5)-5/12*E(5)^4, -1/2*E(5)-1/3*E(5)^2-1/3*E(5)^3-1/2*E(5)^4 ]
        [ -1/6*E(5)-1/4*E(5)^2-1/4*E(5)^3-1/6*E(5)^4, -1/4*E(5)-7/12*E(5)^2-7/12*E(5)^3-1/4*E(5)^4, 1/2*E(5)+1/3*E(5)^2+1/3*E(5)^3+1/2*E(5)^4, -5/12*E(5)-5/12*E(5)^4 ]
AU-PASS  L3-{5,3,5/2}-12 ~ L3-{5,3,5/2}-9: certificate verified on V, E, F, C and groups
      g is a scalar multiple of the rho_1 half-turn R of the family (R S_i R^-1 = S_i^-1): false
      hence the two realisations are exchanged by the isometry that makes the exceptional member of the family regular; R fixes the circle point alpha_reg and reflects the PETCOX circle
   L3-{5,3,5/2}-15 vs L3-{5,3,5/2}-9: NOT congruent -- invariant differs: [edge ip, 2-face profile, vf profile, distance distribution] equal = [ false, false, false, true ]
   L3-{5,3,5/2}-16 vs L3-{5,3,5/2}-9: NOT congruent -- invariant differs: [edge ip, 2-face profile, vf profile, distance distribution] equal = [ false, false, false, true ]
   L3-{5,3,5/2}-16 vs L3-{5,3,5/2}-15: CONGRUENT up to scale (60 structure-preserving similarities found; det -117/4*E(5)-153/2*E(5)^2-153/2*E(5)^3-117/4*E(5)^4 ~ 105.7021059684325, lambda = -3*E(5)-15/2*E(5)^2-15/2*E(5)^3-3*E(5)^4)
      handedness: PROPER similarity (not a mirror image)
      determinants of all 60 structure-preserving similarities: [ [ true, 60 ] ] (true = proper)
      certificate g (rows), with w_a g = w_b, V_a g = V_b, E_a g = E_b, F_a g = F_b, C_a g = C_b, g^-1 Gamma_a g = Gamma_b all true:
        [ -E(5)-2*E(5)^2-2*E(5)^3-E(5)^4, -1/4*E(5)-E(5)^2-E(5)^3-1/4*E(5)^4, 1/4*E(5)^2+1/4*E(5)^3, -1/4*E(5)-3/4*E(5)^2-3/4*E(5)^3-1/4*E(5)^4 ]
        [ 1/4*E(5)+E(5)^2+E(5)^3+1/4*E(5)^4, -E(5)-2*E(5)^2-2*E(5)^3-E(5)^4, 1/4*E(5)+3/4*E(5)^2+3/4*E(5)^3+1/4*E(5)^4, 1/4*E(5)^2+1/4*E(5)^3 ]
        [ 1/4*E(5)^2+1/4*E(5)^3, -1/4*E(5)-3/4*E(5)^2-3/4*E(5)^3-1/4*E(5)^4, -1/2*E(5)-2*E(5)^2-2*E(5)^3-1/2*E(5)^4, -1/4*E(5)-1/2*E(5)^2-1/2*E(5)^3-1/4*E(5)^4 ]
        [ 1/4*E(5)+3/4*E(5)^2+3/4*E(5)^3+1/4*E(5)^4, 1/4*E(5)^2+1/4*E(5)^3, 1/4*E(5)+1/2*E(5)^2+1/2*E(5)^3+1/4*E(5)^4, -1/2*E(5)-2*E(5)^2-2*E(5)^3-1/2*E(5)^4 ]
AU-PASS  L3-{5,3,5/2}-16 ~ L3-{5,3,5/2}-15: certificate verified on V, E, F, C and groups
      g is a scalar multiple of the rho_1 half-turn R of the family (R S_i R^-1 = S_i^-1): false
      hence the two realisations are exchanged by the isometry that makes the exceptional member of the family regular; R fixes the circle point alpha_reg and reflects the PETCOX circle
   => class 5: 2 realisation(s) up to congruence and enantiomorphism: [ "L3-{5,3,5/2}-9 alpha~1.", "L3-{5,3,5/2}-15 alpha~0.14589803375031618" ]

-- abstract class 6 (type [ 12, 3, 5 ], f [ 120, 720, 300, 50 ], |Gamma| 7200): [ "L3-{5,3,5/2}-10 alpha~-1.", "L3-{5,3,5/2}-11 alpha~0.61803398874989468", "L3-{5,3,5/2}-13 alpha~2.", "L3-{5,3,5/2}-14 alpha~2.6180339887498949" ]
   L3-{5,3,5/2}-11 vs L3-{5,3,5/2}-10: CONGRUENT up to scale (60 structure-preserving similarities found; det 9/4 ~ 2.25, lambda = 3/2)
      handedness: PROPER similarity (not a mirror image)
      determinants of all 60 structure-preserving similarities: [ [ true, 60 ] ] (true = proper)
      certificate g (rows), with w_a g = w_b, V_a g = V_b, E_a g = E_b, F_a g = F_b, C_a g = C_b, g^-1 Gamma_a g = Gamma_b all true:
        [ -3/4*E(5)-1/2*E(5)^2-1/2*E(5)^3-3/4*E(5)^4, 1/2*E(5)+1/2*E(5)^4, -1/4*E(5)-3/4*E(5)^2-3/4*E(5)^3-1/4*E(5)^4, -1/4*E(5)^2-1/4*E(5)^3 ]
        [ -1/2*E(5)-1/2*E(5)^4, -3/4*E(5)-1/2*E(5)^2-1/2*E(5)^3-3/4*E(5)^4, 1/4*E(5)^2+1/4*E(5)^3, -1/4*E(5)-3/4*E(5)^2-3/4*E(5)^3-1/4*E(5)^4 ]
        [ -1/4*E(5)-3/4*E(5)^2-3/4*E(5)^3-1/4*E(5)^4, -1/4*E(5)^2-1/4*E(5)^3, -3/4*E(5)-3/4*E(5)^4, 0 ]
        [ 1/4*E(5)^2+1/4*E(5)^3, -1/4*E(5)-3/4*E(5)^2-3/4*E(5)^3-1/4*E(5)^4, 0, -3/4*E(5)-3/4*E(5)^4 ]
AU-PASS  L3-{5,3,5/2}-11 ~ L3-{5,3,5/2}-10: certificate verified on V, E, F, C and groups
      g is a scalar multiple of the rho_1 half-turn R of the family (R S_i R^-1 = S_i^-1): false
      hence the two realisations are exchanged by the isometry that makes the exceptional member of the family regular; R fixes the circle point alpha_reg and reflects the PETCOX circle
   L3-{5,3,5/2}-13 vs L3-{5,3,5/2}-10: NOT congruent -- invariant differs: [edge ip, 2-face profile, vf profile, distance distribution] equal = [ false, false, false, true ]
   L3-{5,3,5/2}-14 vs L3-{5,3,5/2}-10: NOT congruent -- invariant differs: [edge ip, 2-face profile, vf profile, distance distribution] equal = [ false, false, false, true ]
   L3-{5,3,5/2}-14 vs L3-{5,3,5/2}-13: CONGRUENT up to scale (60 structure-preserving similarities found; det -9/32*E(5)-45/64*E(5)^2-45/64*E(5)^3-9/32*E(5)^4 ~ 0.9638580890038618, lambda = -3/8*E(5)-3/4*E(5)^2-3/4*E(5)^3-3/8*E(5)^4)
      handedness: PROPER similarity (not a mirror image)
      determinants of all 60 structure-preserving similarities: [ [ true, 60 ] ] (true = proper)
      certificate g (rows), with w_a g = w_b, V_a g = V_b, E_a g = E_b, F_a g = F_b, C_a g = C_b, g^-1 Gamma_a g = Gamma_b all true:
        [ -1/2*E(5)-3/4*E(5)^2-3/4*E(5)^3-1/2*E(5)^4, -1/8*E(5)^2-1/8*E(5)^3, 1/8, 1/8*E(5)+1/4*E(5)^2+1/4*E(5)^3+1/8*E(5)^4 ]
        [ 1/8*E(5)^2+1/8*E(5)^3, -1/2*E(5)-3/4*E(5)^2-3/4*E(5)^3-1/2*E(5)^4, -1/8*E(5)-1/4*E(5)^2-1/4*E(5)^3-1/8*E(5)^4, 1/8 ]
        [ 1/8, 1/8*E(5)+1/4*E(5)^2+1/4*E(5)^3+1/8*E(5)^4, -1/2*E(5)^2-1/2*E(5)^3, -1/4*E(5)-3/8*E(5)^2-3/8*E(5)^3-1/4*E(5)^4 ]
        [ -1/8*E(5)-1/4*E(5)^2-1/4*E(5)^3-1/8*E(5)^4, 1/8, 1/4*E(5)+3/8*E(5)^2+3/8*E(5)^3+1/4*E(5)^4, -1/2*E(5)^2-1/2*E(5)^3 ]
AU-PASS  L3-{5,3,5/2}-14 ~ L3-{5,3,5/2}-13: certificate verified on V, E, F, C and groups
      g is a scalar multiple of the rho_1 half-turn R of the family (R S_i R^-1 = S_i^-1): false
      hence the two realisations are exchanged by the isometry that makes the exceptional member of the family regular; R fixes the circle point alpha_reg and reflects the PETCOX circle
   => class 6: 2 realisation(s) up to congruence and enantiomorphism: [ "L3-{5,3,5/2}-10 alpha~-1.", "L3-{5,3,5/2}-13 alpha~2." ]

TOTAL realisations up to congruence and enantiomorphism: 12 (producer claims 24)

congruence-certify.g: 12 passed, 0 failed.
Done: congruence-certify.g
gap exit: 
finished: 2026-09-09T20:23:37Z
