started: 2026-09-09T16:17:08Z
cwd: /Users/daniel/github/skeletal-polytopes/research/petcox-facet-extensions/audits/fable-ultra/scripts
script sha256: f3f87102ab4b1310dd370552cb1abdd69d946ebd402f3e3745b2d29c1f15548d  congruence-audit.g
Level-3 survivors read from logs/alpha-survivors.g: 24
AU-PASS  number of Level-3 survivors in the producer's survivor file = 24

=== per-realisation data ===
L3-{4,3,3}-1 | T = {4,3,3} | alpha ~ 0.5 | type [ 8, 3, 3 ] | |Gamma| = 192 | f_coset [ 16, 32, 12, 4 ] f_geom [ 16, 32, 12, 4 ] | rel true IP true | stab [ true, true, true, true ] diamond [ 2, 2, 2 ] | span 4 2-face span 4 | facet nV 16/16 facet regular false | R0 in Gamma (=S1S2S3) true | dr false | edge ip 1/2 ~ 0.5 | twist [ [ 1, 3 ] ]
AU-PASS  L3-{4,3,3}-1: relations, IP, faithful, diamond, connected data, ord(X)>=3
AU-PASS  L3-{4,3,3}-1: facet has no vertex collapse and is geometrically chiral
AU-PASS  L3-{4,3,3}-1: 2-face vertices span E^4 (Prop. D1 hypothesis) and the flag-reversing isometry of the 2-face is S1 S2 S3 in Gamma
AU-PASS  L3-{4,3,3}-1: the flag-reversing isometry of the base 2-face does not preserve the vertex set or moves the base cell (so P is not regular)
L3-{4,3,3}-2 | T = {4,3,3} | alpha ~ 2. | type [ 8, 3, 3 ] | |Gamma| = 192 | f_coset [ 16, 32, 12, 4 ] f_geom [ 16, 32, 12, 4 ] | rel true IP true | stab [ true, true, true, true ] diamond [ 2, 2, 2 ] | span 4 2-face span 4 | facet nV 16/16 facet regular false | R0 in Gamma (=S1S2S3) true | dr false | edge ip -1/2 ~ -0.5 | twist [ [ 1, 3 ] ]
AU-PASS  L3-{4,3,3}-2: relations, IP, faithful, diamond, connected data, ord(X)>=3
AU-PASS  L3-{4,3,3}-2: facet has no vertex collapse and is geometrically chiral
AU-PASS  L3-{4,3,3}-2: 2-face vertices span E^4 (Prop. D1 hypothesis) and the flag-reversing isometry of the 2-face is S1 S2 S3 in Gamma
AU-PASS  L3-{4,3,3}-2: the flag-reversing isometry of the base 2-face does not preserve the vertex set or moves the base cell (so P is not regular)
L3-{4,3,3}-3 | T = {4,3,3} | alpha ~ infinity | type [ 8, 3, 3 ] | |Gamma| = 192 | f_coset [ 16, 32, 12, 4 ] f_geom [ 16, 32, 12, 4 ] | rel true IP true | stab [ true, true, true, true ] diamond [ 2, 2, 2 ] | span 4 2-face span 4 | facet nV 16/16 facet regular false | R0 in Gamma (=S1S2S3) true | dr false | edge ip -1/2 ~ -0.5 | twist [ [ 1, 3 ] ]
AU-PASS  L3-{4,3,3}-3: relations, IP, faithful, diamond, connected data, ord(X)>=3
AU-PASS  L3-{4,3,3}-3: facet has no vertex collapse and is geometrically chiral
AU-PASS  L3-{4,3,3}-3: 2-face vertices span E^4 (Prop. D1 hypothesis) and the flag-reversing isometry of the 2-face is S1 S2 S3 in Gamma
AU-PASS  L3-{4,3,3}-3: the flag-reversing isometry of the base 2-face does not preserve the vertex set or moves the base cell (so P is not regular)
L3-{4,3,3}-6 | T = {4,3,3} | alpha ~ 0. | type [ 8, 3, 3 ] | |Gamma| = 192 | f_coset [ 16, 32, 12, 4 ] f_geom [ 16, 32, 12, 4 ] | rel true IP true | stab [ true, true, true, true ] diamond [ 2, 2, 2 ] | span 4 2-face span 4 | facet nV 16/16 facet regular false | R0 in Gamma (=S1S2S3) true | dr false | edge ip 1/2 ~ 0.5 | twist [ [ 1, 3 ] ]
AU-PASS  L3-{4,3,3}-6: relations, IP, faithful, diamond, connected data, ord(X)>=3
AU-PASS  L3-{4,3,3}-6: facet has no vertex collapse and is geometrically chiral
AU-PASS  L3-{4,3,3}-6: 2-face vertices span E^4 (Prop. D1 hypothesis) and the flag-reversing isometry of the 2-face is S1 S2 S3 in Gamma
AU-PASS  L3-{4,3,3}-6: the flag-reversing isometry of the base 2-face does not preserve the vertex set or moves the base cell (so P is not regular)
L3-{5,3,3}-3 | T = {5,3,3} | alpha ~ 0.3041135359756636 | type [ 30, 3, 3 ] | |Gamma| = 7200 | f_coset [ 600, 1200, 120, 5 ] f_geom [ 600, 1200, 120, 5 ] | rel true IP true | stab [ true, true, true, true ] diamond [ 2, 2, 2 ] | span 4 2-face span 4 | facet nV 480/480 facet regular false | R0 in Gamma (=S1S2S3) true | dr false | edge ip 1/4*E(5)-1/2*E(5)^2-1/2*E(5)^3+1/4*E(5)^4 ~ 0.9635254915624212 | twist [ [ 1, 11 ] ]
AU-PASS  L3-{5,3,3}-3: relations, IP, faithful, diamond, connected data, ord(X)>=3
AU-PASS  L3-{5,3,3}-3: facet has no vertex collapse and is geometrically chiral
AU-PASS  L3-{5,3,3}-3: 2-face vertices span E^4 (Prop. D1 hypothesis) and the flag-reversing isometry of the 2-face is S1 S2 S3 in Gamma
AU-PASS  L3-{5,3,3}-3: the flag-reversing isometry of the base 2-face does not preserve the vertex set or moves the base cell (so P is not regular)
L3-{5,3,3}-8 | T = {5,3,3} | alpha ~ 0. | type [ 30, 3, 3 ] | |Gamma| = 7200 | f_coset [ 600, 1200, 120, 5 ] f_geom [ 600, 1200, 120, 5 ] | rel true IP true | stab [ true, true, true, true ] diamond [ 2, 2, 2 ] | span 4 2-face span 4 | facet nV 480/480 facet regular false | R0 in Gamma (=S1S2S3) true | dr false | edge ip 1/4*E(5)-1/2*E(5)^2-1/2*E(5)^3+1/4*E(5)^4 ~ 0.9635254915624212 | twist [ [ 1, 11 ] ]
AU-PASS  L3-{5,3,3}-8: relations, IP, faithful, diamond, connected data, ord(X)>=3
AU-PASS  L3-{5,3,3}-8: facet has no vertex collapse and is geometrically chiral
AU-PASS  L3-{5,3,3}-8: 2-face vertices span E^4 (Prop. D1 hypothesis) and the flag-reversing isometry of the 2-face is S1 S2 S3 in Gamma
AU-PASS  L3-{5,3,3}-8: the flag-reversing isometry of the base 2-face does not preserve the vertex set or moves the base cell (so P is not regular)
L3-{5,3,5/2}-1 | T = {5,3,5/2} | alpha ~ 1.815487037832028 | type [ 12, 3, 3 ] | |Gamma| = 2880 | f_coset [ 240, 480, 120, 20 ] f_geom [ 240, 480, 120, 20 ] | rel true IP true | stab [ true, true, true, true ] diamond [ 2, 2, 2 ] | span 4 2-face span 4 | facet nV 48/48 facet regular false | R0 in Gamma (=S1S2S3) true | dr true | edge ip 1/4*E(40)^7-1/4*E(40)^13+1/4*E(40)^21+1/4*E(40)^23+1/4*E(40)^29-1/4*E(40)^31-1/4*E(40)^37-1/4*E(40)^39 ~ -0.7905694150420949 | twist [ [ 1, 5 ] ]
AU-PASS  L3-{5,3,5/2}-1: relations, IP, faithful, diamond, connected data, ord(X)>=3
AU-PASS  L3-{5,3,5/2}-1: facet has no vertex collapse and is geometrically chiral
AU-PASS  L3-{5,3,5/2}-1: 2-face vertices span E^4 (Prop. D1 hypothesis) and the flag-reversing isometry of the 2-face is S1 S2 S3 in Gamma
AU-PASS  L3-{5,3,5/2}-1: the flag-reversing isometry of the base 2-face does not preserve the vertex set or moves the base cell (so P is not regular)
L3-{5,3,5/2}-2 | T = {5,3,5/2} | alpha ~ -0.07013104533209813 | type [ 12, 3, 3 ] | |Gamma| = 2880 | f_coset [ 240, 480, 120, 20 ] f_geom [ 240, 480, 120, 20 ] | rel true IP true | stab [ true, true, true, true ] diamond [ 2, 2, 2 ] | span 4 2-face span 4 | facet nV 48/48 facet regular false | R0 in Gamma (=S1S2S3) true | dr true | edge ip -1/4*E(40)^7+1/4*E(40)^13-1/4*E(40)^21-1/4*E(40)^23-1/4*E(40)^29+1/4*E(40)^31+1/4*E(40)^37+1/4*E(40)^39 ~ 0.7905694150420949 | twist [ [ 1, 5 ] ]
AU-PASS  L3-{5,3,5/2}-2: relations, IP, faithful, diamond, connected data, ord(X)>=3
AU-PASS  L3-{5,3,5/2}-2: facet has no vertex collapse and is geometrically chiral
AU-PASS  L3-{5,3,5/2}-2: 2-face vertices span E^4 (Prop. D1 hypothesis) and the flag-reversing isometry of the 2-face is S1 S2 S3 in Gamma
AU-PASS  L3-{5,3,5/2}-2: the flag-reversing isometry of the base 2-face does not preserve the vertex set or moves the base cell (so P is not regular)
L3-{5,3,5/2}-3 | T = {5,3,5/2} | alpha ~ 0.2038204263767999 | type [ 12, 3, 3 ] | |Gamma| = 2880 | f_coset [ 240, 480, 120, 20 ] f_geom [ 240, 480, 120, 20 ] | rel true IP true | stab [ true, true, true, true ] diamond [ 2, 2, 2 ] | span 4 2-face span 4 | facet nV 48/48 facet regular false | R0 in Gamma (=S1S2S3) true | dr true | edge ip -1/4*E(40)^7+1/4*E(40)^13-1/4*E(40)^21-1/4*E(40)^23-1/4*E(40)^29+1/4*E(40)^31+1/4*E(40)^37+1/4*E(40)^39 ~ 0.7905694150420949 | twist [ [ 1, 5 ] ]
AU-PASS  L3-{5,3,5/2}-3: relations, IP, faithful, diamond, connected data, ord(X)>=3
AU-PASS  L3-{5,3,5/2}-3: facet has no vertex collapse and is geometrically chiral
AU-PASS  L3-{5,3,5/2}-3: 2-face vertices span E^4 (Prop. D1 hypothesis) and the flag-reversing isometry of the 2-face is S1 S2 S3 in Gamma
AU-PASS  L3-{5,3,5/2}-3: the flag-reversing isometry of the base 2-face does not preserve the vertex set or moves the base cell (so P is not regular)
L3-{5,3,5/2}-4 | T = {5,3,5/2} | alpha ~ 3.03224755112299 | type [ 12, 3, 3 ] | |Gamma| = 2880 | f_coset [ 240, 480, 120, 20 ] f_geom [ 240, 480, 120, 20 ] | rel true IP true | stab [ true, true, true, true ] diamond [ 2, 2, 2 ] | span 4 2-face span 4 | facet nV 48/48 facet regular false | R0 in Gamma (=S1S2S3) true | dr true | edge ip 1/4*E(40)^7-1/4*E(40)^13+1/4*E(40)^21+1/4*E(40)^23+1/4*E(40)^29-1/4*E(40)^31-1/4*E(40)^37-1/4*E(40)^39 ~ -0.7905694150420949 | twist [ [ 1, 5 ] ]
AU-PASS  L3-{5,3,5/2}-4: relations, IP, faithful, diamond, connected data, ord(X)>=3
AU-PASS  L3-{5,3,5/2}-4: facet has no vertex collapse and is geometrically chiral
AU-PASS  L3-{5,3,5/2}-4: 2-face vertices span E^4 (Prop. D1 hypothesis) and the flag-reversing isometry of the 2-face is S1 S2 S3 in Gamma
AU-PASS  L3-{5,3,5/2}-4: the flag-reversing isometry of the base 2-face does not preserve the vertex set or moves the base cell (so P is not regular)
L3-{5,3,5/2}-5 | T = {5,3,5/2} | alpha ~ 1.492066037647537 | type [ 12, 3, 4 ] | |Gamma| = 1152 | f_coset [ 48, 144, 48, 8 ] f_geom [ 48, 144, 48, 8 ] | rel true IP true | stab [ true, true, true, true ] diamond [ 2, 2, 2 ] | span 4 2-face span 4 | facet nV 48/48 facet regular false | R0 in Gamma (=S1S2S3) true | dr false | edge ip -1/2*E(8)+1/2*E(8)^3 ~ -0.7071067811865475 | twist [ [ 1, 5 ] ]
AU-PASS  L3-{5,3,5/2}-5: relations, IP, faithful, diamond, connected data, ord(X)>=3
AU-PASS  L3-{5,3,5/2}-5: facet has no vertex collapse and is geometrically chiral
AU-PASS  L3-{5,3,5/2}-5: 2-face vertices span E^4 (Prop. D1 hypothesis) and the flag-reversing isometry of the 2-face is S1 S2 S3 in Gamma
AU-PASS  L3-{5,3,5/2}-5: the flag-reversing isometry of the base 2-face does not preserve the vertex set or moves the base cell (so P is not regular)
L3-{5,3,5/2}-6 | T = {5,3,5/2} | alpha ~ -0.2559980601477475 | type [ 12, 3, 4 ] | |Gamma| = 1152 | f_coset [ 48, 144, 48, 8 ] f_geom [ 48, 144, 48, 8 ] | rel true IP true | stab [ true, true, true, true ] diamond [ 2, 2, 2 ] | span 4 2-face span 4 | facet nV 48/48 facet regular false | R0 in Gamma (=S1S2S3) true | dr false | edge ip 1/2*E(8)-1/2*E(8)^3 ~ 0.7071067811865475 | twist [ [ 1, 5 ] ]
AU-PASS  L3-{5,3,5/2}-6: relations, IP, faithful, diamond, connected data, ord(X)>=3
AU-PASS  L3-{5,3,5/2}-6: facet has no vertex collapse and is geometrically chiral
AU-PASS  L3-{5,3,5/2}-6: 2-face vertices span E^4 (Prop. D1 hypothesis) and the flag-reversing isometry of the 2-face is S1 S2 S3 in Gamma
AU-PASS  L3-{5,3,5/2}-6: the flag-reversing isometry of the base 2-face does not preserve the vertex set or moves the base cell (so P is not regular)
L3-{5,3,5/2}-7 | T = {5,3,5/2} | alpha ~ 0.3297883774791578 | type [ 12, 3, 4 ] | |Gamma| = 1152 | f_coset [ 48, 144, 48, 8 ] f_geom [ 48, 144, 48, 8 ] | rel true IP true | stab [ true, true, true, true ] diamond [ 2, 2, 2 ] | span 4 2-face span 4 | facet nV 48/48 facet regular false | R0 in Gamma (=S1S2S3) true | dr false | edge ip 1/2*E(8)-1/2*E(8)^3 ~ 0.7071067811865475 | twist [ [ 1, 5 ] ]
AU-PASS  L3-{5,3,5/2}-7: relations, IP, faithful, diamond, connected data, ord(X)>=3
AU-PASS  L3-{5,3,5/2}-7: facet has no vertex collapse and is geometrically chiral
AU-PASS  L3-{5,3,5/2}-7: 2-face vertices span E^4 (Prop. D1 hypothesis) and the flag-reversing isometry of the 2-face is S1 S2 S3 in Gamma
AU-PASS  L3-{5,3,5/2}-7: the flag-reversing isometry of the base 2-face does not preserve the vertex set or moves the base cell (so P is not regular)
L3-{5,3,5/2}-8 | T = {5,3,5/2} | alpha ~ 4.906279600020631 | type [ 12, 3, 4 ] | |Gamma| = 1152 | f_coset [ 48, 144, 48, 8 ] f_geom [ 48, 144, 48, 8 ] | rel true IP true | stab [ true, true, true, true ] diamond [ 2, 2, 2 ] | span 4 2-face span 4 | facet nV 48/48 facet regular false | R0 in Gamma (=S1S2S3) true | dr false | edge ip -1/2*E(8)+1/2*E(8)^3 ~ -0.7071067811865475 | twist [ [ 1, 5 ] ]
AU-PASS  L3-{5,3,5/2}-8: relations, IP, faithful, diamond, connected data, ord(X)>=3
AU-PASS  L3-{5,3,5/2}-8: facet has no vertex collapse and is geometrically chiral
AU-PASS  L3-{5,3,5/2}-8: 2-face vertices span E^4 (Prop. D1 hypothesis) and the flag-reversing isometry of the 2-face is S1 S2 S3 in Gamma
AU-PASS  L3-{5,3,5/2}-8: the flag-reversing isometry of the base 2-face does not preserve the vertex set or moves the base cell (so P is not regular)
L3-{5,3,5/2}-9 | T = {5,3,5/2} | alpha ~ 1. | type [ 12, 3, 5 ] | |Gamma| = 7200 | f_coset [ 120, 720, 300, 50 ] f_geom [ 120, 720, 300, 50 ] | rel true IP true | stab [ true, true, true, true ] diamond [ 2, 2, 2 ] | span 4 2-face span 4 | facet nV 48/48 facet regular false | R0 in Gamma (=S1S2S3) true | dr false | edge ip -1/2*E(5)-1/2*E(5)^4 ~ -0.3090169943749473 | twist [ [ 1, 5 ] ]
AU-PASS  L3-{5,3,5/2}-9: relations, IP, faithful, diamond, connected data, ord(X)>=3
AU-PASS  L3-{5,3,5/2}-9: facet has no vertex collapse and is geometrically chiral
AU-PASS  L3-{5,3,5/2}-9: 2-face vertices span E^4 (Prop. D1 hypothesis) and the flag-reversing isometry of the 2-face is S1 S2 S3 in Gamma
AU-PASS  L3-{5,3,5/2}-9: the flag-reversing isometry of the base 2-face does not preserve the vertex set or moves the base cell (so P is not regular)
L3-{5,3,5/2}-10 | T = {5,3,5/2} | alpha ~ -1. | type [ 12, 3, 5 ] | |Gamma| = 7200 | f_coset [ 120, 720, 300, 50 ] f_geom [ 120, 720, 300, 50 ] | rel true IP true | stab [ true, true, true, true ] diamond [ 2, 2, 2 ] | span 4 2-face span 4 | facet nV 48/48 facet regular false | R0 in Gamma (=S1S2S3) true | dr false | edge ip 1/2*E(5)+1/2*E(5)^4 ~ 0.3090169943749473 | twist [ [ 1, 5 ] ]
AU-PASS  L3-{5,3,5/2}-10: relations, IP, faithful, diamond, connected data, ord(X)>=3
AU-PASS  L3-{5,3,5/2}-10: facet has no vertex collapse and is geometrically chiral
AU-PASS  L3-{5,3,5/2}-10: 2-face vertices span E^4 (Prop. D1 hypothesis) and the flag-reversing isometry of the 2-face is S1 S2 S3 in Gamma
AU-PASS  L3-{5,3,5/2}-10: the flag-reversing isometry of the base 2-face does not preserve the vertex set or moves the base cell (so P is not regular)
L3-{5,3,5/2}-11 | T = {5,3,5/2} | alpha ~ 0.6180339887498947 | type [ 12, 3, 5 ] | |Gamma| = 7200 | f_coset [ 120, 720, 300, 50 ] f_geom [ 120, 720, 300, 50 ] | rel true IP true | stab [ true, true, true, true ] diamond [ 2, 2, 2 ] | span 4 2-face span 4 | facet nV 48/48 facet regular false | R0 in Gamma (=S1S2S3) true | dr false | edge ip 1/2*E(5)+1/2*E(5)^4 ~ 0.3090169943749473 | twist [ [ 1, 5 ] ]
AU-PASS  L3-{5,3,5/2}-11: relations, IP, faithful, diamond, connected data, ord(X)>=3
AU-PASS  L3-{5,3,5/2}-11: facet has no vertex collapse and is geometrically chiral
AU-PASS  L3-{5,3,5/2}-11: 2-face vertices span E^4 (Prop. D1 hypothesis) and the flag-reversing isometry of the 2-face is S1 S2 S3 in Gamma
AU-PASS  L3-{5,3,5/2}-11: the flag-reversing isometry of the base 2-face does not preserve the vertex set or moves the base cell (so P is not regular)
L3-{5,3,5/2}-12 | T = {5,3,5/2} | alpha ~ -5.854101966249684 | type [ 12, 3, 5 ] | |Gamma| = 7200 | f_coset [ 120, 720, 300, 50 ] f_geom [ 120, 720, 300, 50 ] | rel true IP true | stab [ true, true, true, true ] diamond [ 2, 2, 2 ] | span 4 2-face span 4 | facet nV 48/48 facet regular false | R0 in Gamma (=S1S2S3) true | dr false | edge ip -1/2*E(5)-1/2*E(5)^4 ~ -0.3090169943749473 | twist [ [ 1, 5 ] ]
AU-PASS  L3-{5,3,5/2}-12: relations, IP, faithful, diamond, connected data, ord(X)>=3
AU-PASS  L3-{5,3,5/2}-12: facet has no vertex collapse and is geometrically chiral
AU-PASS  L3-{5,3,5/2}-12: 2-face vertices span E^4 (Prop. D1 hypothesis) and the flag-reversing isometry of the 2-face is S1 S2 S3 in Gamma
AU-PASS  L3-{5,3,5/2}-12: the flag-reversing isometry of the base 2-face does not preserve the vertex set or moves the base cell (so P is not regular)
L3-{5,3,5/2}-13 | T = {5,3,5/2} | alpha ~ 2. | type [ 12, 3, 5 ] | |Gamma| = 7200 | f_coset [ 120, 720, 300, 50 ] f_geom [ 120, 720, 300, 50 ] | rel true IP true | stab [ true, true, true, true ] diamond [ 2, 2, 2 ] | span 4 2-face span 4 | facet nV 48/48 facet regular false | R0 in Gamma (=S1S2S3) true | dr false | edge ip 1/2*E(5)^2+1/2*E(5)^3 ~ -0.8090169943749475 | twist [ [ 1, 5 ] ]
AU-PASS  L3-{5,3,5/2}-13: relations, IP, faithful, diamond, connected data, ord(X)>=3
AU-PASS  L3-{5,3,5/2}-13: facet has no vertex collapse and is geometrically chiral
AU-PASS  L3-{5,3,5/2}-13: 2-face vertices span E^4 (Prop. D1 hypothesis) and the flag-reversing isometry of the 2-face is S1 S2 S3 in Gamma
AU-PASS  L3-{5,3,5/2}-13: the flag-reversing isometry of the base 2-face does not preserve the vertex set or moves the base cell (so P is not regular)
L3-{5,3,5/2}-14 | T = {5,3,5/2} | alpha ~ 2.618033988749895 | type [ 12, 3, 5 ] | |Gamma| = 7200 | f_coset [ 120, 720, 300, 50 ] f_geom [ 120, 720, 300, 50 ] | rel true IP true | stab [ true, true, true, true ] diamond [ 2, 2, 2 ] | span 4 2-face span 4 | facet nV 48/48 facet regular false | R0 in Gamma (=S1S2S3) true | dr false | edge ip 1/2*E(5)^2+1/2*E(5)^3 ~ -0.8090169943749475 | twist [ [ 1, 5 ] ]
AU-PASS  L3-{5,3,5/2}-14: relations, IP, faithful, diamond, connected data, ord(X)>=3
AU-PASS  L3-{5,3,5/2}-14: facet has no vertex collapse and is geometrically chiral
AU-PASS  L3-{5,3,5/2}-14: 2-face vertices span E^4 (Prop. D1 hypothesis) and the flag-reversing isometry of the 2-face is S1 S2 S3 in Gamma
AU-PASS  L3-{5,3,5/2}-14: the flag-reversing isometry of the base 2-face does not preserve the vertex set or moves the base cell (so P is not regular)
L3-{5,3,5/2}-15 | T = {5,3,5/2} | alpha ~ 0.1458980337503162 | type [ 12, 3, 5 ] | |Gamma| = 7200 | f_coset [ 120, 720, 300, 50 ] f_geom [ 120, 720, 300, 50 ] | rel true IP true | stab [ true, true, true, true ] diamond [ 2, 2, 2 ] | span 4 2-face span 4 | facet nV 48/48 facet regular false | R0 in Gamma (=S1S2S3) true | dr false | edge ip -1/2*E(5)^2-1/2*E(5)^3 ~ 0.8090169943749475 | twist [ [ 1, 5 ] ]
AU-PASS  L3-{5,3,5/2}-15: relations, IP, faithful, diamond, connected data, ord(X)>=3
AU-PASS  L3-{5,3,5/2}-15: facet has no vertex collapse and is geometrically chiral
AU-PASS  L3-{5,3,5/2}-15: 2-face vertices span E^4 (Prop. D1 hypothesis) and the flag-reversing isometry of the 2-face is S1 S2 S3 in Gamma
AU-PASS  L3-{5,3,5/2}-15: the flag-reversing isometry of the base 2-face does not preserve the vertex set or moves the base cell (so P is not regular)
L3-{5,3,5/2}-16 | T = {5,3,5/2} | alpha ~ 0. | type [ 12, 3, 5 ] | |Gamma| = 7200 | f_coset [ 120, 720, 300, 50 ] f_geom [ 120, 720, 300, 50 ] | rel true IP true | stab [ true, true, true, true ] diamond [ 2, 2, 2 ] | span 4 2-face span 4 | facet nV 48/48 facet regular false | R0 in Gamma (=S1S2S3) true | dr false | edge ip -1/2*E(5)^2-1/2*E(5)^3 ~ 0.8090169943749475 | twist [ [ 1, 5 ] ]
AU-PASS  L3-{5,3,5/2}-16: relations, IP, faithful, diamond, connected data, ord(X)>=3
AU-PASS  L3-{5,3,5/2}-16: facet has no vertex collapse and is geometrically chiral
AU-PASS  L3-{5,3,5/2}-16: 2-face vertices span E^4 (Prop. D1 hypothesis) and the flag-reversing isometry of the 2-face is S1 S2 S3 in Gamma
AU-PASS  L3-{5,3,5/2}-16: the flag-reversing isometry of the base 2-face does not preserve the vertex set or moves the base cell (so P is not regular)
L3-{3,3,5/2}-1 | T = {3,3,5/2} | alpha ~ 1. | type [ 30, 3, 3 ] | |Gamma| = 7200 | f_coset [ 600, 1200, 120, 5 ] f_geom [ 600, 1200, 120, 5 ] | rel true IP true | stab [ true, true, true, true ] diamond [ 2, 2, 2 ] | span 4 2-face span 4 | facet nV 480/480 facet regular false | R0 in Gamma (=S1S2S3) true | dr false | edge ip -1/2*E(5)+1/4*E(5)^2+1/4*E(5)^3-1/2*E(5)^4 ~ -0.7135254915624211 | twist [ [ 7, 13 ] ]
AU-PASS  L3-{3,3,5/2}-1: relations, IP, faithful, diamond, connected data, ord(X)>=3
AU-PASS  L3-{3,3,5/2}-1: facet has no vertex collapse and is geometrically chiral
AU-PASS  L3-{3,3,5/2}-1: 2-face vertices span E^4 (Prop. D1 hypothesis) and the flag-reversing isometry of the 2-face is S1 S2 S3 in Gamma
AU-PASS  L3-{3,3,5/2}-1: the flag-reversing isometry of the base 2-face does not preserve the vertex set or moves the base cell (so P is not regular)
L3-{3,3,5/2}-4 | T = {3,3,5/2} | alpha ~ -6.938527151143623 | type [ 30, 3, 3 ] | |Gamma| = 7200 | f_coset [ 600, 1200, 120, 5 ] f_geom [ 600, 1200, 120, 5 ] | rel true IP true | stab [ true, true, true, true ] diamond [ 2, 2, 2 ] | span 4 2-face span 4 | facet nV 480/480 facet regular false | R0 in Gamma (=S1S2S3) true | dr false | edge ip -1/2*E(5)+1/4*E(5)^2+1/4*E(5)^3-1/2*E(5)^4 ~ -0.7135254915624211 | twist [ [ 7, 13 ] ]
AU-PASS  L3-{3,3,5/2}-4: relations, IP, faithful, diamond, connected data, ord(X)>=3
AU-PASS  L3-{3,3,5/2}-4: facet has no vertex collapse and is geometrically chiral
AU-PASS  L3-{3,3,5/2}-4: 2-face vertices span E^4 (Prop. D1 hypothesis) and the flag-reversing isometry of the 2-face is S1 S2 S3 in Gamma
AU-PASS  L3-{3,3,5/2}-4: the flag-reversing isometry of the base 2-face does not preserve the vertex set or moves the base cell (so P is not regular)

=== canonical extensions vs Level-3 survivors ===
C-{4,3,3}: identical/similar to survivor(s) [ "L3-{4,3,3}-6" ]
AU-PASS  C-{4,3,3}: the canonical extension is one of the 24 Level-3 survivors (up to similarity)
C-{5,3,3}: identical/similar to survivor(s) [ "L3-{5,3,3}-8" ]
AU-PASS  C-{5,3,3}: the canonical extension is one of the 24 Level-3 survivors (up to similarity)
C-{5,3,5/2}: identical/similar to survivor(s) [ "L3-{5,3,5/2}-16" ]
AU-PASS  C-{5,3,5/2}: the canonical extension is one of the 24 Level-3 survivors (up to similarity)
C-{5/2,3,5}: identical/similar to survivor(s) [ "L3-{5,3,5/2}-9", "L3-{5,3,5/2}-12" ]
AU-PASS  C-{5/2,3,5}: the canonical extension is one of the 24 Level-3 survivors (up to similarity)
C-{5/2,3,3}: identical/similar to survivor(s) [ "L3-{3,3,5/2}-1", "L3-{3,3,5/2}-4" ]
AU-PASS  C-{5/2,3,3}: the canonical extension is one of the 24 Level-3 survivors (up to similarity)

=== abstract isomorphism classes (generator-preserving isomorphism, either orientation) ===
class 1: [ "L3-{4,3,3}-1 (alpha~0.5)", "L3-{4,3,3}-2 (alpha~2.)", "L3-{4,3,3}-3 (alpha~infinity)", "L3-{4,3,3}-6 (alpha~0.)" ] type [ 8, 3, 3 ] f [ 16, 32, 12, 4 ] |Gamma| 192 dr false
AU-PASS  class 1: number of realisations = 4
class 2: [ "L3-{5,3,3}-3 (alpha~0.3041135359756636)", "L3-{5,3,3}-8 (alpha~0.)", "L3-{3,3,5/2}-1 (alpha~1.)", "L3-{3,3,5/2}-4 (alpha~-6.9385271511436226)" ] type [ 30, 3, 3 ] f [ 600, 1200, 120, 5 ] |Gamma| 7200 dr false
AU-PASS  class 2: number of realisations = 4
class 3: [ "L3-{5,3,5/2}-1 (alpha~1.8154870378320278)", "L3-{5,3,5/2}-2 (alpha~-0.07013104533209813)", "L3-{5,3,5/2}-3 (alpha~0.20382042637679987)", "L3-{5,3,5/2}-4 (alpha~3.0322475511229903)" ] type [ 12, 3, 3 ] f [ 240, 480, 120, 20 ] |Gamma| 2880 dr true
AU-PASS  class 3: number of realisations = 4
class 4: [ "L3-{5,3,5/2}-5 (alpha~1.492066037647537)", "L3-{5,3,5/2}-6 (alpha~-0.25599806014774751)", "L3-{5,3,5/2}-7 (alpha~0.32978837747915779)", "L3-{5,3,5/2}-8 (alpha~4.906279600020631)" ] type [ 12, 3, 4 ] f [ 48, 144, 48, 8 ] |Gamma| 1152 dr false
AU-PASS  class 4: number of realisations = 4
class 5: [ "L3-{5,3,5/2}-9 (alpha~1.)", "L3-{5,3,5/2}-12 (alpha~-5.8541019662496838)", "L3-{5,3,5/2}-15 (alpha~0.14589803375031618)", "L3-{5,3,5/2}-16 (alpha~0.)" ] type [ 12, 3, 5 ] f [ 120, 720, 300, 50 ] |Gamma| 7200 dr false
AU-PASS  class 5: number of realisations = 4
class 6: [ "L3-{5,3,5/2}-10 (alpha~-1.)", "L3-{5,3,5/2}-11 (alpha~0.61803398874989468)", "L3-{5,3,5/2}-13 (alpha~2.)", "L3-{5,3,5/2}-14 (alpha~2.6180339887498949)" ] type [ 12, 3, 5 ] f [ 120, 720, 300, 50 ] |Gamma| 7200 dr false
AU-PASS  class 6: number of realisations = 4
AU-PASS  number of abstract isomorphism classes (up to enantiomorphism) = 6
class 3 (alpha=0) vs class 6 (alpha=2): same false mirror false dual false dualmirror false; groups abstractly isomorphic: true
AU-PASS  classes 3 and 6 are not isomorphic as (oriented or mirrored) polytopes, nor dual
   orientation-free invariant {ord(S1S3), ord(S1^-1S3)}: class 3 [ [ 5, 15 ], [ 15, 5 ] ], class 6 [ [ 10, 30 ], [ 30, 10 ] ]
AU-PASS  classes 3 and 6 are separated by the orientation-free order invariant

=== congruence up to enantiomorphism within each abstract class (isometry search) ===
  L3-{4,3,3}-2 vs L3-{4,3,3}-1: Gram equal true, edge ip equal false, face profile equal false, vf profile equal true; distinguished by a congruence invariant => not congruent, not mirror images
  L3-{4,3,3}-3 vs L3-{4,3,3}-1: Gram equal true, edge ip equal false, face profile equal false, vf profile equal true; distinguished by a congruence invariant => not congruent, not mirror images
  L3-{4,3,3}-3 vs L3-{4,3,3}-2: Gram equal true, edge ip equal true, face profile equal true, vf profile equal true; similarities of vertex sets (w_a -> w_b): 24, structure-preserving: 12 with determinants [ 9/16, 9/16, 9/16, 9/16, 9/16, 9/16, 9/16, 9/16, 9/16, 9/16, 9/16, 9/16 ]  => CONGRUENT (or mirror-congruent)
  L3-{4,3,3}-6 vs L3-{4,3,3}-1: Gram equal true, edge ip equal true, face profile equal true, vf profile equal true; similarities of vertex sets (w_a -> w_b): 24, structure-preserving: 12 with determinants [ 9/16, 9/16, 9/16, 9/16, 9/16, 9/16, 9/16, 9/16, 9/16, 9/16, 9/16, 9/16 ]  => CONGRUENT (or mirror-congruent)
class 1: 2 congruence classes up to enantiomorphism: [ "L3-{4,3,3}-1", "L3-{4,3,3}-2" ]
AU-FAIL  class 1: congruence classes up to enantiomorphism   (expected 4, got 2)
  L3-{5,3,3}-8 vs L3-{5,3,3}-3: Gram equal true, edge ip equal true, face profile equal true, vf profile equal true; similarities of vertex sets (w_a -> w_b): 24, structure-preserving: 12 with determinants [ -89/4*E(5)-233/4*E(5)^2-233/4*E(5)^3-89/4*E(5)^4, -89/4*E(5)-233/4*E(5)^2-233/4*E(5)^3-89/4*E(5)^4, -89/4*E(5)-233/4*E(5)^2-233/4*E(5)^3-89/4*E(5)^4, -89/4*E(5)-233/4*E(5)^2-233/4*E(5)^3-89/4*E(5)^4, -89/4*E(5)-233/4*E(5)^2-233/4*E(5)^3-89/4*E(5)^4, -89/4*E(5)-233/4*E(5)^2-233/4*E(5)^3-89/4*E(5)^4, -89/4*E(5)-233/4*E(5)^2-233/4*E(5)^3-89/4*E(5)^4, -89/4*E(5)-233/4*E(5)^2-233/4*E(5)^3-89/4*E(5)^4, -89/4*E(5)-233/4*E(5)^2-233/4*E(5)^3-89/4*E(5)^4, -89/4*E(5)-233/4*E(5)^2-233/4*E(5)^3-89/4*E(5)^4, -89/4*E(5)-233/4*E(5)^2-233/4*E(5)^3-89/4*E(5)^4, -89/4*E(5)-233/4*E(5)^2-233/4*E(5)^3-89/4*E(5)^4 ]  => CONGRUENT (or mirror-congruent)
  L3-{3,3,5/2}-1 vs L3-{5,3,3}-3: Gram equal true, edge ip equal false, face profile equal false, vf profile equal false; distinguished by a congruence invariant => not congruent, not mirror images
  L3-{3,3,5/2}-4 vs L3-{5,3,3}-3: Gram equal true, edge ip equal false, face profile equal false, vf profile equal false; distinguished by a congruence invariant => not congruent, not mirror images
  L3-{3,3,5/2}-4 vs L3-{3,3,5/2}-1: Gram equal true, edge ip equal true, face profile equal true, vf profile equal true; similarities of vertex sets (w_a -> w_b): 24, structure-preserving: 12 with determinants [ 1/4, 1/4, 1/4, 1/4, 1/4, 1/4, 1/4, 1/4, 1/4, 1/4, 1/4, 1/4 ]  => CONGRUENT (or mirror-congruent)
class 2: 2 congruence classes up to enantiomorphism: [ "L3-{5,3,3}-3", "L3-{3,3,5/2}-1" ]
AU-FAIL  class 2: congruence classes up to enantiomorphism   (expected 4, got 2)
  L3-{5,3,5/2}-2 vs L3-{5,3,5/2}-1: Gram equal true, edge ip equal false, face profile equal false, vf profile equal true; distinguished by a congruence invariant => not congruent, not mirror images
  L3-{5,3,5/2}-3 vs L3-{5,3,5/2}-1: Gram equal true, edge ip equal false, face profile equal false, vf profile equal true; distinguished by a congruence invariant => not congruent, not mirror images
  L3-{5,3,5/2}-3 vs L3-{5,3,5/2}-2: Gram equal true, edge ip equal true, face profile equal true, vf profile equal true; similarities of vertex sets (w_a -> w_b): 12, structure-preserving: 12 with determinants [ 112/9*E(40)^7-164/9*E(40)^8-112/9*E(40)^13-392/9*E(40)^16-272/9*E(40)^21+112/9*E(40)^23-392/9*E(40)^24-272/9*E(40)^29+272/9*E(40)^31-164/9*E(40)^32-112/9*E(40)^37+272/9*E(40)^39, 112/9*E(40)^7-164/9*E(40)^8-112/9*E(40)^13-392/9*E(40)^16-272/9*E(40)^21+112/9*E(40)^23-392/9*E(40)^24-272/9*E(40)^29+272/9*E(40)^31-164/9*E(40)^32-112/9*E(40)^37+272/9*E(40)^39, 112/9*E(40)^7-164/9*E(40)^8-112/9*E(40)^13-392/9*E(40)^16-272/9*E(40)^21+112/9*E(40)^23-392/9*E(40)^24-272/9*E(40)^29+272/9*E(40)^31-164/9*E(40)^32-112/9*E(40)^37+272/9*E(40)^39, 112/9*E(40)^7-164/9*E(40)^8-112/9*E(40)^13-392/9*E(40)^16-272/9*E(40)^21+112/9*E(40)^23-392/9*E(40)^24-272/9*E(40)^29+272/9*E(40)^31-164/9*E(40)^32-112/9*E(40)^37+272/9*E(40)^39, 112/9*E(40)^7-164/9*E(40)^8-112/9*E(40)^13-392/9*E(40)^16-272/9*E(40)^21+112/9*E(40)^23-392/9*E(40)^24-272/9*E(40)^29+272/9*E(40)^31-164/9*E(40)^32-112/9*E(40)^37+272/9*E(40)^39, 112/9*E(40)^7-164/9*E(40)^8-112/9*E(40)^13-392/9*E(40)^16-272/9*E(40)^21+112/9*E(40)^23-392/9*E(40)^24-272/9*E(40)^29+272/9*E(40)^31-164/9*E(40)^32-112/9*E(40)^37+272/9*E(40)^39, 112/9*E(40)^7-164/9*E(40)^8-112/9*E(40)^13-392/9*E(40)^16-272/9*E(40)^21+112/9*E(40)^23-392/9*E(40)^24-272/9*E(40)^29+272/9*E(40)^31-164/9*E(40)^32-112/9*E(40)^37+272/9*E(40)^39, 112/9*E(40)^7-164/9*E(40)^8-112/9*E(40)^13-392/9*E(40)^16-272/9*E(40)^21+112/9*E(40)^23-392/9*E(40)^24-272/9*E(40)^29+272/9*E(40)^31-164/9*E(40)^32-112/9*E(40)^37+272/9*E(40)^39, 112/9*E(40)^7-164/9*E(40)^8-112/9*E(40)^13-392/9*E(40)^16-272/9*E(40)^21+112/9*E(40)^23-392/9*E(40)^24-272/9*E(40)^29+272/9*E(40)^31-164/9*E(40)^32-112/9*E(40)^37+272/9*E(40)^39, 112/9*E(40)^7-164/9*E(40)^8-112/9*E(40)^13-392/9*E(40)^16-272/9*E(40)^21+112/9*E(40)^23-392/9*E(40)^24-272/9*E(40)^29+272/9*E(40)^31-164/9*E(40)^32-112/9*E(40)^37+272/9*E(40)^39, 112/9*E(40)^7-164/9*E(40)^8-112/9*E(40)^13-392/9*E(40)^16-272/9*E(40)^21+112/9*E(40)^23-392/9*E(40)^24-272/9*E(40)^29+272/9*E(40)^31-164/9*E(40)^32-112/9*E(40)^37+272/9*E(40)^39, 112/9*E(40)^7-164/9*E(40)^8-112/9*E(40)^13-392/9*E(40)^16-272/9*E(40)^21+112/9*E(40)^23-392/9*E(40)^24-272/9*E(40)^29+272/9*E(40)^31-164/9*E(40)^32-112/9*E(40)^37+272/9*E(40)^39 ]  => CONGRUENT (or mirror-congruent)
  L3-{5,3,5/2}-4 vs L3-{5,3,5/2}-1: Gram equal true, edge ip equal true, face profile equal true, vf profile equal true; similarities of vertex sets (w_a -> w_b): 12, structure-preserving: 12 with determinants [ -112/9*E(40)^7-164/9*E(40)^8+112/9*E(40)^13-392/9*E(40)^16+272/9*E(40)^21-112/9*E(40)^23-392/9*E(40)^24+272/9*E(40)^29-272/9*E(40)^31-164/9*E(40)^32+112/9*E(40)^37-272/9*E(40)^39, -112/9*E(40)^7-164/9*E(40)^8+112/9*E(40)^13-392/9*E(40)^16+272/9*E(40)^21-112/9*E(40)^23-392/9*E(40)^24+272/9*E(40)^29-272/9*E(40)^31-164/9*E(40)^32+112/9*E(40)^37-272/9*E(40)^39, -112/9*E(40)^7-164/9*E(40)^8+112/9*E(40)^13-392/9*E(40)^16+272/9*E(40)^21-112/9*E(40)^23-392/9*E(40)^24+272/9*E(40)^29-272/9*E(40)^31-164/9*E(40)^32+112/9*E(40)^37-272/9*E(40)^39, -112/9*E(40)^7-164/9*E(40)^8+112/9*E(40)^13-392/9*E(40)^16+272/9*E(40)^21-112/9*E(40)^23-392/9*E(40)^24+272/9*E(40)^29-272/9*E(40)^31-164/9*E(40)^32+112/9*E(40)^37-272/9*E(40)^39, -112/9*E(40)^7-164/9*E(40)^8+112/9*E(40)^13-392/9*E(40)^16+272/9*E(40)^21-112/9*E(40)^23-392/9*E(40)^24+272/9*E(40)^29-272/9*E(40)^31-164/9*E(40)^32+112/9*E(40)^37-272/9*E(40)^39, -112/9*E(40)^7-164/9*E(40)^8+112/9*E(40)^13-392/9*E(40)^16+272/9*E(40)^21-112/9*E(40)^23-392/9*E(40)^24+272/9*E(40)^29-272/9*E(40)^31-164/9*E(40)^32+112/9*E(40)^37-272/9*E(40)^39, -112/9*E(40)^7-164/9*E(40)^8+112/9*E(40)^13-392/9*E(40)^16+272/9*E(40)^21-112/9*E(40)^23-392/9*E(40)^24+272/9*E(40)^29-272/9*E(40)^31-164/9*E(40)^32+112/9*E(40)^37-272/9*E(40)^39, -112/9*E(40)^7-164/9*E(40)^8+112/9*E(40)^13-392/9*E(40)^16+272/9*E(40)^21-112/9*E(40)^23-392/9*E(40)^24+272/9*E(40)^29-272/9*E(40)^31-164/9*E(40)^32+112/9*E(40)^37-272/9*E(40)^39, -112/9*E(40)^7-164/9*E(40)^8+112/9*E(40)^13-392/9*E(40)^16+272/9*E(40)^21-112/9*E(40)^23-392/9*E(40)^24+272/9*E(40)^29-272/9*E(40)^31-164/9*E(40)^32+112/9*E(40)^37-272/9*E(40)^39, -112/9*E(40)^7-164/9*E(40)^8+112/9*E(40)^13-392/9*E(40)^16+272/9*E(40)^21-112/9*E(40)^23-392/9*E(40)^24+272/9*E(40)^29-272/9*E(40)^31-164/9*E(40)^32+112/9*E(40)^37-272/9*E(40)^39, -112/9*E(40)^7-164/9*E(40)^8+112/9*E(40)^13-392/9*E(40)^16+272/9*E(40)^21-112/9*E(40)^23-392/9*E(40)^24+272/9*E(40)^29-272/9*E(40)^31-164/9*E(40)^32+112/9*E(40)^37-272/9*E(40)^39, -112/9*E(40)^7-164/9*E(40)^8+112/9*E(40)^13-392/9*E(40)^16+272/9*E(40)^21-112/9*E(40)^23-392/9*E(40)^24+272/9*E(40)^29-272/9*E(40)^31-164/9*E(40)^32+112/9*E(40)^37-272/9*E(40)^39 ]  => CONGRUENT (or mirror-congruent)
class 3: 2 congruence classes up to enantiomorphism: [ "L3-{5,3,5/2}-1", "L3-{5,3,5/2}-2" ]
AU-FAIL  class 3: congruence classes up to enantiomorphism   (expected 4, got 2)
  L3-{5,3,5/2}-6 vs L3-{5,3,5/2}-5: Gram equal true, edge ip equal false, face profile equal false, vf profile equal true; distinguished by a congruence invariant => not congruent, not mirror images
  L3-{5,3,5/2}-7 vs L3-{5,3,5/2}-5: Gram equal true, edge ip equal false, face profile equal false, vf profile equal true; distinguished by a congruence invariant => not congruent, not mirror images
  L3-{5,3,5/2}-7 vs L3-{5,3,5/2}-6: Gram equal true, edge ip equal true, face profile equal true, vf profile equal true; similarities of vertex sets (w_a -> w_b): 48, structure-preserving: 24 with determinants [ 16/9*E(40)^7-25/9*E(40)^8-16/9*E(40)^13-34/9*E(40)^16-20/9*E(40)^21+16/9*E(40)^23-34/9*E(40)^24-20/9*E(40)^29+20/9*E(40)^31-25/9*E(40)^32-16/9*E(40)^37+20/9*E(40)^39, 16/9*E(40)^7-25/9*E(40)^8-16/9*E(40)^13-34/9*E(40)^16-20/9*E(40)^21+16/9*E(40)^23-34/9*E(40)^24-20/9*E(40)^29+20/9*E(40)^31-25/9*E(40)^32-16/9*E(40)^37+20/9*E(40)^39, 
  16/9*E(40)^7-25/9*E(40)^8-16/9*E(40)^13-34/9*E(40)^16-20/9*E(40)^21+16/9*E(40)^23-34/9*E(40)^24-20/9*E(40)^29+20/9*E(40)^31-25/9*E(40)^32-16/9*E(40)^37+20/9*E(40)^39, 16/9*E(40)^7-25/9*E(40)^8-16/9*E(40)^13-34/9*E(40)^16-20/9*E(40)^21+16/9*E(40)^23-34/9*E(40)^24-20/9*E(40)^29+20/9*E(40)^31-25/9*E(40)^32-16/9*E(40)^37+20/9*E(40)^39, 16/9*E(40)^7-25/9*E(40)^8-16/9*E(40)^13-34/9*E(40)^16-20/9*E(40)^21+16/9*E(40)^23-34/9*E(40)^24-20/9*E(40)^29+20/9*E(40)^31-25/9*E(40)^32-16/9*E(40)^37+20/9*E(40)^39, 16/9*E(40)^7-25/9*E(40)^8-16/9*E(40)^13-34/9*E(40)^16-20/9*E(40)^21+16/9*E(40)^23-34/9*E(40)^24-20/9*E(40)^29+20/9*E(40)^31-25/9*E(40)^32-16/9*E(40)^37+20/9*E(40)^39, 16/9*E(40)^7-25/9*E(40)^8-16/9*E(40)^13-34/9*E(40)^16-20/9*E(40)^21+16/9*E(40)^23-34/9*E(40)^24-20/9*E(40)^29+20/9*E(40)^31-25/9*E(40)^32-16/9*E(40)^37+20/9*E(40)^39, 16/9*E(40)^7-25/9*E(40)^8-16/9*E(40)^13-34/9*E(40)^16-20/9*E(40)^21+16/9*E(40)^23-34/9*E(40)^24-20/9*E(40)^29+20/9*E(40)^31-25/9*E(40)^32-16/9*E(40)^37+20/9*E(40)^39, 16/9*E(40)^7-25/9*E(40)^8-16/9*E(40)^13-34/9*E(40)^16-20/9*E(40)^21+16/9*E(40)^23-34/9*E(40)^24-20/9*E(40)^29+20/9*E(40)^31-25/9*E(40)^32-16/9*E(40)^37+20/9*E(40)^39, 16/9*E(40)^7-25/9*E(40)^8-16/9*E(40)^13-34/9*E(40)^16-20/9*E(40)^21+16/9*E(40)^23-34/9*E(40)^24-20/9*E(40)^29+20/9*E(40)^31-25/9*E(40)^32-16/9*E(40)^37+20/9*E(40)^39, 16/9*E(40)^7-25/9*E(40)^8-16/9*E(40)^13-34/9*E(40)^16-20/9*E(40)^21+16/9*E(40)^23-34/9*E(40)^24-20/9*E(40)^29+20/9*E(40)^31-25/9*E(40)^32-16/9*E(40)^37+20/9*E(40)^39, 16/9*E(40)^7-25/9*E(40)^8-16/9*E(40)^13-34/9*E(40)^16-20/9*E(40)^21+16/9*E(40)^23-34/9*E(40)^24-20/9*E(40)^29+20/9*E(40)^31-25/9*E(40)^32-16/9*E(40)^37+20/9*E(40)^39, 16/9*E(40)^7-25/9*E(40)^8-16/9*E(40)^13-34/9*E(40)^16-20/9*E(40)^21+16/9*E(40)^23-34/9*E(40)^24-20/9*E(40)^29+20/9*E(40)^31-25/9*E(40)^32-16/9*E(40)^37+20/9*E(40)^39, 16/9*E(40)^7-25/9*E(40)^8-16/9*E(40)^13-34/9*E(40)^16-20/9*E(40)^21+16/9*E(40)^23-34/9*E(40)^24-20/9*E(40)^29+20/9*E(40)^31-25/9*E(40)^32-16/9*E(40)^37+20/9*E(40)^39, 16/9*E(40)^7-25/9*E(40)^8-16/9*E(40)^13-34/9*E(40)^16-20/9*E(40)^21+16/9*E(40)^23-34/9*E(40)^24-20/9*E(40)^29+20/9*E(40)^31-25/9*E(40)^32-16/9*E(40)^37+20/9*E(40)^39, 16/9*E(40)^7-25/9*E(40)^8-16/9*E(40)^13-34/9*E(40)^16-20/9*E(40)^21+16/9*E(40)^23-34/9*E(40)^24-20/9*E(40)^29+20/9*E(40)^31-25/9*E(40)^32-16/9*E(40)^37+20/9*E(40)^39, 16/9*E(40)^7-25/9*E(40)^8-16/9*E(40)^13-34/9*E(40)^16-20/9*E(40)^21+16/9*E(40)^23-34/9*E(40)^24-20/9*E(40)^29+20/9*E(40)^31-25/9*E(40)^32-16/9*E(40)^37+20/9*E(40)^39, 16/9*E(40)^7-25/9*E(40)^8-16/9*E(40)^13-34/9*E(40)^16-20/9*E(40)^21+16/9*E(40)^23-34/9*E(40)^24-20/9*E(40)^29+20/9*E(40)^31-25/9*E(40)^32-16/9*E(40)^37+20/9*E(40)^39, 16/9*E(40)^7-25/9*E(40)^8-16/9*E(40)^13-34/9*E(40)^16-20/9*E(40)^21+16/9*E(40)^23-34/9*E(40)^24-20/9*E(40)^29+20/9*E(40)^31-25/9*E(40)^32-16/9*E(40)^37+20/9*E(40)^39, 16/9*E(40)^7-25/9*E(40)^8-16/9*E(40)^13-34/9*E(40)^16-20/9*E(40)^21+16/9*E(40)^23-34/9*E(40)^24-20/9*E(40)^29+20/9*E(40)^31-25/9*E(40)^32-16/9*E(40)^37+20/9*E(40)^39, 16/9*E(40)^7-25/9*E(40)^8-16/9*E(40)^13-34/9*E(40)^16-20/9*E(40)^21+16/9*E(40)^23-34/9*E(40)^24-20/9*E(40)^29+20/9*E(40)^31-25/9*E(40)^32-16/9*E(40)^37+20/9*E(40)^39, 16/9*E(40)^7-25/9*E(40)^8-16/9*E(40)^13-34/9*E(40)^16-20/9*E(40)^21+16/9*E(40)^23-34/9*E(40)^24-20/9*E(40)^29+20/9*E(40)^31-25/9*E(40)^32-16/9*E(40)^37+20/9*E(40)^39, 16/9*E(40)^7-25/9*E(40)^8-16/9*E(40)^13-34/9*E(40)^16-20/9*E(40)^21+16/9*E(40)^23-34/9*E(40)^24-20/9*E(40)^29+20/9*E(40)^31-25/9*E(40)^32-16/9*E(40)^37+20/9*E(40)^39, 16/9*E(40)^7-25/9*E(40)^8-16/9*E(40)^13-34/9*E(40)^16-20/9*E(40)^21+16/9*E(40)^23-34/9*E(40)^24-20/9*E(40)^29+20/9*E(40)^31-25/9*E(40)^32-16/9*E(40)^37+20/9*E(40)^39 ]  => CONGRUENT (or mirror-congruent)
  L3-{5,3,5/2}-8 vs L3-{5,3,5/2}-5: Gram equal true, edge ip equal true, face profile equal true, vf profile equal true; similarities of vertex sets (w_a -> w_b): 48, structure-preserving: 24 with determinants [ -16/9*E(40)^7-25/9*E(40)^8+16/9*E(40)^13-34/9*E(40)^16+20/9*E(40)^21-16/9*E(40)^23-34/9*E(40)^24+20/9*E(40)^29-20/9*E(40)^31-25/9*E(40)^32+16/9*E(40)^37-20/9*E(40)^39, -16/9*E(40)^7-25/9*E(40)^8+16/9*E(40)^13-34/9*E(40)^16+20/9*E(40)^21-16/9*E(40)^23-34/9*E(40)^24+20/9*E(40)^29-20/9*E(40)^31-25/9*E(40)^32+16/9*E(40)^37-20/9*E(40)^39, 
  -16/9*E(40)^7-25/9*E(40)^8+16/9*E(40)^13-34/9*E(40)^16+20/9*E(40)^21-16/9*E(40)^23-34/9*E(40)^24+20/9*E(40)^29-20/9*E(40)^31-25/9*E(40)^32+16/9*E(40)^37-20/9*E(40)^39, -16/9*E(40)^7-25/9*E(40)^8+16/9*E(40)^13-34/9*E(40)^16+20/9*E(40)^21-16/9*E(40)^23-34/9*E(40)^24+20/9*E(40)^29-20/9*E(40)^31-25/9*E(40)^32+16/9*E(40)^37-20/9*E(40)^39, -16/9*E(40)^7-25/9*E(40)^8+16/9*E(40)^13-34/9*E(40)^16+20/9*E(40)^21-16/9*E(40)^23-34/9*E(40)^24+20/9*E(40)^29-20/9*E(40)^31-25/9*E(40)^32+16/9*E(40)^37-20/9*E(40)^39, -16/9*E(40)^7-25/9*E(40)^8+16/9*E(40)^13-34/9*E(40)^16+20/9*E(40)^21-16/9*E(40)^23-34/9*E(40)^24+20/9*E(40)^29-20/9*E(40)^31-25/9*E(40)^32+16/9*E(40)^37-20/9*E(40)^39, -16/9*E(40)^7-25/9*E(40)^8+16/9*E(40)^13-34/9*E(40)^16+20/9*E(40)^21-16/9*E(40)^23-34/9*E(40)^24+20/9*E(40)^29-20/9*E(40)^31-25/9*E(40)^32+16/9*E(40)^37-20/9*E(40)^39, -16/9*E(40)^7-25/9*E(40)^8+16/9*E(40)^13-34/9*E(40)^16+20/9*E(40)^21-16/9*E(40)^23-34/9*E(40)^24+20/9*E(40)^29-20/9*E(40)^31-25/9*E(40)^32+16/9*E(40)^37-20/9*E(40)^39, -16/9*E(40)^7-25/9*E(40)^8+16/9*E(40)^13-34/9*E(40)^16+20/9*E(40)^21-16/9*E(40)^23-34/9*E(40)^24+20/9*E(40)^29-20/9*E(40)^31-25/9*E(40)^32+16/9*E(40)^37-20/9*E(40)^39, -16/9*E(40)^7-25/9*E(40)^8+16/9*E(40)^13-34/9*E(40)^16+20/9*E(40)^21-16/9*E(40)^23-34/9*E(40)^24+20/9*E(40)^29-20/9*E(40)^31-25/9*E(40)^32+16/9*E(40)^37-20/9*E(40)^39, -16/9*E(40)^7-25/9*E(40)^8+16/9*E(40)^13-34/9*E(40)^16+20/9*E(40)^21-16/9*E(40)^23-34/9*E(40)^24+20/9*E(40)^29-20/9*E(40)^31-25/9*E(40)^32+16/9*E(40)^37-20/9*E(40)^39, -16/9*E(40)^7-25/9*E(40)^8+16/9*E(40)^13-34/9*E(40)^16+20/9*E(40)^21-16/9*E(40)^23-34/9*E(40)^24+20/9*E(40)^29-20/9*E(40)^31-25/9*E(40)^32+16/9*E(40)^37-20/9*E(40)^39, -16/9*E(40)^7-25/9*E(40)^8+16/9*E(40)^13-34/9*E(40)^16+20/9*E(40)^21-16/9*E(40)^23-34/9*E(40)^24+20/9*E(40)^29-20/9*E(40)^31-25/9*E(40)^32+16/9*E(40)^37-20/9*E(40)^39, -16/9*E(40)^7-25/9*E(40)^8+16/9*E(40)^13-34/9*E(40)^16+20/9*E(40)^21-16/9*E(40)^23-34/9*E(40)^24+20/9*E(40)^29-20/9*E(40)^31-25/9*E(40)^32+16/9*E(40)^37-20/9*E(40)^39, -16/9*E(40)^7-25/9*E(40)^8+16/9*E(40)^13-34/9*E(40)^16+20/9*E(40)^21-16/9*E(40)^23-34/9*E(40)^24+20/9*E(40)^29-20/9*E(40)^31-25/9*E(40)^32+16/9*E(40)^37-20/9*E(40)^39, -16/9*E(40)^7-25/9*E(40)^8+16/9*E(40)^13-34/9*E(40)^16+20/9*E(40)^21-16/9*E(40)^23-34/9*E(40)^24+20/9*E(40)^29-20/9*E(40)^31-25/9*E(40)^32+16/9*E(40)^37-20/9*E(40)^39, -16/9*E(40)^7-25/9*E(40)^8+16/9*E(40)^13-34/9*E(40)^16+20/9*E(40)^21-16/9*E(40)^23-34/9*E(40)^24+20/9*E(40)^29-20/9*E(40)^31-25/9*E(40)^32+16/9*E(40)^37-20/9*E(40)^39, -16/9*E(40)^7-25/9*E(40)^8+16/9*E(40)^13-34/9*E(40)^16+20/9*E(40)^21-16/9*E(40)^23-34/9*E(40)^24+20/9*E(40)^29-20/9*E(40)^31-25/9*E(40)^32+16/9*E(40)^37-20/9*E(40)^39, -16/9*E(40)^7-25/9*E(40)^8+16/9*E(40)^13-34/9*E(40)^16+20/9*E(40)^21-16/9*E(40)^23-34/9*E(40)^24+20/9*E(40)^29-20/9*E(40)^31-25/9*E(40)^32+16/9*E(40)^37-20/9*E(40)^39, -16/9*E(40)^7-25/9*E(40)^8+16/9*E(40)^13-34/9*E(40)^16+20/9*E(40)^21-16/9*E(40)^23-34/9*E(40)^24+20/9*E(40)^29-20/9*E(40)^31-25/9*E(40)^32+16/9*E(40)^37-20/9*E(40)^39, -16/9*E(40)^7-25/9*E(40)^8+16/9*E(40)^13-34/9*E(40)^16+20/9*E(40)^21-16/9*E(40)^23-34/9*E(40)^24+20/9*E(40)^29-20/9*E(40)^31-25/9*E(40)^32+16/9*E(40)^37-20/9*E(40)^39, -16/9*E(40)^7-25/9*E(40)^8+16/9*E(40)^13-34/9*E(40)^16+20/9*E(40)^21-16/9*E(40)^23-34/9*E(40)^24+20/9*E(40)^29-20/9*E(40)^31-25/9*E(40)^32+16/9*E(40)^37-20/9*E(40)^39, -16/9*E(40)^7-25/9*E(40)^8+16/9*E(40)^13-34/9*E(40)^16+20/9*E(40)^21-16/9*E(40)^23-34/9*E(40)^24+20/9*E(40)^29-20/9*E(40)^31-25/9*E(40)^32+16/9*E(40)^37-20/9*E(40)^39, -16/9*E(40)^7-25/9*E(40)^8+16/9*E(40)^13-34/9*E(40)^16+20/9*E(40)^21-16/9*E(40)^23-34/9*E(40)^24+20/9*E(40)^29-20/9*E(40)^31-25/9*E(40)^32+16/9*E(40)^37-20/9*E(40)^39 ]  => CONGRUENT (or mirror-congruent)
class 4: 2 congruence classes up to enantiomorphism: [ "L3-{5,3,5/2}-5", "L3-{5,3,5/2}-6" ]
AU-FAIL  class 4: congruence classes up to enantiomorphism   (expected 4, got 2)
  L3-{5,3,5/2}-12 vs L3-{5,3,5/2}-9: Gram equal true, edge ip equal true, face profile equal true, vf profile equal true; similarities of vertex sets (w_a -> w_b): 120, structure-preserving: 60 with determinants [ 25/36, 25/36, 25/36, 25/36, 25/36, 25/36, 25/36, 25/36, 25/36, 25/36, 25/36, 25/36, 25/36, 25/36, 25/36, 25/36, 25/36, 25/36, 25/36, 25/36, 25/36, 25/36, 25/36, 25/36, 25/36, 25/36, 25/36, 25/36, 25/36, 25/36, 25/36, 25/36, 25/36, 25/36, 25/36, 25/36, 25/36, 25/36, 25/36, 25/36, 25/36, 25/36, 25/36, 25/36, 25/36, 25/36, 25/36, 25/36, 25/36, 25/36, 25/36, 25/36, 25/36, 25/36, 25/36, 25/36, 25/36, 25/36, 25/36, 25/36 ]  => CONGRUENT (or mirror-congruent)
  L3-{5,3,5/2}-15 vs L3-{5,3,5/2}-9: Gram equal true, edge ip equal false, face profile equal false, vf profile equal false; distinguished by a congruence invariant => not congruent, not mirror images
  L3-{5,3,5/2}-16 vs L3-{5,3,5/2}-9: Gram equal true, edge ip equal false, face profile equal false, vf profile equal false; distinguished by a congruence invariant => not congruent, not mirror images
  L3-{5,3,5/2}-16 vs L3-{5,3,5/2}-15: Gram equal true, edge ip equal true, face profile equal true, vf profile equal true; similarities of vertex sets (w_a -> w_b): 120, structure-preserving: 60 with determinants [ -117/4*E(5)-153/2*E(5)^2-153/2*E(5)^3-117/4*E(5)^4, -117/4*E(5)-153/2*E(5)^2-153/2*E(5)^3-117/4*E(5)^4, -117/4*E(5)-153/2*E(5)^2-153/2*E(5)^3-117/4*E(5)^4, -117/4*E(5)-153/2*E(5)^2-153/2*E(5)^3-117/4*E(5)^4, -117/4*E(5)-153/2*E(5)^2-153/2*E(5)^3-117/4*E(5)^4, -117/4*E(5)-153/2*E(5)^2-153/2*E(5)^3-117/4*E(5)^4, -117/4*E(5)-153/2*E(5)^2-153/2*E(5)^3-117/4*E(5)^4, -117/4*E(5)-153/2*E(5)^2-153/2*E(5)^3-117/4*E(5)^4, -117/4*E(5)-153/2*E(5)^2-153/2*E(5)^3-117/4*E(5)^4, -117/4*E(5)-153/2*E(5)^2-153/2*E(5)^3-117/4*E(5)^4, -117/4*E(5)-153/2*E(5)^2-153/2*E(5)^3-117/4*E(5)^4, -117/4*E(5)-153/2*E(5)^2-153/2*E(5)^3-117/4*E(5)^4, -117/4*E(5)-153/2*E(5)^2-153/2*E(5)^3-117/4*E(5)^4, -117/4*E(5)-153/2*E(5)^2-153/2*E(5)^3-117/4*E(5)^4, -117/4*E(5)-153/2*E(5)^2-153/2*E(5)^3-117/4*E(5)^4, -117/4*E(5)-153/2*E(5)^2-153/2*E(5)^3-117/4*E(5)^4, -117/4*E(5)-153/2*E(5)^2-153/2*E(5)^3-117/4*E(5)^4, -117/4*E(5)-153/2*E(5)^2-153/2*E(5)^3-117/4*E(5)^4, -117/4*E(5)-153/2*E(5)^2-153/2*E(5)^3-117/4*E(5)^4, -117/4*E(5)-153/2*E(5)^2-153/2*E(5)^3-117/4*E(5)^4, -117/4*E(5)-153/2*E(5)^2-153/2*E(5)^3-117/4*E(5)^4, -117/4*E(5)-153/2*E(5)^2-153/2*E(5)^3-117/4*E(5)^4, -117/4*E(5)-153/2*E(5)^2-153/2*E(5)^3-117/4*E(5)^4, -117/4*E(5)-153/2*E(5)^2-153/2*E(5)^3-117/4*E(5)^4, -117/4*E(5)-153/2*E(5)^2-153/2*E(5)^3-117/4*E(5)^4, -117/4*E(5)-153/2*E(5)^2-153/2*E(5)^3-117/4*E(5)^4, -117/4*E(5)-153/2*E(5)^2-153/2*E(5)^3-117/4*E(5)^4, -117/4*E(5)-153/2*E(5)^2-153/2*E(5)^3-117/4*E(5)^4, -117/4*E(5)-153/2*E(5)^2-153/2*E(5)^3-117/4*E(5)^4, -117/4*E(5)-153/2*E(5)^2-153/2*E(5)^3-117/4*E(5)^4, -117/4*E(5)-153/2*E(5)^2-153/2*E(5)^3-117/4*E(5)^4, -117/4*E(5)-153/2*E(5)^2-153/2*E(5)^3-117/4*E(5)^4, -117/4*E(5)-153/2*E(5)^2-153/2*E(5)^3-117/4*E(5)^4, -117/4*E(5)-153/2*E(5)^2-153/2*E(5)^3-117/4*E(5)^4, -117/4*E(5)-153/2*E(5)^2-153/2*E(5)^3-117/4*E(5)^4, -117/4*E(5)-153/2*E(5)^2-153/2*E(5)^3-117/4*E(5)^4, -117/4*E(5)-153/2*E(5)^2-153/2*E(5)^3-117/4*E(5)^4, -117/4*E(5)-153/2*E(5)^2-153/2*E(5)^3-117/4*E(5)^4, -117/4*E(5)-153/2*E(5)^2-153/2*E(5)^3-117/4*E(5)^4, -117/4*E(5)-153/2*E(5)^2-153/2*E(5)^3-117/4*E(5)^4, -117/4*E(5)-153/2*E(5)^2-153/2*E(5)^3-117/4*E(5)^4, -117/4*E(5)-153/2*E(5)^2-153/2*E(5)^3-117/4*E(5)^4, -117/4*E(5)-153/2*E(5)^2-153/2*E(5)^3-117/4*E(5)^4, -117/4*E(5)-153/2*E(5)^2-153/2*E(5)^3-117/4*E(5)^4, -117/4*E(5)-153/2*E(5)^2-153/2*E(5)^3-117/4*E(5)^4, -117/4*E(5)-153/2*E(5)^2-153/2*E(5)^3-117/4*E(5)^4, -117/4*E(5)-153/2*E(5)^2-153/2*E(5)^3-117/4*E(5)^4, -117/4*E(5)-153/2*E(5)^2-153/2*E(5)^3-117/4*E(5)^4, -117/4*E(5)-153/2*E(5)^2-153/2*E(5)^3-117/4*E(5)^4, -117/4*E(5)-153/2*E(5)^2-153/2*E(5)^3-117/4*E(5)^4, -117/4*E(5)-153/2*E(5)^2-153/2*E(5)^3-117/4*E(5)^4, -117/4*E(5)-153/2*E(5)^2-153/2*E(5)^3-117/4*E(5)^4, -117/4*E(5)-153/2*E(5)^2-153/2*E(5)^3-117/4*E(5)^4, -117/4*E(5)-153/2*E(5)^2-153/2*E(5)^3-117/4*E(5)^4, -117/4*E(5)-153/2*E(5)^2-153/2*E(5)^3-117/4*E(5)^4, -117/4*E(5)-153/2*E(5)^2-153/2*E(5)^3-117/4*E(5)^4, -117/4*E(5)-153/2*E(5)^2-153/2*E(5)^3-117/4*E(5)^4, -117/4*E(5)-153/2*E(5)^2-153/2*E(5)^3-117/4*E(5)^4, -117/4*E(5)-153/2*E(5)^2-153/2*E(5)^3-117/4*E(5)^4, -117/4*E(5)-153/2*E(5)^2-153/2*E(5)^3-117/4*E(5)^4 ]  => CONGRUENT (or mirror-congruent)
class 5: 2 congruence classes up to enantiomorphism: [ "L3-{5,3,5/2}-9", "L3-{5,3,5/2}-15" ]
AU-FAIL  class 5: congruence classes up to enantiomorphism   (expected 4, got 2)
  L3-{5,3,5/2}-11 vs L3-{5,3,5/2}-10: Gram equal true, edge ip equal true, face profile equal true, vf profile equal true; similarities of vertex sets (w_a -> w_b): 120, structure-preserving: 60 with determinants [ 9/4, 9/4, 9/4, 9/4, 9/4, 9/4, 9/4, 9/4, 9/4, 9/4, 9/4, 9/4, 9/4, 9/4, 9/4, 9/4, 9/4, 9/4, 9/4, 9/4, 9/4, 9/4, 9/4, 9/4, 9/4, 9/4, 9/4, 9/4, 9/4, 9/4, 9/4, 9/4, 9/4, 9/4, 9/4, 9/4, 9/4, 9/4, 9/4, 9/4, 9/4, 9/4, 9/4, 9/4, 9/4, 9/4, 9/4, 9/4, 9/4, 9/4, 9/4, 9/4, 9/4, 9/4, 9/4, 9/4, 9/4, 9/4, 9/4, 9/4 ]  => CONGRUENT (or mirror-congruent)
  L3-{5,3,5/2}-13 vs L3-{5,3,5/2}-10: Gram equal true, edge ip equal false, face profile equal false, vf profile equal false; distinguished by a congruence invariant => not congruent, not mirror images
  L3-{5,3,5/2}-14 vs L3-{5,3,5/2}-10: Gram equal true, edge ip equal false, face profile equal false, vf profile equal false; distinguished by a congruence invariant => not congruent, not mirror images
  L3-{5,3,5/2}-14 vs L3-{5,3,5/2}-13: Gram equal true, edge ip equal true, face profile equal true, vf profile equal true; similarities of vertex sets (w_a -> w_b): 120, structure-preserving: 60 with determinants [ -9/32*E(5)-45/64*E(5)^2-45/64*E(5)^3-9/32*E(5)^4, -9/32*E(5)-45/64*E(5)^2-45/64*E(5)^3-9/32*E(5)^4, -9/32*E(5)-45/64*E(5)^2-45/64*E(5)^3-9/32*E(5)^4, -9/32*E(5)-45/64*E(5)^2-45/64*E(5)^3-9/32*E(5)^4, -9/32*E(5)-45/64*E(5)^2-45/64*E(5)^3-9/32*E(5)^4, -9/32*E(5)-45/64*E(5)^2-45/64*E(5)^3-9/32*E(5)^4, -9/32*E(5)-45/64*E(5)^2-45/64*E(5)^3-9/32*E(5)^4, -9/32*E(5)-45/64*E(5)^2-45/64*E(5)^3-9/32*E(5)^4, -9/32*E(5)-45/64*E(5)^2-45/64*E(5)^3-9/32*E(5)^4, -9/32*E(5)-45/64*E(5)^2-45/64*E(5)^3-9/32*E(5)^4, -9/32*E(5)-45/64*E(5)^2-45/64*E(5)^3-9/32*E(5)^4, -9/32*E(5)-45/64*E(5)^2-45/64*E(5)^3-9/32*E(5)^4, -9/32*E(5)-45/64*E(5)^2-45/64*E(5)^3-9/32*E(5)^4, -9/32*E(5)-45/64*E(5)^2-45/64*E(5)^3-9/32*E(5)^4, -9/32*E(5)-45/64*E(5)^2-45/64*E(5)^3-9/32*E(5)^4, -9/32*E(5)-45/64*E(5)^2-45/64*E(5)^3-9/32*E(5)^4, -9/32*E(5)-45/64*E(5)^2-45/64*E(5)^3-9/32*E(5)^4, -9/32*E(5)-45/64*E(5)^2-45/64*E(5)^3-9/32*E(5)^4, -9/32*E(5)-45/64*E(5)^2-45/64*E(5)^3-9/32*E(5)^4, -9/32*E(5)-45/64*E(5)^2-45/64*E(5)^3-9/32*E(5)^4, -9/32*E(5)-45/64*E(5)^2-45/64*E(5)^3-9/32*E(5)^4, -9/32*E(5)-45/64*E(5)^2-45/64*E(5)^3-9/32*E(5)^4, -9/32*E(5)-45/64*E(5)^2-45/64*E(5)^3-9/32*E(5)^4, -9/32*E(5)-45/64*E(5)^2-45/64*E(5)^3-9/32*E(5)^4, -9/32*E(5)-45/64*E(5)^2-45/64*E(5)^3-9/32*E(5)^4, -9/32*E(5)-45/64*E(5)^2-45/64*E(5)^3-9/32*E(5)^4, -9/32*E(5)-45/64*E(5)^2-45/64*E(5)^3-9/32*E(5)^4, -9/32*E(5)-45/64*E(5)^2-45/64*E(5)^3-9/32*E(5)^4, -9/32*E(5)-45/64*E(5)^2-45/64*E(5)^3-9/32*E(5)^4, -9/32*E(5)-45/64*E(5)^2-45/64*E(5)^3-9/32*E(5)^4, -9/32*E(5)-45/64*E(5)^2-45/64*E(5)^3-9/32*E(5)^4, -9/32*E(5)-45/64*E(5)^2-45/64*E(5)^3-9/32*E(5)^4, -9/32*E(5)-45/64*E(5)^2-45/64*E(5)^3-9/32*E(5)^4, -9/32*E(5)-45/64*E(5)^2-45/64*E(5)^3-9/32*E(5)^4, -9/32*E(5)-45/64*E(5)^2-45/64*E(5)^3-9/32*E(5)^4, -9/32*E(5)-45/64*E(5)^2-45/64*E(5)^3-9/32*E(5)^4, -9/32*E(5)-45/64*E(5)^2-45/64*E(5)^3-9/32*E(5)^4, -9/32*E(5)-45/64*E(5)^2-45/64*E(5)^3-9/32*E(5)^4, -9/32*E(5)-45/64*E(5)^2-45/64*E(5)^3-9/32*E(5)^4, -9/32*E(5)-45/64*E(5)^2-45/64*E(5)^3-9/32*E(5)^4, -9/32*E(5)-45/64*E(5)^2-45/64*E(5)^3-9/32*E(5)^4, -9/32*E(5)-45/64*E(5)^2-45/64*E(5)^3-9/32*E(5)^4, -9/32*E(5)-45/64*E(5)^2-45/64*E(5)^3-9/32*E(5)^4, -9/32*E(5)-45/64*E(5)^2-45/64*E(5)^3-9/32*E(5)^4, -9/32*E(5)-45/64*E(5)^2-45/64*E(5)^3-9/32*E(5)^4, -9/32*E(5)-45/64*E(5)^2-45/64*E(5)^3-9/32*E(5)^4, -9/32*E(5)-45/64*E(5)^2-45/64*E(5)^3-9/32*E(5)^4, -9/32*E(5)-45/64*E(5)^2-45/64*E(5)^3-9/32*E(5)^4, -9/32*E(5)-45/64*E(5)^2-45/64*E(5)^3-9/32*E(5)^4, -9/32*E(5)-45/64*E(5)^2-45/64*E(5)^3-9/32*E(5)^4, -9/32*E(5)-45/64*E(5)^2-45/64*E(5)^3-9/32*E(5)^4, -9/32*E(5)-45/64*E(5)^2-45/64*E(5)^3-9/32*E(5)^4, -9/32*E(5)-45/64*E(5)^2-45/64*E(5)^3-9/32*E(5)^4, -9/32*E(5)-45/64*E(5)^2-45/64*E(5)^3-9/32*E(5)^4, -9/32*E(5)-45/64*E(5)^2-45/64*E(5)^3-9/32*E(5)^4, -9/32*E(5)-45/64*E(5)^2-45/64*E(5)^3-9/32*E(5)^4, -9/32*E(5)-45/64*E(5)^2-45/64*E(5)^3-9/32*E(5)^4, -9/32*E(5)-45/64*E(5)^2-45/64*E(5)^3-9/32*E(5)^4, -9/32*E(5)-45/64*E(5)^2-45/64*E(5)^3-9/32*E(5)^4, -9/32*E(5)-45/64*E(5)^2-45/64*E(5)^3-9/32*E(5)^4 ]  => CONGRUENT (or mirror-congruent)
class 6: 2 congruence classes up to enantiomorphism: [ "L3-{5,3,5/2}-10", "L3-{5,3,5/2}-13" ]
AU-FAIL  class 6: congruence classes up to enantiomorphism   (expected 4, got 2)
AU-FAIL  total number of realisations up to congruence and enantiomorphism   (expected 24, got 12)
self-check: similarities of L3-{4,3,3}-1 with itself fixing w: 24, structure-preserving: 12 (expected |Stab_Gamma(w)| = 12 proper ones, plus improper ones iff the vertex set has extra symmetry)
AU-PASS  self-check: the search finds at least the vertex stabiliser

=== chirality groups X(P) via the mix, one representative per class ===
class 1 (L3-{4,3,3}-1): |X(P)| = 2 C2, [Gamma:X] = 96, Gamma/X = (C2 x C2) : S4, |Mix| = 384 consistent true
AU-PASS  class 1: |Mix| = |Gamma| |X|
AU-PASS  class 1: X(P) trivial iff directly regular
class 2 (L3-{5,3,3}-3): |X(P)| = 120 SL(2,5), [Gamma:X] = 60, Gamma/X = A5, |Mix| = 864000 consistent true
AU-PASS  class 2: |Mix| = |Gamma| |X|
AU-PASS  class 2: X(P) trivial iff directly regular
class 3 (L3-{5,3,5/2}-1): |X(P)| = 1 1, [Gamma:X] = 2880, Gamma/X = (SL(2,5) : (C2 x C2)) : S3, |Mix| = 2880 consistent true
AU-PASS  class 3: |Mix| = |Gamma| |X|
AU-PASS  class 3: X(P) trivial iff directly regular
class 4 (L3-{5,3,5/2}-5): |X(P)| = 8 Q8, [Gamma:X] = 144, Gamma/X = S4 x S3, |Mix| = 9216 consistent true
AU-PASS  class 4: |Mix| = |Gamma| |X|
AU-PASS  class 4: X(P) trivial iff directly regular
class 5 (L3-{5,3,5/2}-9): |X(P)| = 120 SL(2,5), [Gamma:X] = 60, Gamma/X = A5, |Mix| = 864000 consistent true
AU-PASS  class 5: |Mix| = |Gamma| |X|
AU-PASS  class 5: X(P) trivial iff directly regular
class 6 (L3-{5,3,5/2}-10): |X(P)| = 120 SL(2,5), [Gamma:X] = 60, Gamma/X = A5, |Mix| = 864000 consistent true
AU-PASS  class 6: |Mix| = |Gamma| |X|
AU-PASS  class 6: X(P) trivial iff directly regular
expected |X(P)| by class (RESULT.md): [ 2, 120, 120, 1, 8, 120 ]; found: [ 2, 120, 1, 8, 120, 120 ]

=== group orders, types, f-vectors versus RESULT.md ===
AU-PASS  class 1: (type, f-vector, |Gamma|) is one of the six claimed
AU-PASS  class 2: (type, f-vector, |Gamma|) is one of the six claimed
AU-PASS  class 3: (type, f-vector, |Gamma|) is one of the six claimed
AU-PASS  class 4: (type, f-vector, |Gamma|) is one of the six claimed
AU-PASS  class 5: (type, f-vector, |Gamma|) is one of the six claimed
AU-PASS  class 6: (type, f-vector, |Gamma|) is one of the six claimed

congruence-audit.g: 130 passed, 7 failed.
FAILED: [ "class 1: congruence classes up to enantiomorphism", "class 2: congruence classes up to enantiomorphism", "class 3: congruence classes up to enantiomorphism", "class 4: congruence classes up to enantiomorphism", "class 5: congruence classes up to enantiomorphism", "class 6: congruence classes up to enantiomorphism", "total number of realisations up to congruence and enantiomorphism" ]
Done: congruence-audit.g
gap exit: 
finished: 2026-09-09T16:52:53Z
