started: 2026-09-09T16:17:09Z
script sha256: 3128e673bc8b1a7084a8a3e1a708cb5ae89d81598de2f64195d9e1ee8f5e4b35  five-five-audit.g
Syntax warning: Unbound global variable in five-five-audit.g:98
  wpol := List([1..d], i -> t*T.v0[i] + T.v3[i]); w1 := wpol*planes[1].P; w2 := wpol*planes[2].P; d1 := w1*w1; d2 := w2*w2;
                              ^
Syntax warning: Unbound global variable in five-five-audit.g:98
  wpol := List([1..d], i -> t*T.v0[i] + T.v3[i]); w1 := wpol*planes[1].P; w2 := wpol*planes[2].P; d1 := w1*w1; d2 := w2*w2;
                                        ^

==== row 2 T = {4,3,3} (q = 3, p = 8), target ord(X) = 5, k = 2 ====
factor of degree 4 with 4 real roots: t^4+(2*E(5)^2+2*E(5)^3)*t^3+(-1/2*E(5)-1/2*E(5)^4)*t^2+(-1/2*E(5)-E(5)^2-E(5)^3-1/2*E(5)^4)*t+(-1/8*E(5)-1/4*E(5)^2-1/4*E(5)^3-1/8*E(5)^4)
   minimal polynomial of t over Q: degree 8, Galois group 9: C2 x D8, abelian: false
   tr(X) = (-2*E(5)-E(5)^2-E(5)^3-2*E(5)^4);  minimal polynomial over Q of degree 2, Galois group cyclic/trivial, abelian: true
   tr(S2 X^2) = 1;  minimal polynomial over Q of degree 1, Galois group cyclic/trivial, abelian: true
   tr(S2^2 X) = (-2*E(5)-E(5)^2-E(5)^3-2*E(5)^4);  minimal polynomial over Q of degree 2, Galois group cyclic/trivial, abelian: true
   tr(X S2 X S2^2) = 1;  minimal polynomial over Q of degree 1, Galois group cyclic/trivial, abelian: true
   tr(S1 X) = (8/3*E(5)+8/3*E(5)^4)*t^3+(8/3*E(5)+16/3*E(5)^2+16/3*E(5)^3+8/3*E(5)^4)*t^2+(-2*E(5)-4*E(5)^2-4*E(5)^3-2*E(5)^4)*t+(-E(5)-4/3*E(5)^2-4/3*E(5)^3-E(5)^4);  minimal polynomial over Q of degree 8, Galois group 9: C2 x D8, abelian: false
   => tr(S1 X) lies in no abelian extension of Q, hence in no cyclotomic field: the group generated is INFINITE at every root of this factor; no discrete polytope
AU-PASS  row 2 {4,3,3} m=5 k=2: the unresolved factor is killed by a non-abelian trace field

==== row 2 T = {4,3,3} (q = 3, p = 8), target ord(X) = 10, k = 3 ====
factor of degree 4 with 4 real roots: t^4+(-2*E(5)-4*E(5)^2-4*E(5)^3-2*E(5)^4)*t^3+(-E(5)-3/2*E(5)^2-3/2*E(5)^3-E(5)^4)*t^2+(1/2*E(5)^2+1/2*E(5)^3)*t+(1/8*E(5)^2+1/8*E(5)^3)
   minimal polynomial of t over Q: degree 8, Galois group 9: C2 x D8, abelian: false
   tr(X) = (-3*E(5)-2*E(5)^2-2*E(5)^3-3*E(5)^4);  minimal polynomial over Q of degree 2, Galois group cyclic/trivial, abelian: true
   tr(S2 X^2) = 1;  minimal polynomial over Q of degree 1, Galois group cyclic/trivial, abelian: true
   tr(S2^2 X) = (-3*E(5)-2*E(5)^2-2*E(5)^3-3*E(5)^4);  minimal polynomial over Q of degree 2, Galois group cyclic/trivial, abelian: true
   tr(X S2 X S2^2) = 1;  minimal polynomial over Q of degree 1, Galois group cyclic/trivial, abelian: true
   tr(S1 X) = (16/3*E(5)+8/3*E(5)^2+8/3*E(5)^3+16/3*E(5)^4)*t^3+(8/3*E(5)^2+8/3*E(5)^3)*t^2+(-2*E(5)^2-2*E(5)^3)*t+(-2/3*E(5)-E(5)^2-E(5)^3-2/3*E(5)^4);  minimal polynomial over Q of degree 8, Galois group 9: C2 x D8, abelian: false
   => tr(S1 X) lies in no abelian extension of Q, hence in no cyclotomic field: the group generated is INFINITE at every root of this factor; no discrete polytope
AU-PASS  row 2 {4,3,3} m=10 k=3: the unresolved factor is killed by a non-abelian trace field

==== row 3 T = {3,4,3} (q = 4, p = 12), target ord(X) = 5, k = 2 ====
factor of degree 4 with 4 real roots: t^4+(-E(5)-E(5)^4)*t^3+(-1/2*E(5)+E(5)^2+E(5)^3-1/2*E(5)^4)*t^2+(-1/2*E(5)-1/2*E(5)^4)*t+1/4
   minimal polynomial of t over Q: degree 8, Galois group 18: (C2 x C2 x C2 x C2) : C2, abelian: false
   tr(X) = (-2*E(5)-E(5)^2-E(5)^3-2*E(5)^4);  minimal polynomial over Q of degree 2, Galois group cyclic/trivial, abelian: true
   tr(S2 X^2) = 2;  minimal polynomial over Q of degree 1, Galois group cyclic/trivial, abelian: true
   tr(S2^2 X) = (-2*E(5)-E(5)^2-E(5)^3-2*E(5)^4);  minimal polynomial over Q of degree 2, Galois group cyclic/trivial, abelian: true
   tr(X S2 X S2^2) = 2;  minimal polynomial over Q of degree 1, Galois group cyclic/trivial, abelian: true
   tr(S1 X) = (-2*E(5)-2*E(5)^4)*t^2+2*t+1;  minimal polynomial over Q of degree 8, Galois group 18: (C2 x C2 x C2 x C2) : C2, abelian: false
   => tr(S1 X) lies in no abelian extension of Q, hence in no cyclotomic field: the group generated is INFINITE at every root of this factor; no discrete polytope
AU-PASS  row 3 {3,4,3} m=5 k=2: the unresolved factor is killed by a non-abelian trace field

==== row 4 T = {5,3,3} (q = 3, p = 30), target ord(X) = 10, k = 3 ====
factor of degree 4 with 4 real roots: t^4+(-11/2*E(5)-14*E(5)^2-14*E(5)^3-11/2*E(5)^4)*t^3+(1/4*E(5)+3/4*E(5)^2+3/4*E(5)^3+1/4*E(5)^4)*t^2+(97/8*E(5)+127/4*E(5)^2+127/4*E(5)^3+97/8*E(5)^4)*t+(55/8*E(5)+18*E(5)^2+18*E(5)^3+55/8*E(5)^4)
   minimal polynomial of t over Q: degree 8, Galois group 18: (C2 x C2 x C2 x C2) : C2, abelian: false
   tr(X) = (-3*E(5)-2*E(5)^2-2*E(5)^3-3*E(5)^4);  minimal polynomial over Q of degree 2, Galois group cyclic/trivial, abelian: true
   tr(S2 X^2) = 1;  minimal polynomial over Q of degree 1, Galois group cyclic/trivial, abelian: true
   tr(S2^2 X) = (-3*E(5)-2*E(5)^2-2*E(5)^3-3*E(5)^4);  minimal polynomial over Q of degree 2, Galois group cyclic/trivial, abelian: true
   tr(X S2 X S2^2) = 1;  minimal polynomial over Q of degree 1, Galois group cyclic/trivial, abelian: true
   tr(S1 X) = (-220*E(5)-84*E(5)^2-84*E(5)^3-220*E(5)^4)*t^3+(-80*E(5)-30*E(5)^2-30*E(5)^3-80*E(5)^4)*t^2+(-7*E(5)-4*E(5)^2-4*E(5)^3-7*E(5)^4)*t+(-E(5)^2-E(5)^3);  minimal polynomial over Q of degree 8, Galois group 18: (C2 x C2 x C2 x C2) : C2, abelian: false
   => tr(S1 X) lies in no abelian extension of Q, hence in no cyclotomic field: the group generated is INFINITE at every root of this factor; no discrete polytope
AU-PASS  row 4 {5,3,3} m=10 k=3: the unresolved factor is killed by a non-abelian trace field

==== row 6 T = {5,5/2,5} (q = 5, p = 15), target ord(X) = 4, k = 1 ====
factor of degree 4 with 4 real roots: t^4+(E(5)^2+E(5)^3)*t^3+(E(5)+3*E(5)^2+3*E(5)^3+E(5)^4)*t^2+(1/4*E(5)+3/4*E(5)^2+3/4*E(5)^3+1/4*E(5)^4)*t+(-1/8*E(5)-5/16*E(5)^2-5/16*E(5)^3-1/8*E(5)^4)
   minimal polynomial of t over Q: degree 8, Galois group 10: (C4 x C2) : C2, abelian: false
   tr(X) = 2;  minimal polynomial over Q of degree 1, Galois group cyclic/trivial, abelian: true
   tr(S2 X^2) = (-2*E(5)-E(5)^2-E(5)^3-2*E(5)^4);  minimal polynomial over Q of degree 2, Galois group cyclic/trivial, abelian: true
   tr(S2^2 X) = 2;  minimal polynomial over Q of degree 1, Galois group cyclic/trivial, abelian: true
   tr(X S2 X S2^2) = (-2*E(5)-E(5)^2-E(5)^3-2*E(5)^4);  minimal polynomial over Q of degree 2, Galois group cyclic/trivial, abelian: true
   tr(S1 X) = (-12*E(5)-4*E(5)^2-4*E(5)^3-12*E(5)^4)*t^2+2*t+(-E(5)-2*E(5)^2-2*E(5)^3-E(5)^4);  minimal polynomial over Q of degree 8, Galois group 10: (C4 x C2) : C2, abelian: false
   => tr(S1 X) lies in no abelian extension of Q, hence in no cyclotomic field: the group generated is INFINITE at every root of this factor; no discrete polytope
AU-PASS  row 6 {5,5/2,5} m=4 k=1: the unresolved factor is killed by a non-abelian trace field

==== row 6 T = {5,5/2,5} (q = 5, p = 15), target ord(X) = 5, k = 2 ====
factor of degree 4 with 4 real roots: t^4+(-2/5*E(5)-1/10*E(5)^2-1/10*E(5)^3-2/5*E(5)^4)*t^3+(1/4*E(5)+E(5)^2+E(5)^3+1/4*E(5)^4)*t^2+(-1/40*E(5)+1/40*E(5)^2+1/40*E(5)^3-1/40*E(5)^4)*t+(-1/8*E(5)-5/16*E(5)^2-5/16*E(5)^3-1/8*E(5)^4)
   minimal polynomial of t over Q: degree 8, Galois group 18: (C2 x C2 x C2 x C2) : C2, abelian: false
   tr(X) = (-2*E(5)-E(5)^2-E(5)^3-2*E(5)^4);  minimal polynomial over Q of degree 2, Galois group cyclic/trivial, abelian: true
   tr(S2 X^2) = (-2*E(5)-E(5)^2-E(5)^3-2*E(5)^4);  minimal polynomial over Q of degree 2, Galois group cyclic/trivial, abelian: true
   tr(S2^2 X) = (-2*E(5)-E(5)^2-E(5)^3-2*E(5)^4);  minimal polynomial over Q of degree 2, Galois group cyclic/trivial, abelian: true
   tr(X S2 X S2^2) = (-2*E(5)-E(5)^2-E(5)^3-2*E(5)^4);  minimal polynomial over Q of degree 2, Galois group cyclic/trivial, abelian: true
   tr(S1 X) = (-16*E(5)-4*E(5)^2-4*E(5)^3-16*E(5)^4)*t^2+2*t+(-E(5)-2*E(5)^2-2*E(5)^3-E(5)^4);  minimal polynomial over Q of degree 8, Galois group 18: (C2 x C2 x C2 x C2) : C2, abelian: false
   => tr(S1 X) lies in no abelian extension of Q, hence in no cyclotomic field: the group generated is INFINITE at every root of this factor; no discrete polytope
AU-PASS  row 6 {5,5/2,5} m=5 k=2: the unresolved factor is killed by a non-abelian trace field

==== row 6 T = {5,5/2,5} (q = 5, p = 15), target ord(X) = 10, k = 3 ====
factor of degree 4 with 4 real roots: t^4+(-1/4*E(5)+1/4*E(5)^2+1/4*E(5)^3-1/4*E(5)^4)*t^3+(1/2*E(5)+13/8*E(5)^2+13/8*E(5)^3+1/2*E(5)^4)*t^2+(1/16*E(5)+1/4*E(5)^2+1/4*E(5)^3+1/16*E(5)^4)*t+(-1/8*E(5)-5/16*E(5)^2-5/16*E(5)^3-1/8*E(5)^4)
   minimal polynomial of t over Q: degree 8, Galois group 18: (C2 x C2 x C2 x C2) : C2, abelian: false
   tr(X) = (-3*E(5)-2*E(5)^2-2*E(5)^3-3*E(5)^4);  minimal polynomial over Q of degree 2, Galois group cyclic/trivial, abelian: true
   tr(S2 X^2) = (-2*E(5)-E(5)^2-E(5)^3-2*E(5)^4);  minimal polynomial over Q of degree 2, Galois group cyclic/trivial, abelian: true
   tr(S2^2 X) = (-3*E(5)-2*E(5)^2-2*E(5)^3-3*E(5)^4);  minimal polynomial over Q of degree 2, Galois group cyclic/trivial, abelian: true
   tr(X S2 X S2^2) = (-2*E(5)-E(5)^2-E(5)^3-2*E(5)^4);  minimal polynomial over Q of degree 2, Galois group cyclic/trivial, abelian: true
   tr(S1 X) = (-24*E(5)-8*E(5)^2-8*E(5)^3-24*E(5)^4)*t^2+2*t+(-E(5)-2*E(5)^2-2*E(5)^3-E(5)^4);  minimal polynomial over Q of degree 8, Galois group 18: (C2 x C2 x C2 x C2) : C2, abelian: false
   => tr(S1 X) lies in no abelian extension of Q, hence in no cyclotomic field: the group generated is INFINITE at every root of this factor; no discrete polytope
AU-PASS  row 6 {5,5/2,5} m=10 k=3: the unresolved factor is killed by a non-abelian trace field

==== row 7 T = {5,3,5/2} (q = 3, p = 12), target ord(X) = 10, k = 3 ====
factor of degree 4 with 4 real roots: t^4+(-2*E(5)-3*E(5)^2-3*E(5)^3-2*E(5)^4)*t^3+(E(5)+15/4*E(5)^2+15/4*E(5)^3+E(5)^4)*t^2+(E(5)+11/4*E(5)^2+11/4*E(5)^3+E(5)^4)*t+(1/8*E(5)+3/8*E(5)^2+3/8*E(5)^3+1/8*E(5)^4)
   minimal polynomial of t over Q: degree 8, Galois group 18: (C2 x C2 x C2 x C2) : C2, abelian: false
   tr(X) = (-3*E(5)-2*E(5)^2-2*E(5)^3-3*E(5)^4);  minimal polynomial over Q of degree 2, Galois group cyclic/trivial, abelian: true
   tr(S2 X^2) = 1;  minimal polynomial over Q of degree 1, Galois group cyclic/trivial, abelian: true
   tr(S2^2 X) = (-3*E(5)-2*E(5)^2-2*E(5)^3-3*E(5)^4);  minimal polynomial over Q of degree 2, Galois group cyclic/trivial, abelian: true
   tr(X S2 X S2^2) = 1;  minimal polynomial over Q of degree 1, Galois group cyclic/trivial, abelian: true
   tr(S1 X) = (-16/3*E(5)-4/3*E(5)^2-4/3*E(5)^3-16/3*E(5)^4)*t^3+(-22/3*E(5)-2/3*E(5)^2-2/3*E(5)^3-22/3*E(5)^4)*t^2+(-16/3*E(5)-22/3*E(5)^2-22/3*E(5)^3-16/3*E(5)^4)*t+(-1/3*E(5)-E(5)^2-E(5)^3-1/3*E(5)^4);  minimal polynomial over Q of degree 8, Galois group 18: (C2 x C2 x C2 x C2) : C2, abelian: false
   => tr(S1 X) lies in no abelian extension of Q, hence in no cyclotomic field: the group generated is INFINITE at every root of this factor; no discrete polytope
AU-PASS  row 7 {5,3,5/2} m=10 k=3: the unresolved factor is killed by a non-abelian trace field

==== row 9 T = {3,5/2,5} (q = 5, p = 20), target ord(X) = 4, k = 1 ====
factor of degree 4 with 4 real roots: t^4+2*t^3+(-2*E(5)-E(5)^2-E(5)^3-2*E(5)^4)*t^2+(-3/2*E(5)-1/2*E(5)^2-1/2*E(5)^3-3/2*E(5)^4)*t+(-1/2*E(5)-3/16*E(5)^2-3/16*E(5)^3-1/2*E(5)^4)
   minimal polynomial of t over Q: degree 8, Galois group 9: C2 x D8, abelian: false
   tr(X) = 2;  minimal polynomial over Q of degree 1, Galois group cyclic/trivial, abelian: true
   tr(S2 X^2) = (-2*E(5)-E(5)^2-E(5)^3-2*E(5)^4);  minimal polynomial over Q of degree 2, Galois group cyclic/trivial, abelian: true
   tr(S2^2 X) = 2;  minimal polynomial over Q of degree 1, Galois group cyclic/trivial, abelian: true
   tr(X S2 X S2^2) = (-2*E(5)-E(5)^2-E(5)^3-2*E(5)^4);  minimal polynomial over Q of degree 2, Galois group cyclic/trivial, abelian: true
   tr(S1 X) = (24/5*E(5)+56/5*E(5)^2+56/5*E(5)^3+24/5*E(5)^4)*t^3+(44/5*E(5)+116/5*E(5)^2+116/5*E(5)^3+44/5*E(5)^4)*t^2+(12/5*E(5)+28/5*E(5)^2+28/5*E(5)^3+12/5*E(5)^4)*t+(-3/5*E(5)-7/5*E(5)^2-7/5*E(5)^3-3/5*E(5)^4);  minimal polynomial over Q of degree 8, Galois group 9: C2 x D8, abelian: false
   => tr(S1 X) lies in no abelian extension of Q, hence in no cyclotomic field: the group generated is INFINITE at every root of this factor; no discrete polytope
AU-PASS  row 9 {3,5/2,5} m=4 k=1: the unresolved factor is killed by a non-abelian trace field

==== row 9 T = {3,5/2,5} (q = 5, p = 20), target ord(X) = 5, k = 2 ====
factor of degree 4 with 4 real roots: t^4+(-8/5*E(5)-7/5*E(5)^2-7/5*E(5)^3-8/5*E(5)^4)*t^3+(-37/20*E(5)-9/10*E(5)^2-9/10*E(5)^3-37/20*E(5)^4)*t^2+(-33/20*E(5)-3/5*E(5)^2-3/5*E(5)^3-33/20*E(5)^4)*t+(-47/80*E(5)-9/40*E(5)^2-9/40*E(5)^3-47/80*E(5)^4)
   minimal polynomial of t over Q: degree 8, Galois group 18: (C2 x C2 x C2 x C2) : C2, abelian: false
   tr(X) = (-2*E(5)-E(5)^2-E(5)^3-2*E(5)^4);  minimal polynomial over Q of degree 2, Galois group cyclic/trivial, abelian: true
   tr(S2 X^2) = (-2*E(5)-E(5)^2-E(5)^3-2*E(5)^4);  minimal polynomial over Q of degree 2, Galois group cyclic/trivial, abelian: true
   tr(S2^2 X) = (-2*E(5)-E(5)^2-E(5)^3-2*E(5)^4);  minimal polynomial over Q of degree 2, Galois group cyclic/trivial, abelian: true
   tr(X S2 X S2^2) = (-2*E(5)-E(5)^2-E(5)^3-2*E(5)^4);  minimal polynomial over Q of degree 2, Galois group cyclic/trivial, abelian: true
   tr(S1 X) = (16*E(5)+40*E(5)^2+40*E(5)^3+16*E(5)^4)*t^3+(104/5*E(5)+276/5*E(5)^2+276/5*E(5)^3+104/5*E(5)^4)*t^2+(6*E(5)+14*E(5)^2+14*E(5)^3+6*E(5)^4)*t+(-4/5*E(5)-11/5*E(5)^2-11/5*E(5)^3-4/5*E(5)^4);  minimal polynomial over Q of degree 8, Galois group 18: (C2 x C2 x C2 x C2) : C2, abelian: false
   => tr(S1 X) lies in no abelian extension of Q, hence in no cyclotomic field: the group generated is INFINITE at every root of this factor; no discrete polytope
AU-PASS  row 9 {3,5/2,5} m=5 k=2: the unresolved factor is killed by a non-abelian trace field

==== row 9 T = {3,5/2,5} (q = 5, p = 20), target ord(X) = 10, k = 3 ====
factor of degree 4 with 4 real roots: t^4+3/2*t^3+(-7/4*E(5)-7/8*E(5)^2-7/8*E(5)^3-7/4*E(5)^4)*t^2+(-7/4*E(5)-5/8*E(5)^2-5/8*E(5)^3-7/4*E(5)^4)*t+(-21/32*E(5)-1/4*E(5)^2-1/4*E(5)^3-21/32*E(5)^4)
   minimal polynomial of t over Q: degree 8, Galois group 18: (C2 x C2 x C2 x C2) : C2, abelian: false
   tr(X) = (-3*E(5)-2*E(5)^2-2*E(5)^3-3*E(5)^4);  minimal polynomial over Q of degree 2, Galois group cyclic/trivial, abelian: true
   tr(S2 X^2) = (-2*E(5)-E(5)^2-E(5)^3-2*E(5)^4);  minimal polynomial over Q of degree 2, Galois group cyclic/trivial, abelian: true
   tr(S2^2 X) = (-3*E(5)-2*E(5)^2-2*E(5)^3-3*E(5)^4);  minimal polynomial over Q of degree 2, Galois group cyclic/trivial, abelian: true
   tr(X S2 X S2^2) = (-2*E(5)-E(5)^2-E(5)^3-2*E(5)^4);  minimal polynomial over Q of degree 2, Galois group cyclic/trivial, abelian: true
   tr(S1 X) = (48/5*E(5)+112/5*E(5)^2+112/5*E(5)^3+48/5*E(5)^4)*t^3+(64/5*E(5)+176/5*E(5)^2+176/5*E(5)^3+64/5*E(5)^4)*t^2+(24/5*E(5)+46/5*E(5)^2+46/5*E(5)^3+24/5*E(5)^4)*t+(-2/5*E(5)-8/5*E(5)^2-8/5*E(5)^3-2/5*E(5)^4);  minimal polynomial over Q of degree 8, Galois group 18: (C2 x C2 x C2 x C2) : C2, abelian: false
   => tr(S1 X) lies in no abelian extension of Q, hence in no cyclotomic field: the group generated is INFINITE at every root of this factor; no discrete polytope
AU-PASS  row 9 {3,5/2,5} m=10 k=3: the unresolved factor is killed by a non-abelian trace field

==== A5 structure constants: pairs of order-5 elements with involutory product ====
classes of order-5 elements: [ 12, 12 ] (rotation angles 2pi/5 and 4pi/5 in the icosahedral group)
ordered pairs (a,b) of order-5 elements with ab an involution: same class 0, different classes 120
AU-PASS  A5: no two elements of order 5 in the same class have involutory product (so (5,5) with equal rotation angles, i.e. S2 of angle 4pi/5 and X with k=2, cannot give a finite vertex-figure group)
AU-PASS  A5: every such pair generates A5 and has trivial cyclic intersection (rank-3 IP)
row 5 {3,5,5/2}: tr(S2) = -E(5)-2*E(5)^2-2*E(5)^3-E(5)^4 = 2 + 2cos(theta) with theta = 2pi/5 iff tr = 3+phi (=-3*E(5)-4*E(5)^2-4*E(5)^3-3*E(5)^4-2), 4pi/5 iff tr = 3-phi; tr(S2) - 2 = E(5)+E(5)^4
row 6 {5,5/2,5}: tr(S2) = -2*E(5)-E(5)^2-E(5)^3-2*E(5)^4 = 2 + 2cos(theta) with theta = 2pi/5 iff tr = 3+phi (=-3*E(5)-4*E(5)^2-4*E(5)^3-3*E(5)^4-2), 4pi/5 iff tr = 3-phi; tr(S2) - 2 = E(5)^2+E(5)^3
row 9 {3,5/2,5}: tr(S2) = -2*E(5)-E(5)^2-E(5)^3-2*E(5)^4 = 2 + 2cos(theta) with theta = 2pi/5 iff tr = 3+phi (=-3*E(5)-4*E(5)^2-4*E(5)^3-3*E(5)^4-2), 4pi/5 iff tr = 3-phi; tr(S2) - 2 = E(5)^2+E(5)^3
row 10 {5/2,5,5/2}: tr(S2) = -E(5)-2*E(5)^2-2*E(5)^3-E(5)^4 = 2 + 2cos(theta) with theta = 2pi/5 iff tr = 3+phi (=-3*E(5)-4*E(5)^2-4*E(5)^3-3*E(5)^4-2), 4pi/5 iff tr = 3-phi; tr(S2) - 2 = E(5)+E(5)^4

five-five-audit.g: 13 passed, 0 failed.
Done: five-five-audit.g
gap exit: 
finished: 2026-09-09T16:17:42Z
