started: 2026-09-09T15:57:02Z
cwd: /Users/daniel/github/skeletal-polytopes/research/petcox-facet-extensions/audits/fable-ultra/scripts
script sha256: a63a1a4d5ab675020fc75692022e4657e068930b7ed3b295f92065d9f8916a0f  l3-audit.g


############################################################
## AUDIT Level 3, row 1: T = {3,3,3}, dim 5, p = ord(S1) = 5, q = ord(S2) = 3
############################################################
invariant planes of S1: k = [ 1, 2 ], dims [ 2, 2 ]
AU-PASS  {3,3,3}: exactly two invariant planes, each 2-dimensional
AU-PASS  {3,3,3}: rotation angles distinct and non-opposite
AU-PASS  {3,3,3}: neither angle is pi
AU-PASS  {3,3,3}: planes mutually orthogonal
AU-PASS  {3,3,3}: S1 has no fixed vector in the effective 4-space
AU-PASS  {3,3,3}: PETCOX circle avoids the invariant plane k = 1
AU-PASS  {3,3,3}: PETCOX circle avoids the invariant plane k = 2
deg d1 = 2, deg d2 = 2, deg tau = 4
AU-PASS  {3,3,3}: d1 and d2 have no real zero (Sturm)

-- target ord(X) = 2 (k = 1), tr(X) = 1 ~ 1.; degree 4; exact number of distinct real roots (Sturm) = 2
   linear factor: t = 1/4 ~ 0.25
   linear factor: t = -1/4 ~ -0.25
AU-PASS  {3,3,3} m=2 k=1: every real root accounted for (exact roots + KW-killed = Sturm count, nothing unresolved)

-- target ord(X) = 3 (k = 1), tr(X) = 2 ~ 2.; degree 3; exact number of distinct real roots (Sturm) = 3
   linear factor: t = 0 ~ 0.
   linear factor: t = 1/2*E(5)+1/4*E(5)^2+1/4*E(5)^3+1/2*E(5)^4 ~ -0.09549150281252636
   linear factor: t = 1/4*E(5)+1/2*E(5)^2+1/2*E(5)^3+1/4*E(5)^4 ~ -0.6545084971874737
AU-PASS  {3,3,3} m=3 k=1: every real root accounted for (exact roots + KW-killed = Sturm count, nothing unresolved)

-- target ord(X) = 4 (k = 1), tr(X) = 3 ~ 3.; degree 4; exact number of distinct real roots (Sturm) = 0
   irreducible factor of degree 4 with 0 real roots: t^4+1/2*t^3+1/4*t^2+1/32*t+1/256
      no real roots
AU-PASS  {3,3,3} m=4 k=1: every real root accounted for (exact roots + KW-killed = Sturm count, nothing unresolved)

-- target ord(X) = 5 (k = 1), tr(X) = -2*E(5)-3*E(5)^2-3*E(5)^3-2*E(5)^4 ~ 3.618033988749895; degree 4; exact number of distinct real roots (Sturm) = 0
   quadratic factor t^2+1/4*t+(-1/16*E(5)^2-1/16*E(5)^3): discriminant D = -1/16*E(5)+3/16*E(5)^2+3/16*E(5)^3-1/16*E(5)^4 ~ -0.3420084971874737, sign -1
      no real roots
   quadratic factor t^2+(1/4*E(5)+1/4*E(5)^4)*t+(1/16*E(5)+1/16*E(5)^4): discriminant D = -3/8*E(5)-1/16*E(5)^2-1/16*E(5)^3-3/8*E(5)^4 ~ -0.1306356214843421, sign -1
      no real roots
AU-PASS  {3,3,3} m=5 k=1: every real root accounted for (exact roots + KW-killed = Sturm count, nothing unresolved)

-- target ord(X) = 5 (k = 2), tr(X) = -3*E(5)-2*E(5)^2-2*E(5)^3-3*E(5)^4 ~ 1.381966011250106; degree 4; exact number of distinct real roots (Sturm) = 4
   quadratic factor t^2+1/4*t+(-1/16*E(5)-1/16*E(5)^4): discriminant D = 3/16*E(5)-1/16*E(5)^2-1/16*E(5)^3+3/16*E(5)^4 ~ 0.2170084971874737, sign 1
      sqrt(D) not found in a small cyclotomic field; Q(sqrt5,sqrt D)/Q abelian (KW norm test, N = -19/256): false
      KILLED (Kronecker-Weber): some tr(g X) = -E(5)^2-E(5)^3 + (-4*E(5)^2-4*E(5)^3) t with nonzero t-coefficient, hence not in any cyclotomic field: Gamma infinite
   quadratic factor t^2+(1/4*E(5)^2+1/4*E(5)^3)*t+(1/16*E(5)^2+1/16*E(5)^3): discriminant D = -1/16*E(5)-3/8*E(5)^2-3/8*E(5)^3-1/16*E(5)^4 ~ 0.5681356214843422, sign 1
      sqrt(D) not found in a small cyclotomic field; Q(sqrt5,sqrt D)/Q abelian (KW norm test, N = -19/256): false
      KILLED (Kronecker-Weber): some tr(g X) = -E(5)^2-E(5)^3 + (8*E(5)+4*E(5)^2+4*E(5)^3+8*E(5)^4) t with nonzero t-coefficient, hence not in any cyclotomic field: Gamma infinite
AU-PASS  {3,3,3} m=5 k=2: every real root accounted for (exact roots + KW-killed = Sturm count, nothing unresolved)

-- target ord(X) = 6 (k = 1), tr(X) = 4 ~ 4.; degree 4; exact number of distinct real roots (Sturm) = 0
   quadratic factor t^2+1/8*t+1/16: discriminant D = -15/64 ~ -0.234375, sign -1
      no real roots
   quadratic factor t^2+1/4*t+1/16: discriminant D = -3/16 ~ -0.1875, sign -1
      no real roots
AU-PASS  {3,3,3} m=6 k=1: every real root accounted for (exact roots + KW-killed = Sturm count, nothing unresolved)

-- target ord(X) = 10 (k = 1), tr(X) = -3*E(5)-4*E(5)^2-4*E(5)^3-3*E(5)^4 ~ 4.618033988749895; degree 4; exact number of distinct real roots (Sturm) = 0
   factor of degree 2 with NON-REAL coefficients (its complex-conjugate factor also occurs; no real roots): t^2+(-1/2*E(5)-1/2*E(5)^3-1/4*E(5)^4)*t+(-1/16*E(5)^3)
   factor of degree 2 with NON-REAL coefficients (its complex-conjugate factor also occurs; no real roots): t^2+(-1/4*E(5)-1/2*E(5)^2-1/2*E(5)^4)*t+(-1/16*E(5)^2)
AU-PASS  {3,3,3} m=10 k=1: every real root accounted for (exact roots + KW-killed = Sturm count, nothing unresolved)

-- target ord(X) = 10 (k = 3), tr(X) = -4*E(5)-3*E(5)^2-3*E(5)^3-4*E(5)^4 ~ 2.381966011250106; degree 4; exact number of distinct real roots (Sturm) = 0
   factor of degree 2 with NON-REAL coefficients (its complex-conjugate factor also occurs; no real roots): t^2+(-1/2*E(5)-1/2*E(5)^2-1/4*E(5)^3)*t+(-1/16*E(5))
   factor of degree 2 with NON-REAL coefficients (its complex-conjugate factor also occurs; no real roots): t^2+(-1/4*E(5)^2-1/2*E(5)^3-1/2*E(5)^4)*t+(-1/16*E(5)^4)
AU-PASS  {3,3,3} m=10 k=3: every real root accounted for (exact roots + KW-killed = Sturm count, nothing unresolved)

-- verification of every exact real root (6 base vertices incl. t = infinity) --
AU-PASS  row 1 {3,3,3} m=2 k=1 t=1/4: A is an orthogonal involution inverting S1 and fixing w
AU-PASS  row 1 {3,3,3} m=2 k=1 t=1/4: (S2 X)^2 = (S1 S2 X)^2 = 1, X fixes w and w S1^-1, det X = 1
   row 1 {3,3,3} m=2 k=1 t=1/4: alpha ~ 0.5, ord(X) = 2, tr(X) = 1
AU-PASS  row 1 {3,3,3} m=2 k=1 t=1/4: ord(X) equals the target m = 2
      vertex-figure group <S2,X>: neighbour orbit finite: true (size 3), order fail -
      => REJECTED: ord(X) < 3 (degenerate)
AU-PASS  row 1 {3,3,3} m=2 k=1 t=-1/4: A is an orthogonal involution inverting S1 and fixing w
AU-PASS  row 1 {3,3,3} m=2 k=1 t=-1/4: (S2 X)^2 = (S1 S2 X)^2 = 1, X fixes w and w S1^-1, det X = 1
   row 1 {3,3,3} m=2 k=1 t=-1/4: alpha ~ infinity, ord(X) = 2, tr(X) = 1
AU-PASS  row 1 {3,3,3} m=2 k=1 t=-1/4: ord(X) equals the target m = 2
      vertex-figure group <S2,X>: neighbour orbit finite: true (size 3), order 6 S3
      => REJECTED: ord(X) < 3 (degenerate)
AU-PASS  row 1 {3,3,3} m=3 k=1 t=0: A is an orthogonal involution inverting S1 and fixing w
AU-PASS  row 1 {3,3,3} m=3 k=1 t=0: (S2 X)^2 = (S1 S2 X)^2 = 1, X fixes w and w S1^-1, det X = 1
   row 1 {3,3,3} m=3 k=1 t=0: alpha ~ 1., ord(X) = 3, tr(X) = 2
AU-PASS  row 1 {3,3,3} m=3 k=1 t=0: ord(X) equals the target m = 3
      vertex-figure group <S2,X>: neighbour orbit finite: true (size 4), order 12 A4
      Gamma: orbit finite true, |V| = 5, |Gamma| = 60, orders [ 5, 3, 3 ], relations true, IP false (defect 4), coset f-vector [ 5, 10, 6, 1 ], directly regular false
      => REJECTED: intersection condition fails (defect 4)
AU-PASS  row 1 {3,3,3} m=3 k=1 t=1/2*E(5)+1/4*E(5)^2+1/4*E(5)^3+1/2*E(5)^4: A is an orthogonal involution inverting S1 and fixing w
AU-PASS  row 1 {3,3,3} m=3 k=1 t=1/2*E(5)+1/4*E(5)^2+1/4*E(5)^3+1/2*E(5)^4: (S2 X)^2 = (S1 S2 X)^2 = 1, X fixes w and w S1^-1, det X = 1
   row 1 {3,3,3} m=3 k=1 t=1/2*E(5)+1/4*E(5)^2+1/4*E(5)^3+1/2*E(5)^4: alpha ~ 1.618033988749895, ord(X) = 3, tr(X) = 2
AU-PASS  row 1 {3,3,3} m=3 k=1 t=1/2*E(5)+1/4*E(5)^2+1/4*E(5)^3+1/2*E(5)^4: ord(X) equals the target m = 3
      vertex-figure group <S2,X>: neighbour orbit finite: true (size 4), order 12 A4
      Gamma: orbit finite true, |V| = 120, |Gamma| = 7200, orders [ 5, 3, 3 ], relations true, IP true (defect 1), coset f-vector [ 600, 1200, 720, 120 ], directly regular true, geometric f-vector [ 120, 1200, 720, 120 ], stabilisers [ false, true, true, true ], diamond [ 2, 2, 2 ], span 4, 2-face span 4, faithful false, skeletal false
      => REJECTED: abstract polytope but realisation not a faithful skeletal 4-polytope
AU-PASS  row 1 {3,3,3} m=3 k=1 t=1/4*E(5)+1/2*E(5)^2+1/2*E(5)^3+1/4*E(5)^4: A is an orthogonal involution inverting S1 and fixing w
AU-PASS  row 1 {3,3,3} m=3 k=1 t=1/4*E(5)+1/2*E(5)^2+1/2*E(5)^3+1/4*E(5)^4: (S2 X)^2 = (S1 S2 X)^2 = 1, X fixes w and w S1^-1, det X = 1
   row 1 {3,3,3} m=3 k=1 t=1/4*E(5)+1/2*E(5)^2+1/2*E(5)^3+1/4*E(5)^4: alpha ~ -0.6180339887498947, ord(X) = 3, tr(X) = 2
AU-PASS  row 1 {3,3,3} m=3 k=1 t=1/4*E(5)+1/2*E(5)^2+1/2*E(5)^3+1/4*E(5)^4: ord(X) equals the target m = 3
      vertex-figure group <S2,X>: neighbour orbit finite: true (size 4), order 12 A4
      Gamma: orbit finite true, |V| = 120, |Gamma| = 7200, orders [ 5, 3, 3 ], relations true, IP true (defect 1), coset f-vector [ 600, 1200, 720, 120 ], directly regular true, geometric f-vector [ 120, 1200, 720, 120 ], stabilisers [ false, true, true, true ], diamond [ 2, 2, 2 ], span 4, 2-face span 4, faithful false, skeletal false
      => REJECTED: abstract polytope but realisation not a faithful skeletal 4-polytope
AU-PASS  row 1 {3,3,3} m=inf k=- t=infinity: A is an orthogonal involution inverting S1 and fixing w
AU-PASS  row 1 {3,3,3} m=inf k=- t=infinity: (S2 X)^2 = (S1 S2 X)^2 = 1, X fixes w and w S1^-1, det X = 1
   row 1 {3,3,3} m=inf k=- t=infinity: alpha ~ 0., ord(X) = 3, tr(X) = 2
      vertex-figure group <S2,X>: neighbour orbit finite: true (size 4), order 12 A4
      Gamma: orbit finite true, |V| = 5, |Gamma| = 60, orders [ 5, 3, 3 ], relations true, IP false (defect 4), coset f-vector [ 5, 10, 6, 1 ], directly regular false
      => REJECTED: intersection condition fails (defect 4)


############################################################
## AUDIT Level 3, row 2: T = {4,3,3}, dim 4, p = ord(S1) = 8, q = ord(S2) = 3
############################################################
invariant planes of S1: k = [ 1, 3 ], dims [ 2, 2 ]
AU-PASS  {4,3,3}: exactly two invariant planes, each 2-dimensional
AU-PASS  {4,3,3}: rotation angles distinct and non-opposite
AU-PASS  {4,3,3}: neither angle is pi
AU-PASS  {4,3,3}: planes mutually orthogonal
AU-PASS  {4,3,3}: S1 has no fixed vector in the effective 4-space
AU-PASS  {4,3,3}: PETCOX circle avoids the invariant plane k = 1
AU-PASS  {4,3,3}: PETCOX circle avoids the invariant plane k = 3
deg d1 = 2, deg d2 = 2, deg tau = 4
Error, <ns> must be a subset of <R> at /private/var/tmp/sage-10.7-current/local/share/gap/lib/ring.gi:1263 called from
gap exit: 
finished: 2026-09-09T15:59:23Z
